Component: ARM Compiler 5.06 update 7 (build 960) Tool: armlink [4d3601]

==============================================================================

Section Cross References

    startup_stm32f407xx.o(RESET) refers to startup_stm32f407xx.o(STACK) for __initial_sp
    startup_stm32f407xx.o(RESET) refers to startup_stm32f407xx.o(.text) for Reset_Handler
    startup_stm32f407xx.o(RESET) refers to stm32f4xx_it.o(i.NMI_Handler) for NMI_Handler
    startup_stm32f407xx.o(RESET) refers to stm32f4xx_it.o(i.HardFault_Handler) for HardFault_Handler
    startup_stm32f407xx.o(RESET) refers to stm32f4xx_it.o(i.MemManage_Handler) for MemManage_Handler
    startup_stm32f407xx.o(RESET) refers to stm32f4xx_it.o(i.BusFault_Handler) for BusFault_Handler
    startup_stm32f407xx.o(RESET) refers to stm32f4xx_it.o(i.UsageFault_Handler) for UsageFault_Handler
    startup_stm32f407xx.o(RESET) refers to stm32f4xx_it.o(i.SVC_Handler) for SVC_Handler
    startup_stm32f407xx.o(RESET) refers to stm32f4xx_it.o(i.DebugMon_Handler) for DebugMon_Handler
    startup_stm32f407xx.o(RESET) refers to stm32f4xx_it.o(i.PendSV_Handler) for PendSV_Handler
    startup_stm32f407xx.o(RESET) refers to stm32f4xx_it.o(i.SysTick_Handler) for SysTick_Handler
    startup_stm32f407xx.o(RESET) refers to stm32f4xx_it.o(i.DMA1_Stream5_IRQHandler) for DMA1_Stream5_IRQHandler
    startup_stm32f407xx.o(RESET) refers to stm32f4xx_it.o(i.ADC_IRQHandler) for ADC_IRQHandler
    startup_stm32f407xx.o(RESET) refers to stm32f4xx_it.o(i.TIM3_IRQHandler) for TIM3_IRQHandler
    startup_stm32f407xx.o(RESET) refers to stm32f4xx_it.o(i.USART2_IRQHandler) for USART2_IRQHandler
    startup_stm32f407xx.o(RESET) refers to stm32f4xx_it.o(i.DMA2_Stream0_IRQHandler) for DMA2_Stream0_IRQHandler
    startup_stm32f407xx.o(.text) refers to system_stm32f4xx.o(i.SystemInit) for SystemInit
    startup_stm32f407xx.o(.text) refers to entry.o(.ARM.Collect$$$$00000000) for __main
    main.o(i.SystemClock_Config) refers to memseta.o(.text) for __aeabi_memclr4
    main.o(i.SystemClock_Config) refers to stm32f4xx_hal_rcc.o(i.HAL_RCC_OscConfig) for HAL_RCC_OscConfig
    main.o(i.SystemClock_Config) refers to main.o(i.Error_Handler) for Error_Handler
    main.o(i.SystemClock_Config) refers to stm32f4xx_hal_rcc.o(i.HAL_RCC_ClockConfig) for HAL_RCC_ClockConfig
    main.o(i.main) refers to stm32f4xx_hal.o(i.HAL_Init) for HAL_Init
    main.o(i.main) refers to delay.o(i.delay_init) for delay_init
    main.o(i.main) refers to main.o(i.SystemClock_Config) for SystemClock_Config
    main.o(i.main) refers to gpio.o(i.MX_GPIO_Init) for MX_GPIO_Init
    main.o(i.main) refers to dma.o(i.MX_DMA_Init) for MX_DMA_Init
    main.o(i.main) refers to spi.o(i.MX_SPI2_Init) for MX_SPI2_Init
    main.o(i.main) refers to usart.o(i.MX_USART2_UART_Init) for MX_USART2_UART_Init
    main.o(i.main) refers to adc.o(i.MX_ADC1_Init) for MX_ADC1_Init
    main.o(i.main) refers to dac.o(i.MX_DAC_Init) for MX_DAC_Init
    main.o(i.main) refers to tim.o(i.MX_TIM3_Init) for MX_TIM3_Init
    main.o(i.main) refers to tim.o(i.MX_TIM8_Init) for MX_TIM8_Init
    main.o(i.main) refers to lcdapi.o(i.LCD_Init) for LCD_Init
    main.o(i.main) refers to stm32f4xx_hal_adc.o(i.HAL_ADC_Start_DMA) for HAL_ADC_Start_DMA
    main.o(i.main) refers to stm32f4xx_hal_tim.o(i.HAL_TIM_Base_Start) for HAL_TIM_Base_Start
    main.o(i.main) refers to fft.o(i.process_signal) for process_signal
    main.o(i.main) refers to f2d.o(.text) for __aeabi_f2d
    main.o(i.main) refers to printfa.o(i.__0printf) for __2printf
    main.o(i.main) refers to fft.o(.bss) for ADCbuff
    main.o(i.main) refers to adc.o(.bss) for hadc1
    main.o(i.main) refers to tim.o(.bss) for htim3
    main.o(i.main) refers to main.o(.data) for frame_ready
    main.o(i.main) refers to main.o(.conststring) for .conststring
    gpio.o(i.MX_GPIO_Init) refers to memseta.o(.text) for __aeabi_memclr4
    gpio.o(i.MX_GPIO_Init) refers to stm32f4xx_hal_gpio.o(i.HAL_GPIO_WritePin) for HAL_GPIO_WritePin
    gpio.o(i.MX_GPIO_Init) refers to stm32f4xx_hal_gpio.o(i.HAL_GPIO_Init) for HAL_GPIO_Init
    adc.o(i.HAL_ADC_MspDeInit) refers to stm32f4xx_hal_gpio.o(i.HAL_GPIO_DeInit) for HAL_GPIO_DeInit
    adc.o(i.HAL_ADC_MspDeInit) refers to stm32f4xx_hal_dma.o(i.HAL_DMA_DeInit) for HAL_DMA_DeInit
    adc.o(i.HAL_ADC_MspDeInit) refers to stm32f4xx_hal_cortex.o(i.HAL_NVIC_DisableIRQ) for HAL_NVIC_DisableIRQ
    adc.o(i.HAL_ADC_MspInit) refers to memseta.o(.text) for __aeabi_memclr4
    adc.o(i.HAL_ADC_MspInit) refers to stm32f4xx_hal_gpio.o(i.HAL_GPIO_Init) for HAL_GPIO_Init
    adc.o(i.HAL_ADC_MspInit) refers to stm32f4xx_hal_dma.o(i.HAL_DMA_Init) for HAL_DMA_Init
    adc.o(i.HAL_ADC_MspInit) refers to main.o(i.Error_Handler) for Error_Handler
    adc.o(i.HAL_ADC_MspInit) refers to stm32f4xx_hal_cortex.o(i.HAL_NVIC_SetPriority) for HAL_NVIC_SetPriority
    adc.o(i.HAL_ADC_MspInit) refers to stm32f4xx_hal_cortex.o(i.HAL_NVIC_EnableIRQ) for HAL_NVIC_EnableIRQ
[...]
    arm_const_structs.o(.rodata.arm_cfft_sR_q15_len256) refers to arm_common_tables.o(.rodata.twiddleCoef_256_q15) for twiddleCoef_256_q15
    arm_const_structs.o(.rodata.arm_cfft_sR_q15_len256) refers to arm_common_tables.o(.rodata.armBitRevIndexTable_fixed_256) for armBitRevIndexTable_fixed_256
    arm_const_structs.o(.rodata.arm_cfft_sR_q15_len512) refers to arm_common_tables.o(.rodata.twiddleCoef_512_q15) for twiddleCoef_512_q15
    arm_const_structs.o(.rodata.arm_cfft_sR_q15_len512) refers to arm_common_tables.o(.rodata.armBitRevIndexTable_fixed_512) for armBitRevIndexTable_fixed_512
    arm_const_structs.o(.rodata.arm_cfft_sR_q15_len1024) refers to arm_common_tables.o(.rodata.twiddleCoef_1024_q15) for twiddleCoef_1024_q15
    arm_const_structs.o(.rodata.arm_cfft_sR_q15_len1024) refers to arm_common_tables.o(.rodata.armBitRevIndexTable_fixed_1024) for armBitRevIndexTable_fixed_1024
    arm_const_structs.o(.rodata.arm_cfft_sR_q15_len2048) refers to arm_common_tables.o(.rodata.twiddleCoef_2048_q15) for twiddleCoef_2048_q15
    arm_const_structs.o(.rodata.arm_cfft_sR_q15_len2048) refers to arm_common_tables.o(.rodata.armBitRevIndexTable_fixed_2048) for armBitRevIndexTable_fixed_2048
    arm_const_structs.o(.rodata.arm_cfft_sR_q15_len4096) refers to arm_common_tables.o(.rodata.twiddleCoef_4096_q15) for twiddleCoef_4096_q15
    arm_const_structs.o(.rodata.arm_cfft_sR_q15_len4096) refers to arm_common_tables.o(.rodata.armBitRevIndexTable_fixed_4096) for armBitRevIndexTable_fixed_4096
    arm_const_structs.o(.rodata.arm_rfft_fast_sR_f64_len32) refers to arm_common_tables.o(.rodata.twiddleCoefF64_16) for twiddleCoefF64_16
    arm_const_structs.o(.rodata.arm_rfft_fast_sR_f64_len32) refers to arm_common_tables.o(.rodata.armBitRevIndexTableF64_16) for armBitRevIndexTableF64_16
    arm_const_structs.o(.rodata.arm_rfft_fast_sR_f64_len32) refers to arm_common_tables.o(.rodata.twiddleCoefF64_rfft_32) for twiddleCoefF64_rfft_32
    arm_const_structs.o(.rodata.arm_rfft_fast_sR_f64_len64) refers to arm_common_tables.o(.rodata.twiddleCoefF64_32) for twiddleCoefF64_32
    arm_const_structs.o(.rodata.arm_rfft_fast_sR_f64_len64) refers to arm_common_tables.o(.rodata.armBitRevIndexTableF64_32) for armBitRevIndexTableF64_32
    arm_const_structs.o(.rodata.arm_rfft_fast_sR_f64_len64) refers to arm_common_tables.o(.rodata.twiddleCoefF64_rfft_64) for twiddleCoefF64_rfft_64
    arm_const_structs.o(.rodata.arm_rfft_fast_sR_f64_len128) refers to arm_common_tables.o(.rodata.twiddleCoefF64_64) for twiddleCoefF64_64
    arm_const_structs.o(.rodata.arm_rfft_fast_sR_f64_len128) refers to arm_common_tables.o(.rodata.armBitRevIndexTableF64_64) for armBitRevIndexTableF64_64
    arm_const_structs.o(.rodata.arm_rfft_fast_sR_f64_len128) refers to arm_common_tables.o(.rodata.twiddleCoefF64_rfft_128) for twiddleCoefF64_rfft_128
    arm_const_structs.o(.rodata.arm_rfft_fast_sR_f64_len256) refers to arm_common_tables.o(.rodata.twiddleCoefF64_128) for twiddleCoefF64_128
    arm_const_structs.o(.rodata.arm_rfft_fast_sR_f64_len256) refers to arm_common_tables.o(.rodata.armBitRevIndexTableF64_128) for armBitRevIndexTableF64_128
    arm_const_structs.o(.rodata.arm_rfft_fast_sR_f64_len256) refers to arm_common_tables.o(.rodata.twiddleCoefF64_rfft_256) for twiddleCoefF64_rfft_256
    arm_const_structs.o(.rodata.arm_rfft_fast_sR_f64_len512) refers to arm_common_tables.o(.rodata.twiddleCoefF64_256) for twiddleCoefF64_256
    arm_const_structs.o(.rodata.arm_rfft_fast_sR_f64_len512) refers to arm_common_tables.o(.rodata.armBitRevIndexTableF64_256) for armBitRevIndexTableF64_256
    arm_const_structs.o(.rodata.arm_rfft_fast_sR_f64_len512) refers to arm_common_tables.o(.rodata.twiddleCoefF64_rfft_512) for twiddleCoefF64_rfft_512
    arm_const_structs.o(.rodata.arm_rfft_fast_sR_f64_len1024) refers to arm_common_tables.o(.rodata.twiddleCoefF64_512) for twiddleCoefF64_512
    arm_const_structs.o(.rodata.arm_rfft_fast_sR_f64_len1024) refers to arm_common_tables.o(.rodata.armBitRevIndexTableF64_512) for armBitRevIndexTableF64_512
    arm_const_structs.o(.rodata.arm_rfft_fast_sR_f64_len1024) refers to arm_common_tables.o(.rodata.twiddleCoefF64_rfft_1024) for twiddleCoefF64_rfft_1024
    arm_const_structs.o(.rodata.arm_rfft_fast_sR_f64_len2048) refers to arm_common_tables.o(.rodata.twiddleCoefF64_1024) for twiddleCoefF64_1024
    arm_const_structs.o(.rodata.arm_rfft_fast_sR_f64_len2048) refers to arm_common_tables.o(.rodata.armBitRevIndexTableF64_1024) for armBitRevIndexTableF64_1024
    arm_const_structs.o(.rodata.arm_rfft_fast_sR_f64_len2048) refers to arm_common_tables.o(.rodata.twiddleCoefF64_rfft_2048) for twiddleCoefF64_rfft_2048
    arm_const_structs.o(.rodata.arm_rfft_fast_sR_f64_len4096) refers to arm_common_tables.o(.rodata.twiddleCoefF64_2048) for twiddleCoefF64_2048
    arm_const_structs.o(.rodata.arm_rfft_fast_sR_f64_len4096) refers to arm_common_tables.o(.rodata.armBitRevIndexTableF64_2048) for armBitRevIndexTableF64_2048
    arm_const_structs.o(.rodata.arm_rfft_fast_sR_f64_len4096) refers to arm_common_tables.o(.rodata.twiddleCoefF64_rfft_4096) for twiddleCoefF64_rfft_4096
    arm_const_structs.o(.rodata.arm_rfft_fast_sR_f32_len32) refers to arm_common_tables.o(.rodata.twiddleCoef_16) for twiddleCoef_16
    arm_const_structs.o(.rodata.arm_rfft_fast_sR_f32_len32) refers to arm_common_tables.o(.rodata.armBitRevIndexTable16) for armBitRevIndexTable16
    arm_const_structs.o(.rodata.arm_rfft_fast_sR_f32_len32) refers to arm_common_tables.o(.rodata.twiddleCoef_rfft_32) for twiddleCoef_rfft_32
    arm_const_structs.o(.rodata.arm_rfft_fast_sR_f32_len64) refers to arm_common_tables.o(.rodata.twiddleCoef_32) for twiddleCoef_32
    arm_const_structs.o(.rodata.arm_rfft_fast_sR_f32_len64) refers to arm_common_tables.o(.rodata.armBitRevIndexTable32) for armBitRevIndexTable32
    arm_const_structs.o(.rodata.arm_rfft_fast_sR_f32_len64) refers to arm_common_tables.o(.rodata.twiddleCoef_rfft_64) for twiddleCoef_rfft_64
    arm_const_structs.o(.rodata.arm_rfft_fast_sR_f32_len128) refers to arm_common_tables.o(.rodata.twiddleCoef_64) for twiddleCoef_64
    arm_const_structs.o(.rodata.arm_rfft_fast_sR_f32_len128) refers to arm_common_tables.o(.rodata.armBitRevIndexTable64) for armBitRevIndexTable64
    arm_const_structs.o(.rodata.arm_rfft_fast_sR_f32_len128) refers to arm_common_tables.o(.rodata.twiddleCoef_rfft_128) for twiddleCoef_rfft_128
    arm_const_structs.o(.rodata.arm_rfft_fast_sR_f32_len256) refers to arm_common_tables.o(.rodata.twiddleCoef_128) for twiddleCoef_128
    arm_const_structs.o(.rodata.arm_rfft_fast_sR_f32_len256) refers to arm_common_tables.o(.rodata.armBitRevIndexTable128) for armBitRevIndexTable128
    arm_const_structs.o(.rodata.arm_rfft_fast_sR_f32_len256) refers to arm_common_tables.o(.rodata.twiddleCoef_rfft_256) for twiddleCoef_rfft_256
    arm_const_structs.o(.rodata.arm_rfft_fast_sR_f32_len512) refers to arm_common_tables.o(.rodata.twiddleCoef_256) for twiddleCoef_256
    arm_const_structs.o(.rodata.arm_rfft_fast_sR_f32_len512) refers to arm_common_tables.o(.rodata.armBitRevIndexTable256) for armBitRevIndexTable256
    arm_const_structs.o(.rodata.arm_rfft_fast_sR_f32_len512) refers to arm_common_tables.o(.rodata.twiddleCoef_rfft_512) for twiddleCoef_rfft_512
    arm_const_structs.o(.rodata.arm_rfft_fast_sR_f32_len1024) refers to arm_common_tables.o(.rodata.twiddleCoef_512) for twiddleCoef_512
    arm_const_structs.o(.rodata.arm_rfft_fast_sR_f32_len1024) refers to arm_common_tables.o(.rodata.armBitRevIndexTable512) for armBitRevIndexTable512
    arm_const_structs.o(.rodata.arm_rfft_fast_sR_f32_len1024) refers to arm_common_tables.o(.rodata.twiddleCoef_rfft_1024) for twiddleCoef_rfft_1024
    arm_const_structs.o(.rodata.arm_rfft_fast_sR_f32_len2048) refers to arm_common_tables.o(.rodata.twiddleCoef_1024) for twiddleCoef_1024
    arm_const_structs.o(.rodata.arm_rfft_fast_sR_f32_len2048) refers to arm_common_tables.o(.rodata.armBitRevIndexTable1024) for armBitRevIndexTable1024
    arm_const_structs.o(.rodata.arm_rfft_fast_sR_f32_len2048) refers to arm_common_tables.o(.rodata.twiddleCoef_rfft_2048) for twiddleCoef_rfft_2048
    arm_const_structs.o(.rodata.arm_rfft_fast_sR_f32_len4096) refers to arm_common_tables.o(.rodata.twiddleCoef_2048) for twiddleCoef_2048
    arm_const_structs.o(.rodata.arm_rfft_fast_sR_f32_len4096) refers to arm_common_tables.o(.rodata.armBitRevIndexTable2048) for armBitRevIndexTable2048
    arm_const_structs.o(.rodata.arm_rfft_fast_sR_f32_len4096) refers to arm_common_tables.o(.rodata.twiddleCoef_rfft_4096) for twiddleCoef_rfft_4096
    arm_const_structs.o(.rodata.arm_rfft_sR_q31_len32) refers to arm_common_tables.o(.rodata.realCoefAQ31) for realCoefAQ31
    arm_const_structs.o(.rodata.arm_rfft_sR_q31_len32) refers to arm_common_tables.o(.rodata.realCoefBQ31) for realCoefBQ31
    arm_const_structs.o(.rodata.arm_rfft_sR_q31_len32) refers to arm_const_structs.o(.rodata.arm_cfft_sR_q31_len16) for arm_cfft_sR_q31_len16
    arm_const_structs.o(.rodata.arm_rfft_sR_q31_len64) refers to arm_common_tables.o(.rodata.realCoefAQ31) for realCoefAQ31
    arm_const_structs.o(.rodata.arm_rfft_sR_q31_len64) refers to arm_common_tables.o(.rodata.realCoefBQ31) for realCoefBQ31
    arm_const_structs.o(.rodata.arm_rfft_sR_q31_len64) refers to arm_const_structs.o(.rodata.arm_cfft_sR_q31_len32) for arm_cfft_sR_q31_len32
    arm_const_structs.o(.rodata.arm_rfft_sR_q31_len128) refers to arm_common_tables.o(.rodata.realCoefAQ31) for realCoefAQ31
    arm_const_structs.o(.rodata.arm_rfft_sR_q31_len128) refers to arm_common_tables.o(.rodata.realCoefBQ31) for realCoefBQ31
    arm_const_structs.o(.rodata.arm_rfft_sR_q31_len128) refers to arm_const_structs.o(.rodata.arm_cfft_sR_q31_len64) for arm_cfft_sR_q31_len64
    arm_const_structs.o(.rodata.arm_rfft_sR_q31_len256) refers to arm_common_tables.o(.rodata.realCoefAQ31) for realCoefAQ31
    arm_const_structs.o(.rodata.arm_rfft_sR_q31_len256) refers to arm_common_tables.o(.rodata.realCoefBQ31) for realCoefBQ31
    arm_const_structs.o(.rodata.arm_rfft_sR_q31_len256) refers to arm_const_structs.o(.rodata.arm_cfft_sR_q31_len128) for arm_cfft_sR_q31_len128
    arm_const_structs.o(.rodata.arm_rfft_sR_q31_len512) refers to arm_common_tables.o(.rodata.realCoefAQ31) for realCoefAQ31
    arm_const_structs.o(.rodata.arm_rfft_sR_q31_len512) refers to arm_common_tables.o(.rodata.realCoefBQ31) for realCoefBQ31
    arm_const_structs.o(.rodata.arm_rfft_sR_q31_len512) refers to arm_const_structs.o(.rodata.arm_cfft_sR_q31_len256) for arm_cfft_sR_q31_len256
    arm_const_structs.o(.rodata.arm_rfft_sR_q31_len1024) refers to arm_common_tables.o(.rodata.realCoefAQ31) for realCoefAQ31
    arm_const_structs.o(.rodata.arm_rfft_sR_q31_len1024) refers to arm_common_tables.o(.rodata.realCoefBQ31) for realCoefBQ31
    arm_const_structs.o(.rodata.arm_rfft_sR_q31_len1024) refers to arm_const_structs.o(.rodata.arm_cfft_sR_q31_len512) for arm_cfft_sR_q31_len512
    arm_const_structs.o(.rodata.arm_rfft_sR_q31_len2048) refers to arm_common_tables.o(.rodata.realCoefAQ31) for realCoefAQ31
    arm_const_structs.o(.rodata.arm_rfft_sR_q31_len2048) refers to arm_common_tables.o(.rodata.realCoefBQ31) for realCoefBQ31
    arm_const_structs.o(.rodata.arm_rfft_sR_q31_len2048) refers to arm_const_structs.o(.rodata.arm_cfft_sR_q31_len1024) for arm_cfft_sR_q31_len1024
    arm_const_structs.o(.rodata.arm_rfft_sR_q31_len4096) refers to arm_common_tables.o(.rodata.realCoefAQ31) for realCoefAQ31
    arm_const_structs.o(.rodata.arm_rfft_sR_q31_len4096) refers to arm_common_tables.o(.rodata.realCoefBQ31) for realCoefBQ31
    arm_const_structs.o(.rodata.arm_rfft_sR_q31_len4096) refers to arm_const_structs.o(.rodata.arm_cfft_sR_q31_len2048) for arm_cfft_sR_q31_len2048
    arm_const_structs.o(.rodata.arm_rfft_sR_q31_len8192) refers to arm_common_tables.o(.rodata.realCoefAQ31) for realCoefAQ31
    arm_const_structs.o(.rodata.arm_rfft_sR_q31_len8192) refers to arm_common_tables.o(.rodata.realCoefBQ31) for realCoefBQ31
    arm_const_structs.o(.rodata.arm_rfft_sR_q31_len8192) refers to arm_const_structs.o(.rodata.arm_cfft_sR_q31_len4096) for arm_cfft_sR_q31_len4096
    arm_const_structs.o(.rodata.arm_rfft_sR_q15_len32) refers to arm_common_tables.o(.rodata.realCoefAQ15) for realCoefAQ15
    arm_const_structs.o(.rodata.arm_rfft_sR_q15_len32) refers to arm_common_tables.o(.rodata.realCoefBQ15) for realCoefBQ15
    arm_const_structs.o(.rodata.arm_rfft_sR_q15_len32) refers to arm_const_structs.o(.rodata.arm_cfft_sR_q15_len16) for arm_cfft_sR_q15_len16
    arm_const_structs.o(.rodata.arm_rfft_sR_q15_len64) refers to arm_common_tables.o(.rodata.realCoefAQ15) for realCoefAQ15
    arm_const_structs.o(.rodata.arm_rfft_sR_q15_len64) refers to arm_common_tables.o(.rodata.realCoefBQ15) for realCoefBQ15
    arm_const_structs.o(.rodata.arm_rfft_sR_q15_len64) refers to arm_const_structs.o(.rodata.arm_cfft_sR_q15_len32) for arm_cfft_sR_q15_len32
    arm_const_structs.o(.rodata.arm_rfft_sR_q15_len128) refers to arm_common_tables.o(.rodata.realCoefAQ15) for realCoefAQ15
    arm_const_structs.o(.rodata.arm_rfft_sR_q15_len128) refers to arm_common_tables.o(.rodata.realCoefBQ15) for realCoefBQ15
    arm_const_structs.o(.rodata.arm_rfft_sR_q15_len128) refers to arm_const_structs.o(.rodata.arm_cfft_sR_q15_len64) for arm_cfft_sR_q15_len64
    arm_const_structs.o(.rodata.arm_rfft_sR_q15_len256) refers to arm_common_tables.o(.rodata.realCoefAQ15) for realCoefAQ15
    arm_const_structs.o(.rodata.arm_rfft_sR_q15_len256) refers to arm_common_tables.o(.rodata.realCoefBQ15) for realCoefBQ15
    arm_const_structs.o(.rodata.arm_rfft_sR_q15_len256) refers to arm_const_structs.o(.rodata.arm_cfft_sR_q15_len128) for arm_cfft_sR_q15_len128
    arm_const_structs.o(.rodata.arm_rfft_sR_q15_len512) refers to arm_common_tables.o(.rodata.realCoefAQ15) for realCoefAQ15
    arm_const_structs.o(.rodata.arm_rfft_sR_q15_len512) refers to arm_common_tables.o(.rodata.realCoefBQ15) for realCoefBQ15
    arm_const_structs.o(.rodata.arm_rfft_sR_q15_len512) refers to arm_const_structs.o(.rodata.arm_cfft_sR_q15_len256) for arm_cfft_sR_q15_len256
    arm_const_structs.o(.rodata.arm_rfft_sR_q15_len1024) refers to arm_common_tables.o(.rodata.realCoefAQ15) for realCoefAQ15
    arm_const_structs.o(.rodata.arm_rfft_sR_q15_len1024) refers to arm_common_tables.o(.rodata.realCoefBQ15) for realCoefBQ15
    arm_const_structs.o(.rodata.arm_rfft_sR_q15_len1024) refers to arm_const_structs.o(.rodata.arm_cfft_sR_q15_len512) for arm_cfft_sR_q15_len512
    arm_const_structs.o(.rodata.arm_rfft_sR_q15_len2048) refers to arm_common_tables.o(.rodata.realCoefAQ15) for realCoefAQ15
    arm_const_structs.o(.rodata.arm_rfft_sR_q15_len2048) refers to arm_common_tables.o(.rodata.realCoefBQ15) for realCoefBQ15
    arm_const_structs.o(.rodata.arm_rfft_sR_q15_len2048) refers to arm_const_structs.o(.rodata.arm_cfft_sR_q15_len1024) for arm_cfft_sR_q15_len1024
    arm_const_structs.o(.rodata.arm_rfft_sR_q15_len4096) refers to arm_common_tables.o(.rodata.realCoefAQ15) for realCoefAQ15
    arm_const_structs.o(.rodata.arm_rfft_sR_q15_len4096) refers to arm_common_tables.o(.rodata.realCoefBQ15) for realCoefBQ15
    arm_const_structs.o(.rodata.arm_rfft_sR_q15_len4096) refers to arm_const_structs.o(.rodata.arm_cfft_sR_q15_len2048) for arm_cfft_sR_q15_len2048
    arm_const_structs.o(.rodata.arm_rfft_sR_q15_len8192) refers to arm_common_tables.o(.rodata.realCoefAQ15) for realCoefAQ15
    arm_const_structs.o(.rodata.arm_rfft_sR_q15_len8192) refers to arm_common_tables.o(.rodata.realCoefBQ15) for realCoefBQ15
    arm_const_structs.o(.rodata.arm_rfft_sR_q15_len8192) refers to arm_const_structs.o(.rodata.arm_cfft_sR_q15_len4096) for arm_cfft_sR_q15_len4096
    sqrtf.o(i.__hardfp_sqrtf) refers (Special) to iusefp.o(.text) for __I$use$fp
    sqrtf.o(i.__hardfp_sqrtf) refers to errno.o(i.__set_errno) for __set_errno
    sqrtf.o(i.__softfp_sqrtf) refers (Special) to iusefp.o(.text) for __I$use$fp
    sqrtf.o(i.__softfp_sqrtf) refers to errno.o(i.__set_errno) for __set_errno
    sqrtf.o(i.sqrtf) refers (Special) to iusefp.o(.text) for __I$use$fp
    sqrtf.o(i.sqrtf) refers to errno.o(i.__set_errno) for __set_errno
    sqrtf_x.o(i.____hardfp_sqrtf$lsc) refers (Special) to iusefp.o(.text) for __I$use$fp
    sqrtf_x.o(i.____hardfp_sqrtf$lsc) refers to errno.o(i.__set_errno) for __set_errno
    sqrtf_x.o(i.____softfp_sqrtf$lsc) refers (Special) to iusefp.o(.text) for __I$use$fp
    sqrtf_x.o(i.____softfp_sqrtf$lsc) refers to errno.o(i.__set_errno) for __set_errno
    sqrtf_x.o(i.__sqrtf$lsc) refers (Special) to iusefp.o(.text) for __I$use$fp
    sqrtf_x.o(i.__sqrtf$lsc) refers to errno.o(i.__set_errno) for __set_errno
    entry.o(.ARM.Collect$$$$00000000) refers (Special) to entry10a.o(.ARM.Collect$$$$0000000F) for __rt_final_cpp
    entry.o(.ARM.Collect$$$$00000000) refers (Special) to entry11a.o(.ARM.Collect$$$$00000011) for __rt_final_exit
    entry.o(.ARM.Collect$$$$00000000) refers (Special) to entry12b.o(.ARM.Collect$$$$0000000E) for __rt_lib_shutdown_fini
    entry.o(.ARM.Collect$$$$00000000) refers (Special) to entry7b.o(.ARM.Collect$$$$00000008) for _main_clock
    entry.o(.ARM.Collect$$$$00000000) refers (Special) to entry8b.o(.ARM.Collect$$$$0000000A) for _main_cpp_init
    entry.o(.ARM.Collect$$$$00000000) refers (Special) to entry9a.o(.ARM.Collect$$$$0000000B) for _main_init
    entry.o(.ARM.Collect$$$$00000000) refers (Special) to entry5.o(.ARM.Collect$$$$00000004) for _main_scatterload
    entry.o(.ARM.Collect$$$$00000000) refers (Special) to entry2.o(.ARM.Collect$$$$00000001) for _main_stk
    uldiv.o(.text) refers to llushr.o(.text) for __aeabi_llsr
    uldiv.o(.text) refers to llshl.o(.text) for __aeabi_llsl
    printfb.o(i.__0fprintf$bare) refers to printfb.o(i._printf_core) for _printf_core
    printfb.o(i.__0fprintf$bare) refers to usart.o(i.fputc) for fputc
    printfb.o(i.__0printf$bare) refers to printfb.o(i._printf_core) for _printf_core
    printfb.o(i.__0printf$bare) refers to usart.o(i.fputc) for fputc
    printfb.o(i.__0printf$bare) refers to stdout.o(.data) for __stdout
    printfb.o(i.__0snprintf$bare) refers to printfb.o(i._printf_core) for _printf_core
    printfb.o(i.__0snprintf$bare) refers to printfb.o(i._snputc) for _snputc
    printfb.o(i.__0sprintf$bare) refers to printfb.o(i._printf_core) for _printf_core
    printfb.o(i.__0sprintf$bare) refers to printfb.o(i._sputc) for _sputc
    printfb.o(i.__0vfprintf$bare) refers to printfb.o(i._printf_core) for _printf_core
    printfb.o(i.__0vfprintf$bare) refers to usart.o(i.fputc) for fputc
    printfb.o(i.__0vprintf$bare) refers to printfb.o(i._printf_core) for _printf_core
    printfb.o(i.__0vprintf$bare) refers to usart.o(i.fputc) for fputc
    printfb.o(i.__0vprintf$bare) refers to stdout.o(.data) for __stdout
    printfb.o(i.__0vsnprintf$bare) refers to printfb.o(i._printf_core) for _printf_core
    printfb.o(i.__0vsnprintf$bare) refers to printfb.o(i._snputc) for _snputc
    printfb.o(i.__0vsprintf$bare) refers to printfb.o(i._printf_core) for _printf_core
    printfb.o(i.__0vsprintf$bare) refers to printfb.o(i._sputc) for _sputc
    printf0.o(i.__0fprintf$0) refers to printf0.o(i._printf_core) for _printf_core
    printf0.o(i.__0fprintf$0) refers to usart.o(i.fputc) for fputc
    printf0.o(i.__0printf$0) refers to printf0.o(i._printf_core) for _printf_core
    printf0.o(i.__0printf$0) refers to usart.o(i.fputc) for fputc
    printf0.o(i.__0printf$0) refers to stdout.o(.data) for __stdout
    printf0.o(i.__0snprintf$0) refers to printf0.o(i._printf_core) for _printf_core
    printf0.o(i.__0snprintf$0) refers to printf0.o(i._snputc) for _snputc
    printf0.o(i.__0sprintf$0) refers to printf0.o(i._printf_core) for _printf_core
    printf0.o(i.__0sprintf$0) refers to printf0.o(i._sputc) for _sputc
    printf0.o(i.__0vfprintf$0) refers to printf0.o(i._printf_core) for _printf_core
    printf0.o(i.__0vfprintf$0) refers to usart.o(i.fputc) for fputc
    printf0.o(i.__0vprintf$0) refers to printf0.o(i._printf_core) for _printf_core
    printf0.o(i.__0vprintf$0) refers to usart.o(i.fputc) for fputc
    printf0.o(i.__0vprintf$0) refers to stdout.o(.data) for __stdout
    printf0.o(i.__0vsnprintf$0) refers to printf0.o(i._printf_core) for _printf_core
    printf0.o(i.__0vsnprintf$0) refers to printf0.o(i._snputc) for _snputc
    printf0.o(i.__0vsprintf$0) refers to printf0.o(i._printf_core) for _printf_core
    printf0.o(i.__0vsprintf$0) refers to printf0.o(i._sputc) for _sputc
    printf1.o(i.__0fprintf$1) refers to printf1.o(i._printf_core) for _printf_core
    printf1.o(i.__0fprintf$1) refers to usart.o(i.fputc) for fputc
    printf1.o(i.__0printf$1) refers to printf1.o(i._printf_core) for _printf_core
    printf1.o(i.__0printf$1) refers to usart.o(i.fputc) for fputc
    printf1.o(i.__0printf$1) refers to stdout.o(.data) for __stdout
    printf1.o(i.__0snprintf$1) refers to printf1.o(i._printf_core) for _printf_core
    printf1.o(i.__0snprintf$1) refers to printf1.o(i._snputc) for _snputc
    printf1.o(i.__0sprintf$1) refers to printf1.o(i._printf_core) for _printf_core
    printf1.o(i.__0sprintf$1) refers to printf1.o(i._sputc) for _sputc
    printf1.o(i.__0vfprintf$1) refers to printf1.o(i._printf_core) for _printf_core
    printf1.o(i.__0vfprintf$1) refers to usart.o(i.fputc) for fputc
    printf1.o(i.__0vprintf$1) refers to printf1.o(i._printf_core) for _printf_core
    printf1.o(i.__0vprintf$1) refers to usart.o(i.fputc) for fputc
    printf1.o(i.__0vprintf$1) refers to stdout.o(.data) for __stdout
    printf1.o(i.__0vsnprintf$1) refers to printf1.o(i._printf_core) for _printf_core
    printf1.o(i.__0vsnprintf$1) refers to printf1.o(i._snputc) for _snputc
    printf1.o(i.__0vsprintf$1) refers to printf1.o(i._printf_core) for _printf_core
    printf1.o(i.__0vsprintf$1) refers to printf1.o(i._sputc) for _sputc
    printf1.o(i._printf_core) refers to uidiv.o(.text) for __aeabi_uidivmod
    printf2.o(i.__0fprintf$2) refers to printf2.o(i._printf_core) for _printf_core
    printf2.o(i.__0fprintf$2) refers to usart.o(i.fputc) for fputc
    printf2.o(i.__0printf$2) refers to printf2.o(i._printf_core) for _printf_core
    printf2.o(i.__0printf$2) refers to usart.o(i.fputc) for fputc
    printf2.o(i.__0printf$2) refers to stdout.o(.data) for __stdout
    printf2.o(i.__0snprintf$2) refers to printf2.o(i._printf_core) for _printf_core
    printf2.o(i.__0snprintf$2) refers to printf2.o(i._snputc) for _snputc
    printf2.o(i.__0sprintf$2) refers to printf2.o(i._printf_core) for _printf_core
    printf2.o(i.__0sprintf$2) refers to printf2.o(i._sputc) for _sputc
    printf2.o(i.__0vfprintf$2) refers to printf2.o(i._printf_core) for _printf_core
    printf2.o(i.__0vfprintf$2) refers to usart.o(i.fputc) for fputc
    printf2.o(i.__0vprintf$2) refers to printf2.o(i._printf_core) for _printf_core
    printf2.o(i.__0vprintf$2) refers to usart.o(i.fputc) for fputc
    printf2.o(i.__0vprintf$2) refers to stdout.o(.data) for __stdout
    printf2.o(i.__0vsnprintf$2) refers to printf2.o(i._printf_core) for _printf_core
    printf2.o(i.__0vsnprintf$2) refers to printf2.o(i._snputc) for _snputc
    printf2.o(i.__0vsprintf$2) refers to printf2.o(i._printf_core) for _printf_core
    printf2.o(i.__0vsprintf$2) refers to printf2.o(i._sputc) for _sputc
    printf3.o(i.__0fprintf$3) refers to printf3.o(i._printf_core) for _printf_core
    printf3.o(i.__0fprintf$3) refers to usart.o(i.fputc) for fputc
    printf3.o(i.__0printf$3) refers to printf3.o(i._printf_core) for _printf_core
    printf3.o(i.__0printf$3) refers to usart.o(i.fputc) for fputc
    printf3.o(i.__0printf$3) refers to stdout.o(.data) for __stdout
    printf3.o(i.__0snprintf$3) refers to printf3.o(i._printf_core) for _printf_core
    printf3.o(i.__0snprintf$3) refers to printf3.o(i._snputc) for _snputc
    printf3.o(i.__0sprintf$3) refers to printf3.o(i._printf_core) for _printf_core
    printf3.o(i.__0sprintf$3) refers to printf3.o(i._sputc) for _sputc
    printf3.o(i.__0vfprintf$3) refers to printf3.o(i._printf_core) for _printf_core
    printf3.o(i.__0vfprintf$3) refers to usart.o(i.fputc) for fputc
    printf3.o(i.__0vprintf$3) refers to printf3.o(i._printf_core) for _printf_core
    printf3.o(i.__0vprintf$3) refers to usart.o(i.fputc) for fputc
    printf3.o(i.__0vprintf$3) refers to stdout.o(.data) for __stdout
    printf3.o(i.__0vsnprintf$3) refers to printf3.o(i._printf_core) for _printf_core
    printf3.o(i.__0vsnprintf$3) refers to printf3.o(i._snputc) for _snputc
    printf3.o(i.__0vsprintf$3) refers to printf3.o(i._printf_core) for _printf_core
    printf3.o(i.__0vsprintf$3) refers to printf3.o(i._sputc) for _sputc
    printf3.o(i._printf_core) refers to uidiv.o(.text) for __aeabi_uidivmod
    printf4.o(i.__0fprintf$4) refers to printf4.o(i._printf_core) for _printf_core
    printf4.o(i.__0fprintf$4) refers to usart.o(i.fputc) for fputc
    printf4.o(i.__0printf$4) refers to printf4.o(i._printf_core) for _printf_core
    printf4.o(i.__0printf$4) refers to usart.o(i.fputc) for fputc
    printf4.o(i.__0printf$4) refers to stdout.o(.data) for __stdout
    printf4.o(i.__0snprintf$4) refers to printf4.o(i._printf_core) for _printf_core
    printf4.o(i.__0snprintf$4) refers to printf4.o(i._snputc) for _snputc
    printf4.o(i.__0sprintf$4) refers to printf4.o(i._printf_core) for _printf_core
    printf4.o(i.__0sprintf$4) refers to printf4.o(i._sputc) for _sputc
    printf4.o(i.__0vfprintf$4) refers to printf4.o(i._printf_core) for _printf_core
    printf4.o(i.__0vfprintf$4) refers to usart.o(i.fputc) for fputc
    printf4.o(i.__0vprintf$4) refers to printf4.o(i._printf_core) for _printf_core
    printf4.o(i.__0vprintf$4) refers to usart.o(i.fputc) for fputc
    printf4.o(i.__0vprintf$4) refers to stdout.o(.data) for __stdout
    printf4.o(i.__0vsnprintf$4) refers to printf4.o(i._printf_core) for _printf_core
    printf4.o(i.__0vsnprintf$4) refers to printf4.o(i._snputc) for _snputc
    printf4.o(i.__0vsprintf$4) refers to printf4.o(i._printf_core) for _printf_core
    printf4.o(i.__0vsprintf$4) refers to printf4.o(i._sputc) for _sputc
    printf4.o(i._printf_core) refers to uldiv.o(.text) for __aeabi_uldivmod
    printf5.o(i.__0fprintf$5) refers to printf5.o(i._printf_core) for _printf_core
    printf5.o(i.__0fprintf$5) refers to usart.o(i.fputc) for fputc
    printf5.o(i.__0printf$5) refers to printf5.o(i._printf_core) for _printf_core
    printf5.o(i.__0printf$5) refers to usart.o(i.fputc) for fputc
    printf5.o(i.__0printf$5) refers to stdout.o(.data) for __stdout
    printf5.o(i.__0snprintf$5) refers to printf5.o(i._printf_core) for _printf_core
    printf5.o(i.__0snprintf$5) refers to printf5.o(i._snputc) for _snputc
    printf5.o(i.__0sprintf$5) refers to printf5.o(i._printf_core) for _printf_core
    printf5.o(i.__0sprintf$5) refers to printf5.o(i._sputc) for _sputc
    printf5.o(i.__0vfprintf$5) refers to printf5.o(i._printf_core) for _printf_core
    printf5.o(i.__0vfprintf$5) refers to usart.o(i.fputc) for fputc
    printf5.o(i.__0vprintf$5) refers to printf5.o(i._printf_core) for _printf_core
    printf5.o(i.__0vprintf$5) refers to usart.o(i.fputc) for fputc
    printf5.o(i.__0vprintf$5) refers to stdout.o(.data) for __stdout
    printf5.o(i.__0vsnprintf$5) refers to printf5.o(i._printf_core) for _printf_core
    printf5.o(i.__0vsnprintf$5) refers to printf5.o(i._snputc) for _snputc
    printf5.o(i.__0vsprintf$5) refers to printf5.o(i._printf_core) for _printf_core
    printf5.o(i.__0vsprintf$5) refers to printf5.o(i._sputc) for _sputc
    printf5.o(i._printf_core) refers to uldiv.o(.text) for __aeabi_uldivmod
    printf6.o(i.__0fprintf$6) refers to printf6.o(i._printf_core) for _printf_core
    printf6.o(i.__0fprintf$6) refers to usart.o(i.fputc) for fputc
    printf6.o(i.__0printf$6) refers to printf6.o(i._printf_core) for _printf_core
    printf6.o(i.__0printf$6) refers to usart.o(i.fputc) for fputc
    printf6.o(i.__0printf$6) refers to stdout.o(.data) for __stdout
    printf6.o(i.__0snprintf$6) refers to printf6.o(i._printf_core) for _printf_core
    printf6.o(i.__0snprintf$6) refers to printf6.o(i._snputc) for _snputc
    printf6.o(i.__0sprintf$6) refers to printf6.o(i._printf_core) for _printf_core
    printf6.o(i.__0sprintf$6) refers to printf6.o(i._sputc) for _sputc
    printf6.o(i.__0vfprintf$6) refers to printf6.o(i._printf_core) for _printf_core
    printf6.o(i.__0vfprintf$6) refers to usart.o(i.fputc) for fputc
    printf6.o(i.__0vprintf$6) refers to printf6.o(i._printf_core) for _printf_core
    printf6.o(i.__0vprintf$6) refers to usart.o(i.fputc) for fputc
    printf6.o(i.__0vprintf$6) refers to stdout.o(.data) for __stdout
    printf6.o(i.__0vsnprintf$6) refers to printf6.o(i._printf_core) for _printf_core
    printf6.o(i.__0vsnprintf$6) refers to printf6.o(i._snputc) for _snputc
    printf6.o(i.__0vsprintf$6) refers to printf6.o(i._printf_core) for _printf_core
    printf6.o(i.__0vsprintf$6) refers to printf6.o(i._sputc) for _sputc
    printf6.o(i._printf_core) refers to printf6.o(i._printf_pre_padding) for _printf_pre_padding
    printf6.o(i._printf_core) refers to uidiv.o(.text) for __aeabi_uidivmod
    printf6.o(i._printf_core) refers to printf6.o(i._printf_post_padding) for _printf_post_padding
    printf7.o(i.__0fprintf$7) refers to printf7.o(i._printf_core) for _printf_core
    printf7.o(i.__0fprintf$7) refers to usart.o(i.fputc) for fputc
    printf7.o(i.__0printf$7) refers to printf7.o(i._printf_core) for _printf_core
    printf7.o(i.__0printf$7) refers to usart.o(i.fputc) for fputc
    printf7.o(i.__0printf$7) refers to stdout.o(.data) for __stdout
    printf7.o(i.__0snprintf$7) refers to printf7.o(i._printf_core) for _printf_core
    printf7.o(i.__0snprintf$7) refers to printf7.o(i._snputc) for _snputc
    printf7.o(i.__0sprintf$7) refers to printf7.o(i._printf_core) for _printf_core
    printf7.o(i.__0sprintf$7) refers to printf7.o(i._sputc) for _sputc
    printf7.o(i.__0vfprintf$7) refers to printf7.o(i._printf_core) for _printf_core
    printf7.o(i.__0vfprintf$7) refers to usart.o(i.fputc) for fputc
    printf7.o(i.__0vprintf$7) refers to printf7.o(i._printf_core) for _printf_core
    printf7.o(i.__0vprintf$7) refers to usart.o(i.fputc) for fputc
    printf7.o(i.__0vprintf$7) refers to stdout.o(.data) for __stdout
    printf7.o(i.__0vsnprintf$7) refers to printf7.o(i._printf_core) for _printf_core
    printf7.o(i.__0vsnprintf$7) refers to printf7.o(i._snputc) for _snputc
    printf7.o(i.__0vsprintf$7) refers to printf7.o(i._printf_core) for _printf_core
    printf7.o(i.__0vsprintf$7) refers to printf7.o(i._sputc) for _sputc
    printf7.o(i._printf_core) refers to printf7.o(i._printf_pre_padding) for _printf_pre_padding
    printf7.o(i._printf_core) refers to uldiv.o(.text) for __aeabi_uldivmod
    printf7.o(i._printf_core) refers to printf7.o(i._printf_post_padding) for _printf_post_padding
    printf8.o(i.__0fprintf$8) refers to printf8.o(i._printf_core) for _printf_core
    printf8.o(i.__0fprintf$8) refers to usart.o(i.fputc) for fputc
    printf8.o(i.__0printf$8) refers to printf8.o(i._printf_core) for _printf_core
    printf8.o(i.__0printf$8) refers to usart.o(i.fputc) for fputc
    printf8.o(i.__0printf$8) refers to stdout.o(.data) for __stdout
    printf8.o(i.__0snprintf$8) refers to printf8.o(i._printf_core) for _printf_core
    printf8.o(i.__0snprintf$8) refers to printf8.o(i._snputc) for _snputc
    printf8.o(i.__0sprintf$8) refers to printf8.o(i._printf_core) for _printf_core
    printf8.o(i.__0sprintf$8) refers to printf8.o(i._sputc) for _sputc
    printf8.o(i.__0vfprintf$8) refers to printf8.o(i._printf_core) for _printf_core
    printf8.o(i.__0vfprintf$8) refers to usart.o(i.fputc) for fputc
    printf8.o(i.__0vprintf$8) refers to printf8.o(i._printf_core) for _printf_core
    printf8.o(i.__0vprintf$8) refers to usart.o(i.fputc) for fputc
    printf8.o(i.__0vprintf$8) refers to stdout.o(.data) for __stdout
    printf8.o(i.__0vsnprintf$8) refers to printf8.o(i._printf_core) for _printf_core
    printf8.o(i.__0vsnprintf$8) refers to printf8.o(i._snputc) for _snputc
    printf8.o(i.__0vsprintf$8) refers to printf8.o(i._printf_core) for _printf_core
    printf8.o(i.__0vsprintf$8) refers to printf8.o(i._sputc) for _sputc
    printf8.o(i._printf_core) refers to printf8.o(i._printf_pre_padding) for _printf_pre_padding
    printf8.o(i._printf_core) refers to uldiv.o(.text) for __aeabi_uldivmod
    printf8.o(i._printf_core) refers to printf8.o(i._printf_post_padding) for _printf_post_padding
    printfa.o(i.__0fprintf) refers (Special) to iusefp.o(.text) for __I$use$fp
    printfa.o(i.__0fprintf) refers to printfa.o(i._printf_core) for _printf_core
    printfa.o(i.__0fprintf) refers to usart.o(i.fputc) for fputc
    printfa.o(i.__0printf) refers (Special) to iusefp.o(.text) for __I$use$fp
    printfa.o(i.__0printf) refers to printfa.o(i._printf_core) for _printf_core
    printfa.o(i.__0printf) refers to usart.o(i.fputc) for fputc
    printfa.o(i.__0printf) refers to stdout.o(.data) for __stdout
    printfa.o(i.__0snprintf) refers (Special) to iusefp.o(.text) for __I$use$fp
    printfa.o(i.__0snprintf) refers to printfa.o(i._printf_core) for _printf_core
    printfa.o(i.__0snprintf) refers to printfa.o(i._snputc) for _snputc
    printfa.o(i.__0sprintf) refers (Special) to iusefp.o(.text) for __I$use$fp
    printfa.o(i.__0sprintf) refers to printfa.o(i._printf_core) for _printf_core
    printfa.o(i.__0sprintf) refers to printfa.o(i._sputc) for _sputc
    printfa.o(i.__0vfprintf) refers (Special) to iusefp.o(.text) for __I$use$fp
    printfa.o(i.__0vfprintf) refers to printfa.o(i._printf_core) for _printf_core
    printfa.o(i.__0vfprintf) refers to usart.o(i.fputc) for fputc
    printfa.o(i.__0vprintf) refers (Special) to iusefp.o(.text) for __I$use$fp
    printfa.o(i.__0vprintf) refers to printfa.o(i._printf_core) for _printf_core
    printfa.o(i.__0vprintf) refers to usart.o(i.fputc) for fputc
    printfa.o(i.__0vprintf) refers to stdout.o(.data) for __stdout
    printfa.o(i.__0vsnprintf) refers (Special) to iusefp.o(.text) for __I$use$fp
    printfa.o(i.__0vsnprintf) refers to printfa.o(i._printf_core) for _printf_core
    printfa.o(i.__0vsnprintf) refers to printfa.o(i._snputc) for _snputc
    printfa.o(i.__0vsprintf) refers (Special) to iusefp.o(.text) for __I$use$fp
    printfa.o(i.__0vsprintf) refers to printfa.o(i._printf_core) for _printf_core
    printfa.o(i.__0vsprintf) refers to printfa.o(i._sputc) for _sputc
    printfa.o(i._fp_digits) refers (Special) to iusefp.o(.text) for __I$use$fp
    printfa.o(i._fp_digits) refers to dmul.o(.text) for __aeabi_dmul
    printfa.o(i._fp_digits) refers to ddiv.o(.text) for __aeabi_ddiv
    printfa.o(i._fp_digits) refers to cdrcmple.o(.text) for __aeabi_cdrcmple
    printfa.o(i._fp_digits) refers to dadd.o(.text) for __aeabi_dadd
    printfa.o(i._fp_digits) refers to dfixul.o(.text) for __aeabi_d2ulz
    printfa.o(i._fp_digits) refers to uldiv.o(.text) for __aeabi_uldivmod
    printfa.o(i._printf_core) refers (Special) to iusefp.o(.text) for __I$use$fp
    printfa.o(i._printf_core) refers to printfa.o(i._printf_pre_padding) for _printf_pre_padding
    printfa.o(i._printf_core) refers to uldiv.o(.text) for __aeabi_uldivmod
    printfa.o(i._printf_core) refers to printfa.o(i._printf_post_padding) for _printf_post_padding
    printfa.o(i._printf_core) refers to printfa.o(i._fp_digits) for _fp_digits
    printfa.o(i._printf_core) refers to uidiv.o(.text) for __aeabi_uidivmod
    printfa.o(i._printf_post_padding) refers (Special) to iusefp.o(.text) for __I$use$fp
    printfa.o(i._printf_pre_padding) refers (Special) to iusefp.o(.text) for __I$use$fp
    printfa.o(i._snputc) refers (Special) to iusefp.o(.text) for __I$use$fp
    printfa.o(i._sputc) refers (Special) to iusefp.o(.text) for __I$use$fp
    malloc.o(i.free) refers to mvars.o(.data) for __microlib_freelist
    malloc.o(i.malloc) refers to mvars.o(.data) for __microlib_freelist_initialised
    malloc.o(i.malloc) refers to mvars.o(.data) for __microlib_freelist
    malloc.o(i.malloc) refers to startup_stm32f407xx.o(HEAP) for __heap_base
    mallocr.o(i.__free$realloc) refers to mvars.o(.data) for __microlib_freelist
    mallocr.o(i.__malloc$realloc) refers to mallocr.o(i.internal_alloc) for internal_alloc
    mallocr.o(i.__malloc$realloc) refers to mvars.o(.data) for __microlib_freelist_initialised
    mallocr.o(i.__malloc$realloc) refers to startup_stm32f407xx.o(HEAP) for __heap_base
    mallocr.o(i.__malloc$realloc) refers to mvars.o(.data) for __microlib_freelist
    mallocr.o(i.internal_alloc) refers to memcpya.o(.text) for __aeabi_memcpy
    mallocr.o(i.internal_alloc) refers to mvars.o(.data) for __microlib_freelist
    mallocr.o(i.realloc) refers to mallocr.o(i.__free$realloc) for __free$realloc
    mallocr.o(i.realloc) refers to mallocr.o(i.internal_alloc) for internal_alloc
    mallocr.o(i.realloc) refers to mallocr.o(i.__malloc$realloc) for __malloc$realloc
    mallocr.o(i.realloc) refers to mvars.o(.data) for __microlib_freelist
    malloca.o(i.__aligned_malloc) refers to mvars.o(.data) for __microlib_freelist_initialised
    malloca.o(i.__aligned_malloc) refers to mvars.o(.data) for __microlib_freelist
    malloca.o(i.__aligned_malloc) refers to startup_stm32f407xx.o(HEAP) for __heap_base
    malloca.o(i.__free$memalign) refers to mvars.o(.data) for __microlib_freelist
    malloca.o(i.__malloc$memalign) refers to malloca.o(i.__aligned_malloc) for __aligned_malloc
    mallocra.o(i.__aligned_malloc$realloc) refers to mallocra.o(i.internal_alloc) for internal_alloc
    mallocra.o(i.__aligned_malloc$realloc) refers to mvars.o(.data) for __microlib_freelist_initialised
    mallocra.o(i.__aligned_malloc$realloc) refers to startup_stm32f407xx.o(HEAP) for __heap_base
    mallocra.o(i.__aligned_malloc$realloc) refers to mvars.o(.data) for __microlib_freelist
    mallocra.o(i.__free$realloc$memalign) refers to mvars.o(.data) for __microlib_freelist
    mallocra.o(i.__malloc$realloc$memalign) refers to mallocra.o(i.__aligned_malloc$realloc) for __aligned_malloc$realloc
    mallocra.o(i.__realloc$memalign) refers to mallocra.o(i.__free$realloc$memalign) for __free$realloc$memalign
    mallocra.o(i.__realloc$memalign) refers to mallocra.o(i.internal_alloc) for internal_alloc
    mallocra.o(i.__realloc$memalign) refers to mallocra.o(i.__malloc$realloc$memalign) for __malloc$realloc$memalign
    mallocra.o(i.__realloc$memalign) refers to mvars.o(.data) for __microlib_freelist
    mallocra.o(i.internal_alloc) refers to memcpya.o(.text) for __aeabi_memcpy
    mallocra.o(i.internal_alloc) refers to mvars.o(.data) for __microlib_freelist
    dadd.o(.text) refers (Special) to iusefp.o(.text) for __I$use$fp
    dadd.o(.text) refers to llshl.o(.text) for __aeabi_llsl
    dadd.o(.text) refers to llsshr.o(.text) for __aeabi_lasr
    dadd.o(.text) refers to depilogue.o(.text) for _double_epilogue
    dmul.o(.text) refers (Special) to iusefp.o(.text) for __I$use$fp
    dmul.o(.text) refers to depilogue.o(.text) for _double_epilogue
    dfltui.o(.text) refers (Special) to iusefp.o(.text) for __I$use$fp
    dfltui.o(.text) refers to depilogue.o(.text) for _double_epilogue
    dfixi.o(.text) refers (Special) to iusefp.o(.text) for __I$use$fp
    dfixi.o(.text) refers to llushr.o(.text) for __aeabi_llsr
    f2d.o(.text) refers (Special) to iusefp.o(.text) for __I$use$fp
    entry2.o(.ARM.Collect$$$$00000001) refers to entry2.o(.ARM.Collect$$$$00002712) for __lit__00000000
    entry2.o(.ARM.Collect$$$$00002712) refers to startup_stm32f407xx.o(STACK) for __initial_sp
    entry2.o(__vectab_stack_and_reset_area) refers to startup_stm32f407xx.o(STACK) for __initial_sp
    entry2.o(__vectab_stack_and_reset_area) refers to entry.o(.ARM.Collect$$$$00000000) for __main
    entry5.o(.ARM.Collect$$$$00000004) refers to init.o(.text) for __scatterload
    entry9a.o(.ARM.Collect$$$$0000000B) refers to main.o(i.main) for main
    entry9b.o(.ARM.Collect$$$$0000000C) refers to main.o(i.main) for main
    errno.o(i.__aeabi_errno_addr) refers to errno.o(.data) for .data
    errno.o(i.__read_errno) refers to errno.o(.data) for .data
    errno.o(i.__set_errno) refers to errno.o(.data) for .data
    depilogue.o(.text) refers to llshl.o(.text) for __aeabi_llsl
    depilogue.o(.text) refers to llushr.o(.text) for __aeabi_llsr
    ddiv.o(.text) refers to depilogue.o(.text) for _double_round
    dfixul.o(.text) refers to llushr.o(.text) for __aeabi_llsr
    dfixul.o(.text) refers to llshl.o(.text) for __aeabi_llsl
    init.o(.text) refers to entry5.o(.ARM.Collect$$$$00000004) for __main_after_scatterload


==============================================================================

Removing Unused input sections from the image.

    Removing main.o(.rev16_text), (4 bytes).
    Removing main.o(.revsh_text), (4 bytes).
    Removing main.o(.rrx_text), (6 bytes).
    Removing main.o(.constdata), (3178 bytes).
    Removing gpio.o(.rev16_text), (4 bytes).
    Removing gpio.o(.revsh_text), (4 bytes).
    Removing gpio.o(.rrx_text), (6 bytes).
    Removing adc.o(.rev16_text), (4 bytes).
    Removing adc.o(.revsh_text), (4 bytes).
    Removing adc.o(.rrx_text), (6 bytes).
    Removing adc.o(i.HAL_ADC_MspDeInit), (60 bytes).
    Removing dac.o(.rev16_text), (4 bytes).
    Removing dac.o(.revsh_text), (4 bytes).
    Removing dac.o(.rrx_text), (6 bytes).
    Removing dac.o(i.HAL_DAC_MspDeInit), (52 bytes).
    Removing dma.o(.rev16_text), (4 bytes).
    Removing dma.o(.revsh_text), (4 bytes).
    Removing dma.o(.rrx_text), (6 bytes).
    Removing spi.o(.rev16_text), (4 bytes).
    Removing spi.o(.revsh_text), (4 bytes).
    Removing spi.o(.rrx_text), (6 bytes).
    Removing spi.o(i.HAL_SPI_MspDeInit), (48 bytes).
    Removing tim.o(.rev16_text), (4 bytes).
    Removing tim.o(.revsh_text), (4 bytes).
    Removing tim.o(.rrx_text), (6 bytes).
    Removing tim.o(i.HAL_TIM_Base_MspDeInit), (72 bytes).
    Removing usart.o(.rev16_text), (4 bytes).
    Removing usart.o(.revsh_text), (4 bytes).
    Removing usart.o(.rrx_text), (6 bytes).
    Removing usart.o(i.HAL_UART_MspDeInit), (52 bytes).
    Removing usart.o(i.fgetc), (32 bytes).
    Removing stm32f4xx_it.o(.rev16_text), (4 bytes).
    Removing stm32f4xx_it.o(.revsh_text), (4 bytes).
    Removing stm32f4xx_it.o(.rrx_text), (6 bytes).
    Removing stm32f4xx_hal_msp.o(.rev16_text), (4 bytes).
    Removing stm32f4xx_hal_msp.o(.revsh_text), (4 bytes).
    Removing stm32f4xx_hal_msp.o(.rrx_text), (6 bytes).
    Removing stm32f4xx_hal_adc.o(.rev16_text), (4 bytes).
    Removing stm32f4xx_hal_adc.o(.revsh_text), (4 bytes).
    Removing stm32f4xx_hal_adc.o(.rrx_text), (6 bytes).
    Removing stm32f4xx_hal_adc.o(i.HAL_ADC_AnalogWDGConfig), (136 bytes).
    Removing stm32f4xx_hal_adc.o(i.HAL_ADC_ConvCpltCallback), (2 bytes).
    Removing stm32f4xx_hal_adc.o(i.HAL_ADC_DeInit), (68 bytes).
    Removing stm32f4xx_hal_adc.o(i.HAL_ADC_GetError), (6 bytes).
    Removing stm32f4xx_hal_adc.o(i.HAL_ADC_GetState), (6 bytes).
    Removing stm32f4xx_hal_adc.o(i.HAL_ADC_GetValue), (8 bytes).
    Removing stm32f4xx_hal_adc.o(i.HAL_ADC_MspDeInit), (2 bytes).
    Removing stm32f4xx_hal_adc.o(i.HAL_ADC_MspInit), (2 bytes).
    Removing stm32f4xx_hal_adc.o(i.HAL_ADC_PollForConversion), (206 bytes).
    Removing stm32f4xx_hal_adc.o(i.HAL_ADC_PollForEvent), (128 bytes).
    Removing stm32f4xx_hal_adc.o(i.HAL_ADC_Start), (332 bytes).
    Removing stm32f4xx_hal_adc.o(i.HAL_ADC_Start_IT), (348 bytes).
    Removing stm32f4xx_hal_adc.o(i.HAL_ADC_Stop), (72 bytes).
    Removing stm32f4xx_hal_adc.o(i.HAL_ADC_Stop_DMA), (128 bytes).
    Removing stm32f4xx_hal_adc.o(i.HAL_ADC_Stop_IT), (88 bytes).
    Removing stm32f4xx_hal_adc_ex.o(.rev16_text), (4 bytes).
    Removing stm32f4xx_hal_adc_ex.o(.revsh_text), (4 bytes).
    Removing stm32f4xx_hal_adc_ex.o(.rrx_text), (6 bytes).
    Removing stm32f4xx_hal_adc_ex.o(i.ADC_MultiModeDMAConvCplt), (110 bytes).
    Removing stm32f4xx_hal_adc_ex.o(i.ADC_MultiModeDMAError), (26 bytes).
    Removing stm32f4xx_hal_adc_ex.o(i.ADC_MultiModeDMAHalfConvCplt), (14 bytes).
    Removing stm32f4xx_hal_adc_ex.o(i.HAL_ADCEx_InjectedConfigChannel), (552 bytes).
    Removing stm32f4xx_hal_adc_ex.o(i.HAL_ADCEx_InjectedGetValue), (70 bytes).
    Removing stm32f4xx_hal_adc_ex.o(i.HAL_ADCEx_InjectedPollForConversion), (172 bytes).
    Removing stm32f4xx_hal_adc_ex.o(i.HAL_ADCEx_InjectedStart), (288 bytes).
    Removing stm32f4xx_hal_adc_ex.o(i.HAL_ADCEx_InjectedStart_IT), (300 bytes).
    Removing stm32f4xx_hal_adc_ex.o(i.HAL_ADCEx_InjectedStop), (104 bytes).
    Removing stm32f4xx_hal_adc_ex.o(i.HAL_ADCEx_InjectedStop_IT), (116 bytes).
    Removing stm32f4xx_hal_adc_ex.o(i.HAL_ADCEx_MultiModeConfigChannel), (96 bytes).
    Removing stm32f4xx_hal_adc_ex.o(i.HAL_ADCEx_MultiModeGetValue), (12 bytes).
    Removing stm32f4xx_hal_adc_ex.o(i.HAL_ADCEx_MultiModeStart_DMA), (316 bytes).
    Removing stm32f4xx_hal_adc_ex.o(i.HAL_ADCEx_MultiModeStop_DMA), (112 bytes).
    Removing stm32f4xx_hal_rcc.o(.rev16_text), (4 bytes).
    Removing stm32f4xx_hal_rcc.o(.revsh_text), (4 bytes).
    Removing stm32f4xx_hal_rcc.o(.rrx_text), (6 bytes).
    Removing stm32f4xx_hal_rcc.o(i.HAL_RCC_CSSCallback), (2 bytes).
    Removing stm32f4xx_hal_rcc.o(i.HAL_RCC_DeInit), (4 bytes).
    Removing stm32f4xx_hal_rcc.o(i.HAL_RCC_DisableCSS), (12 bytes).
    Removing stm32f4xx_hal_rcc.o(i.HAL_RCC_EnableCSS), (12 bytes).
    Removing stm32f4xx_hal_rcc.o(i.HAL_RCC_GetClockConfig), (68 bytes).
    Removing stm32f4xx_hal_rcc.o(i.HAL_RCC_GetOscConfig), (244 bytes).
    Removing stm32f4xx_hal_rcc.o(i.HAL_RCC_MCOConfig), (192 bytes).
    Removing stm32f4xx_hal_rcc.o(i.HAL_RCC_NMI_IRQHandler), (32 bytes).
    Removing stm32f4xx_hal_rcc_ex.o(.rev16_text), (4 bytes).
    Removing stm32f4xx_hal_rcc_ex.o(.revsh_text), (4 bytes).
    Removing stm32f4xx_hal_rcc_ex.o(.rrx_text), (6 bytes).
    Removing stm32f4xx_hal_rcc_ex.o(i.HAL_RCCEx_DisablePLLI2S), (56 bytes).
    Removing stm32f4xx_hal_rcc_ex.o(i.HAL_RCCEx_EnablePLLI2S), (112 bytes).
    Removing stm32f4xx_hal_rcc_ex.o(i.HAL_RCCEx_GetPeriphCLKConfig), (56 bytes).
    Removing stm32f4xx_hal_rcc_ex.o(i.HAL_RCCEx_GetPeriphCLKFreq), (148 bytes).
    Removing stm32f4xx_hal_rcc_ex.o(i.HAL_RCCEx_PeriphCLKConfig), (416 bytes).
    Removing stm32f4xx_hal_rcc_ex.o(i.HAL_RCC_DeInit), (384 bytes).
    Removing stm32f4xx_hal_flash.o(.rev16_text), (4 bytes).
    Removing stm32f4xx_hal_flash.o(.revsh_text), (4 bytes).
    Removing stm32f4xx_hal_flash.o(.rrx_text), (6 bytes).
    Removing stm32f4xx_hal_flash.o(i.FLASH_Program_Byte), (36 bytes).
    Removing stm32f4xx_hal_flash.o(i.FLASH_Program_DoubleWord), (48 bytes).
    Removing stm32f4xx_hal_flash.o(i.FLASH_Program_HalfWord), (40 bytes).
    Removing stm32f4xx_hal_flash.o(i.FLASH_Program_Word), (40 bytes).
    Removing stm32f4xx_hal_flash.o(i.FLASH_SetErrorCode), (152 bytes).
    Removing stm32f4xx_hal_flash.o(i.FLASH_WaitForLastOperation), (100 bytes).
    Removing stm32f4xx_hal_flash.o(i.HAL_FLASH_EndOfOperationCallback), (2 bytes).
    Removing stm32f4xx_hal_flash.o(i.HAL_FLASH_GetError), (12 bytes).
    Removing stm32f4xx_hal_flash.o(i.HAL_FLASH_IRQHandler), (260 bytes).
    Removing stm32f4xx_hal_flash.o(i.HAL_FLASH_Lock), (20 bytes).
    Removing stm32f4xx_hal_flash.o(i.HAL_FLASH_OB_Launch), (28 bytes).
    Removing stm32f4xx_hal_flash.o(i.HAL_FLASH_OB_Lock), (20 bytes).
    Removing stm32f4xx_hal_flash.o(i.HAL_FLASH_OB_Unlock), (44 bytes).
    Removing stm32f4xx_hal_flash.o(i.HAL_FLASH_OperationErrorCallback), (2 bytes).
    Removing stm32f4xx_hal_flash.o(i.HAL_FLASH_Program), (152 bytes).
    Removing stm32f4xx_hal_flash.o(i.HAL_FLASH_Program_IT), (112 bytes).
    Removing stm32f4xx_hal_flash.o(i.HAL_FLASH_Unlock), (52 bytes).
    Removing stm32f4xx_hal_flash.o(.bss), (32 bytes).
    Removing stm32f4xx_hal_flash_ex.o(.rev16_text), (4 bytes).
    Removing stm32f4xx_hal_flash_ex.o(.revsh_text), (4 bytes).
    Removing stm32f4xx_hal_flash_ex.o(.rrx_text), (6 bytes).
    Removing stm32f4xx_hal_flash_ex.o(i.FLASH_Erase_Sector), (92 bytes).
    Removing stm32f4xx_hal_flash_ex.o(i.FLASH_FlushCaches), (120 bytes).
    Removing stm32f4xx_hal_flash_ex.o(i.FLASH_MassErase), (48 bytes).
    Removing stm32f4xx_hal_flash_ex.o(i.FLASH_OB_BOR_LevelConfig), (32 bytes).
    Removing stm32f4xx_hal_flash_ex.o(i.FLASH_OB_DisableWRP), (40 bytes).
    Removing stm32f4xx_hal_flash_ex.o(i.FLASH_OB_EnableWRP), (40 bytes).
    Removing stm32f4xx_hal_flash_ex.o(i.FLASH_OB_GetBOR), (16 bytes).
    Removing stm32f4xx_hal_flash_ex.o(i.FLASH_OB_GetRDP), (36 bytes).
    Removing stm32f4xx_hal_flash_ex.o(i.FLASH_OB_GetUser), (16 bytes).
    Removing stm32f4xx_hal_flash_ex.o(i.FLASH_OB_GetWRP), (12 bytes).
    Removing stm32f4xx_hal_flash_ex.o(i.FLASH_OB_RDP_LevelConfig), (32 bytes).
    Removing stm32f4xx_hal_flash_ex.o(i.FLASH_OB_UserConfig), (60 bytes).
    Removing stm32f4xx_hal_flash_ex.o(i.HAL_FLASHEx_Erase), (172 bytes).
    Removing stm32f4xx_hal_flash_ex.o(i.HAL_FLASHEx_Erase_IT), (100 bytes).
    Removing stm32f4xx_hal_flash_ex.o(i.HAL_FLASHEx_OBGetConfig), (34 bytes).
    Removing stm32f4xx_hal_flash_ex.o(i.HAL_FLASHEx_OBProgram), (148 bytes).
    Removing stm32f4xx_hal_flash_ramfunc.o(.rev16_text), (4 bytes).
    Removing stm32f4xx_hal_flash_ramfunc.o(.revsh_text), (4 bytes).
    Removing stm32f4xx_hal_flash_ramfunc.o(.rrx_text), (6 bytes).
    Removing stm32f4xx_hal_gpio.o(.rev16_text), (4 bytes).
    Removing stm32f4xx_hal_gpio.o(.revsh_text), (4 bytes).
    Removing stm32f4xx_hal_gpio.o(.rrx_text), (6 bytes).
    Removing stm32f4xx_hal_gpio.o(i.HAL_GPIO_DeInit), (360 bytes).
    Removing stm32f4xx_hal_gpio.o(i.HAL_GPIO_EXTI_Callback), (2 bytes).
    Removing stm32f4xx_hal_gpio.o(i.HAL_GPIO_EXTI_IRQHandler), (28 bytes).
    Removing stm32f4xx_hal_gpio.o(i.HAL_GPIO_LockPin), (46 bytes).
    Removing stm32f4xx_hal_gpio.o(i.HAL_GPIO_ReadPin), (16 bytes).
    Removing stm32f4xx_hal_gpio.o(i.HAL_GPIO_TogglePin), (20 bytes).
    Removing stm32f4xx_hal_dma_ex.o(.rev16_text), (4 bytes).
    Removing stm32f4xx_hal_dma_ex.o(.revsh_text), (4 bytes).
    Removing stm32f4xx_hal_dma_ex.o(.rrx_text), (6 bytes).
    Removing stm32f4xx_hal_dma_ex.o(i.DMA_MultiBufferSetConfig), (32 bytes).
    Removing stm32f4xx_hal_dma_ex.o(i.HAL_DMAEx_ChangeMemory), (18 bytes).
    Removing stm32f4xx_hal_dma_ex.o(i.HAL_DMAEx_MultiBufferStart), (124 bytes).
    Removing stm32f4xx_hal_dma_ex.o(i.HAL_DMAEx_MultiBufferStart_IT), (4056 bytes).
    Removing stm32f4xx_hal_dma.o(.rev16_text), (4 bytes).
    Removing stm32f4xx_hal_dma.o(.revsh_text), (4 bytes).
    Removing stm32f4xx_hal_dma.o(.rrx_text), (6 bytes).
    Removing stm32f4xx_hal_dma.o(i.HAL_DMA_DeInit), (112 bytes).
    Removing stm32f4xx_hal_dma.o(i.HAL_DMA_GetError), (6 bytes).
    Removing stm32f4xx_hal_dma.o(i.HAL_DMA_GetState), (8 bytes).
    Removing stm32f4xx_hal_dma.o(i.HAL_DMA_PollForTransfer), (346 bytes).
    Removing stm32f4xx_hal_dma.o(i.HAL_DMA_RegisterCallback), (96 bytes).
    Removing stm32f4xx_hal_dma.o(i.HAL_DMA_Start), (102 bytes).
    Removing stm32f4xx_hal_dma.o(i.HAL_DMA_UnRegisterCallback), (124 bytes).
    Removing stm32f4xx_hal_pwr.o(.rev16_text), (4 bytes).
    Removing stm32f4xx_hal_pwr.o(.revsh_text), (4 bytes).
    Removing stm32f4xx_hal_pwr.o(.rrx_text), (6 bytes).
    Removing stm32f4xx_hal_pwr.o(i.HAL_PWR_ConfigPVD), (180 bytes).
    Removing stm32f4xx_hal_pwr.o(i.HAL_PWR_DeInit), (28 bytes).
    Removing stm32f4xx_hal_pwr.o(i.HAL_PWR_DisableBkUpAccess), (28 bytes).
    Removing stm32f4xx_hal_pwr.o(i.HAL_PWR_DisablePVD), (12 bytes).
    Removing stm32f4xx_hal_pwr.o(i.HAL_PWR_DisableSEVOnPend), (20 bytes).
    Removing stm32f4xx_hal_pwr.o(i.HAL_PWR_DisableSleepOnExit), (20 bytes).
    Removing stm32f4xx_hal_pwr.o(i.HAL_PWR_DisableWakeUpPin), (16 bytes).
    Removing stm32f4xx_hal_pwr.o(i.HAL_PWR_EnableBkUpAccess), (28 bytes).
    Removing stm32f4xx_hal_pwr.o(i.HAL_PWR_EnablePVD), (12 bytes).
    Removing stm32f4xx_hal_pwr.o(i.HAL_PWR_EnableSEVOnPend), (20 bytes).
    Removing stm32f4xx_hal_pwr.o(i.HAL_PWR_EnableSleepOnExit), (20 bytes).
    Removing stm32f4xx_hal_pwr.o(i.HAL_PWR_EnableWakeUpPin), (16 bytes).
    Removing stm32f4xx_hal_pwr.o(i.HAL_PWR_EnterSLEEPMode), (36 bytes).
    Removing stm32f4xx_hal_pwr.o(i.HAL_PWR_EnterSTANDBYMode), (40 bytes).
    Removing stm32f4xx_hal_pwr.o(i.HAL_PWR_EnterSTOPMode), (68 bytes).
    Removing stm32f4xx_hal_pwr.o(i.HAL_PWR_PVDCallback), (2 bytes).
    Removing stm32f4xx_hal_pwr.o(i.HAL_PWR_PVD_IRQHandler), (32 bytes).
    Removing stm32f4xx_hal_pwr_ex.o(.rev16_text), (4 bytes).
    Removing stm32f4xx_hal_pwr_ex.o(.revsh_text), (4 bytes).
    Removing stm32f4xx_hal_pwr_ex.o(.rrx_text), (6 bytes).
    Removing stm32f4xx_hal_pwr_ex.o(i.HAL_PWREx_ControlVoltageScaling), (120 bytes).
    Removing stm32f4xx_hal_pwr_ex.o(i.HAL_PWREx_DisableBkUpReg), (60 bytes).
    Removing stm32f4xx_hal_pwr_ex.o(i.HAL_PWREx_DisableFlashPowerDown), (12 bytes).
    Removing stm32f4xx_hal_pwr_ex.o(i.HAL_PWREx_EnableBkUpReg), (60 bytes).
    Removing stm32f4xx_hal_pwr_ex.o(i.HAL_PWREx_EnableFlashPowerDown), (12 bytes).
    Removing stm32f4xx_hal_pwr_ex.o(i.HAL_PWREx_GetVoltageRange), (16 bytes).
    Removing stm32f4xx_hal_cortex.o(.rev16_text), (4 bytes).
    Removing stm32f4xx_hal_cortex.o(.revsh_text), (4 bytes).
    Removing stm32f4xx_hal_cortex.o(.rrx_text), (6 bytes).
    Removing stm32f4xx_hal_cortex.o(i.HAL_CORTEX_ClearEvent), (6 bytes).
    Removing stm32f4xx_hal_cortex.o(i.HAL_MPU_ConfigRegion), (92 bytes).
    Removing stm32f4xx_hal_cortex.o(i.HAL_MPU_Disable), (32 bytes).
    Removing stm32f4xx_hal_cortex.o(i.HAL_MPU_DisableRegion), (28 bytes).
    Removing stm32f4xx_hal_cortex.o(i.HAL_MPU_Enable), (40 bytes).
    Removing stm32f4xx_hal_cortex.o(i.HAL_MPU_EnableRegion), (28 bytes).
    Removing stm32f4xx_hal_cortex.o(i.HAL_NVIC_ClearPendingIRQ), (36 bytes).
    Removing stm32f4xx_hal_cortex.o(i.HAL_NVIC_DisableIRQ), (44 bytes).
    Removing stm32f4xx_hal_cortex.o(i.HAL_NVIC_GetActive), (48 bytes).
    Removing stm32f4xx_hal_cortex.o(i.HAL_NVIC_GetPendingIRQ), (48 bytes).
    Removing stm32f4xx_hal_cortex.o(i.HAL_NVIC_GetPriority), (148 bytes).
    Removing stm32f4xx_hal_cortex.o(i.HAL_NVIC_GetPriorityGrouping), (8 bytes).
    Removing stm32f4xx_hal_cortex.o(i.HAL_NVIC_SetPendingIRQ), (36 bytes).
    Removing stm32f4xx_hal_cortex.o(i.HAL_NVIC_SystemReset), (44 bytes).
    Removing stm32f4xx_hal_cortex.o(i.HAL_SYSTICK_CLKSourceConfig), (40 bytes).
    Removing stm32f4xx_hal_cortex.o(i.HAL_SYSTICK_Callback), (2 bytes).
    Removing stm32f4xx_hal_cortex.o(i.HAL_SYSTICK_IRQHandler), (8 bytes).
    Removing stm32f4xx_hal.o(.rev16_text), (4 bytes).
    Removing stm32f4xx_hal.o(.revsh_text), (4 bytes).
    Removing stm32f4xx_hal.o(.rrx_text), (6 bytes).
    Removing stm32f4xx_hal.o(i.HAL_DBGMCU_DisableDBGSleepMode), (20 bytes).
    Removing stm32f4xx_hal.o(i.HAL_DBGMCU_DisableDBGStandbyMode), (20 bytes).
    Removing stm32f4xx_hal.o(i.HAL_DBGMCU_DisableDBGStopMode), (20 bytes).
    Removing stm32f4xx_hal.o(i.HAL_DBGMCU_EnableDBGSleepMode), (20 bytes).
    Removing stm32f4xx_hal.o(i.HAL_DBGMCU_EnableDBGStandbyMode), (20 bytes).
    Removing stm32f4xx_hal.o(i.HAL_DBGMCU_EnableDBGStopMode), (20 bytes).
    Removing stm32f4xx_hal.o(i.HAL_DeInit), (80 bytes).
    Removing stm32f4xx_hal.o(i.HAL_Delay), (40 bytes).
    Removing stm32f4xx_hal.o(i.HAL_DisableCompensationCell), (12 bytes).
    Removing stm32f4xx_hal.o(i.HAL_EnableCompensationCell), (12 bytes).
    Removing stm32f4xx_hal.o(i.HAL_GetDEVID), (16 bytes).
    Removing stm32f4xx_hal.o(i.HAL_GetHalVersion), (8 bytes).
    Removing stm32f4xx_hal.o(i.HAL_GetREVID), (12 bytes).
    Removing stm32f4xx_hal.o(i.HAL_GetTickFreq), (12 bytes).
    Removing stm32f4xx_hal.o(i.HAL_GetTickPrio), (12 bytes).
    Removing stm32f4xx_hal.o(i.HAL_GetUIDw0), (12 bytes).
    Removing stm32f4xx_hal.o(i.HAL_GetUIDw1), (12 bytes).
    Removing stm32f4xx_hal.o(i.HAL_GetUIDw2), (12 bytes).
    Removing stm32f4xx_hal.o(i.HAL_MspDeInit), (2 bytes).
    Removing stm32f4xx_hal.o(i.HAL_MspInit), (2 bytes).
    Removing stm32f4xx_hal.o(i.HAL_ResumeTick), (18 bytes).
    Removing stm32f4xx_hal.o(i.HAL_SetTickFreq), (48 bytes).
    Removing stm32f4xx_hal.o(i.HAL_SuspendTick), (18 bytes).
    Removing stm32f4xx_hal_exti.o(.rev16_text), (4 bytes).
    Removing stm32f4xx_hal_exti.o(.revsh_text), (4 bytes).
    Removing stm32f4xx_hal_exti.o(.rrx_text), (6 bytes).
    Removing stm32f4xx_hal_exti.o(i.HAL_EXTI_ClearConfigLine), (120 bytes).
    Removing stm32f4xx_hal_exti.o(i.HAL_EXTI_ClearPending), (28 bytes).
    Removing stm32f4xx_hal_exti.o(i.HAL_EXTI_GenerateSWI), (24 bytes).
    Removing stm32f4xx_hal_exti.o(i.HAL_EXTI_GetConfigLine), (156 bytes).
    Removing stm32f4xx_hal_exti.o(i.HAL_EXTI_GetHandle), (14 bytes).
    Removing stm32f4xx_hal_exti.o(i.HAL_EXTI_GetPending), (36 bytes).
    Removing stm32f4xx_hal_exti.o(i.HAL_EXTI_IRQHandler), (44 bytes).
    Removing stm32f4xx_hal_exti.o(i.HAL_EXTI_RegisterCallback), (20 bytes).
    Removing stm32f4xx_hal_exti.o(i.HAL_EXTI_SetConfigLine), (240 bytes).
    Removing stm32f4xx_hal_dac.o(.rev16_text), (4 bytes).
    Removing stm32f4xx_hal_dac.o(.revsh_text), (4 bytes).
    Removing stm32f4xx_hal_dac.o(.rrx_text), (6 bytes).
    Removing stm32f4xx_hal_dac.o(i.DAC_DMAConvCpltCh1), (18 bytes).
    Removing stm32f4xx_hal_dac.o(i.DAC_DMAErrorCh1), (26 bytes).
    Removing stm32f4xx_hal_dac.o(i.DAC_DMAHalfConvCpltCh1), (14 bytes).
    Removing stm32f4xx_hal_dac.o(i.HAL_DAC_ConvCpltCallbackCh1), (2 bytes).
    Removing stm32f4xx_hal_dac.o(i.HAL_DAC_ConvHalfCpltCallbackCh1), (2 bytes).
    Removing stm32f4xx_hal_dac.o(i.HAL_DAC_DMAUnderrunCallbackCh1), (2 bytes).
    Removing stm32f4xx_hal_dac.o(i.HAL_DAC_DeInit), (36 bytes).
    Removing stm32f4xx_hal_dac.o(i.HAL_DAC_ErrorCallbackCh1), (2 bytes).
    Removing stm32f4xx_hal_dac.o(i.HAL_DAC_GetError), (6 bytes).
    Removing stm32f4xx_hal_dac.o(i.HAL_DAC_GetState), (6 bytes).
    Removing stm32f4xx_hal_dac.o(i.HAL_DAC_GetValue), (18 bytes).
    Removing stm32f4xx_hal_dac.o(i.HAL_DAC_IRQHandler), (130 bytes).
    Removing stm32f4xx_hal_dac.o(i.HAL_DAC_MspDeInit), (2 bytes).
    Removing stm32f4xx_hal_dac.o(i.HAL_DAC_MspInit), (2 bytes).
    Removing stm32f4xx_hal_dac.o(i.HAL_DAC_SetValue), (50 bytes).
    Removing stm32f4xx_hal_dac.o(i.HAL_DAC_Start), (126 bytes).
    Removing stm32f4xx_hal_dac.o(i.HAL_DAC_Start_DMA), (320 bytes).
    Removing stm32f4xx_hal_dac.o(i.HAL_DAC_Stop), (36 bytes).
    Removing stm32f4xx_hal_dac.o(i.HAL_DAC_Stop_DMA), (98 bytes).
    Removing stm32f4xx_hal_dac_ex.o(.rev16_text), (4 bytes).
    Removing stm32f4xx_hal_dac_ex.o(.revsh_text), (4 bytes).
    Removing stm32f4xx_hal_dac_ex.o(.rrx_text), (6 bytes).
    Removing stm32f4xx_hal_dac_ex.o(i.DAC_DMAConvCpltCh2), (18 bytes).
    Removing stm32f4xx_hal_dac_ex.o(i.DAC_DMAErrorCh2), (26 bytes).
    Removing stm32f4xx_hal_dac_ex.o(i.DAC_DMAHalfConvCpltCh2), (14 bytes).
    Removing stm32f4xx_hal_dac_ex.o(i.HAL_DACEx_ConvCpltCallbackCh2), (2 bytes).
    Removing stm32f4xx_hal_dac_ex.o(i.HAL_DACEx_ConvHalfCpltCallbackCh2), (2 bytes).
    Removing stm32f4xx_hal_dac_ex.o(i.HAL_DACEx_DMAUnderrunCallbackCh2), (2 bytes).
    Removing stm32f4xx_hal_dac_ex.o(i.HAL_DACEx_DualGetValue), (20 bytes).
    Removing stm32f4xx_hal_dac_ex.o(i.HAL_DACEx_DualSetValue), (38 bytes).
    Removing stm32f4xx_hal_dac_ex.o(i.HAL_DACEx_DualStart), (116 bytes).
    Removing stm32f4xx_hal_dac_ex.o(i.HAL_DACEx_DualStop), (40 bytes).
    Removing stm32f4xx_hal_dac_ex.o(i.HAL_DACEx_ErrorCallbackCh2), (2 bytes).
    Removing stm32f4xx_hal_dac_ex.o(i.HAL_DACEx_NoiseWaveGenerate), (80 bytes).
    Removing stm32f4xx_hal_dac_ex.o(i.HAL_DACEx_TriangleWaveGenerate), (80 bytes).
    Removing stm32f4xx_hal_spi.o(.rev16_text), (4 bytes).
    Removing stm32f4xx_hal_spi.o(.revsh_text), (4 bytes).
    Removing stm32f4xx_hal_spi.o(.rrx_text), (6 bytes).
    Removing stm32f4xx_hal_spi.o(i.HAL_SPI_Abort), (368 bytes).
    Removing stm32f4xx_hal_spi.o(i.HAL_SPI_AbortCpltCallback), (2 bytes).
    Removing stm32f4xx_hal_spi.o(i.HAL_SPI_Abort_IT), (384 bytes).
    Removing stm32f4xx_hal_spi.o(i.HAL_SPI_DMAPause), (50 bytes).
    Removing stm32f4xx_hal_spi.o(i.HAL_SPI_DMAResume), (50 bytes).
    Removing stm32f4xx_hal_spi.o(i.HAL_SPI_DMAStop), (72 bytes).
    Removing stm32f4xx_hal_spi.o(i.HAL_SPI_DeInit), (54 bytes).
    Removing stm32f4xx_hal_spi.o(i.HAL_SPI_ErrorCallback), (2 bytes).
    Removing stm32f4xx_hal_spi.o(i.HAL_SPI_GetError), (6 bytes).
    Removing stm32f4xx_hal_spi.o(i.HAL_SPI_GetState), (8 bytes).
    Removing stm32f4xx_hal_spi.o(i.HAL_SPI_IRQHandler), (348 bytes).
    Removing stm32f4xx_hal_spi.o(i.HAL_SPI_MspDeInit), (2 bytes).
    Removing stm32f4xx_hal_spi.o(i.HAL_SPI_MspInit), (2 bytes).
    Removing stm32f4xx_hal_spi.o(i.HAL_SPI_Receive), (386 bytes).
    Removing stm32f4xx_hal_spi.o(i.HAL_SPI_Receive_DMA), (280 bytes).
    Removing stm32f4xx_hal_spi.o(i.HAL_SPI_Receive_IT), (212 bytes).
    Removing stm32f4xx_hal_spi.o(i.HAL_SPI_RxCpltCallback), (2 bytes).
    Removing stm32f4xx_hal_spi.o(i.HAL_SPI_RxHalfCpltCallback), (2 bytes).
    Removing stm32f4xx_hal_spi.o(i.HAL_SPI_TransmitReceive), (584 bytes).
    Removing stm32f4xx_hal_spi.o(i.HAL_SPI_TransmitReceive_DMA), (356 bytes).
    Removing stm32f4xx_hal_spi.o(i.HAL_SPI_TransmitReceive_IT), (184 bytes).
    Removing stm32f4xx_hal_spi.o(i.HAL_SPI_Transmit_DMA), (252 bytes).
    Removing stm32f4xx_hal_spi.o(i.HAL_SPI_Transmit_IT), (176 bytes).
    Removing stm32f4xx_hal_spi.o(i.HAL_SPI_TxCpltCallback), (2 bytes).
    Removing stm32f4xx_hal_spi.o(i.HAL_SPI_TxHalfCpltCallback), (2 bytes).
    Removing stm32f4xx_hal_spi.o(i.HAL_SPI_TxRxCpltCallback), (2 bytes).
    Removing stm32f4xx_hal_spi.o(i.HAL_SPI_TxRxHalfCpltCallback), (2 bytes).
    Removing stm32f4xx_hal_spi.o(i.SPI_2linesRxISR_16BIT), (52 bytes).
    Removing stm32f4xx_hal_spi.o(i.SPI_2linesRxISR_8BIT), (52 bytes).
    Removing stm32f4xx_hal_spi.o(i.SPI_2linesTxISR_16BIT), (52 bytes).
    Removing stm32f4xx_hal_spi.o(i.SPI_2linesTxISR_8BIT), (52 bytes).
    Removing stm32f4xx_hal_spi.o(i.SPI_AbortRx_ISR), (112 bytes).
    Removing stm32f4xx_hal_spi.o(i.SPI_AbortTx_ISR), (32 bytes).
    Removing stm32f4xx_hal_spi.o(i.SPI_CloseRxTx_ISR), (188 bytes).
    Removing stm32f4xx_hal_spi.o(i.SPI_CloseRx_ISR), (94 bytes).
    Removing stm32f4xx_hal_spi.o(i.SPI_CloseTx_ISR), (160 bytes).
    Removing stm32f4xx_hal_spi.o(i.SPI_DMAAbortOnError), (20 bytes).
    Removing stm32f4xx_hal_spi.o(i.SPI_DMAError), (40 bytes).
    Removing stm32f4xx_hal_spi.o(i.SPI_DMAHalfReceiveCplt), (14 bytes).
    Removing stm32f4xx_hal_spi.o(i.SPI_DMAHalfTransmitCplt), (14 bytes).
    Removing stm32f4xx_hal_spi.o(i.SPI_DMAHalfTransmitReceiveCplt), (14 bytes).
    Removing stm32f4xx_hal_spi.o(i.SPI_DMAReceiveCplt), (124 bytes).
    Removing stm32f4xx_hal_spi.o(i.SPI_DMARxAbortCallback), (144 bytes).
    Removing stm32f4xx_hal_spi.o(i.SPI_DMATransmitCplt), (128 bytes).
    Removing stm32f4xx_hal_spi.o(i.SPI_DMATransmitReceiveCplt), (104 bytes).
    Removing stm32f4xx_hal_spi.o(i.SPI_DMATxAbortCallback), (172 bytes).
    Removing stm32f4xx_hal_spi.o(i.SPI_EndRxTransaction), (148 bytes).
    Removing stm32f4xx_hal_spi.o(i.SPI_RxISR_16BIT), (36 bytes).
    Removing stm32f4xx_hal_spi.o(i.SPI_RxISR_8BIT), (36 bytes).
    Removing stm32f4xx_hal_spi.o(i.SPI_TxISR_16BIT), (36 bytes).
    Removing stm32f4xx_hal_spi.o(i.SPI_TxISR_8BIT), (36 bytes).
    Removing stm32f4xx_hal_tim.o(.rev16_text), (4 bytes).
    Removing stm32f4xx_hal_tim.o(.revsh_text), (4 bytes).
    Removing stm32f4xx_hal_tim.o(.rrx_text), (6 bytes).
    Removing stm32f4xx_hal_tim.o(i.HAL_TIM_Base_DeInit), (120 bytes).
    Removing stm32f4xx_hal_tim.o(i.HAL_TIM_Base_GetState), (8 bytes).
    Removing stm32f4xx_hal_tim.o(i.HAL_TIM_Base_MspDeInit), (2 bytes).
    Removing stm32f4xx_hal_tim.o(i.HAL_TIM_Base_MspInit), (2 bytes).
    Removing stm32f4xx_hal_tim.o(i.HAL_TIM_Base_Start_DMA), (248 bytes).
    Removing stm32f4xx_hal_tim.o(i.HAL_TIM_Base_Start_IT), (168 bytes).
    Removing stm32f4xx_hal_tim.o(i.HAL_TIM_Base_Stop), (50 bytes).
    Removing stm32f4xx_hal_tim.o(i.HAL_TIM_Base_Stop_DMA), (70 bytes).
    Removing stm32f4xx_hal_tim.o(i.HAL_TIM_Base_Stop_IT), (62 bytes).
    Removing stm32f4xx_hal_tim.o(i.HAL_TIM_ConfigOCrefClear), (278 bytes).
    Removing stm32f4xx_hal_tim.o(i.HAL_TIM_ConfigTI1Input), (22 bytes).
    Removing stm32f4xx_hal_tim.o(i.HAL_TIM_DMABurstState), (8 bytes).
    Removing stm32f4xx_hal_tim.o(i.HAL_TIM_DMABurst_MultiReadStart), (476 bytes).
    Removing stm32f4xx_hal_tim.o(i.HAL_TIM_DMABurst_MultiWriteStart), (476 bytes).
    Removing stm32f4xx_hal_tim.o(i.HAL_TIM_DMABurst_ReadStart), (42 bytes).
    Removing stm32f4xx_hal_tim.o(i.HAL_TIM_DMABurst_ReadStop), (140 bytes).
    Removing stm32f4xx_hal_tim.o(i.HAL_TIM_DMABurst_WriteStart), (42 bytes).
    Removing stm32f4xx_hal_tim.o(i.HAL_TIM_DMABurst_WriteStop), (140 bytes).
    Removing stm32f4xx_hal_tim.o(i.HAL_TIM_Encoder_DeInit), (96 bytes).
    Removing stm32f4xx_hal_tim.o(i.HAL_TIM_Encoder_GetState), (8 bytes).
    Removing stm32f4xx_hal_tim.o(i.HAL_TIM_Encoder_Init), (200 bytes).
    Removing stm32f4xx_hal_tim.o(i.HAL_TIM_Encoder_MspDeInit), (2 bytes).
    Removing stm32f4xx_hal_tim.o(i.HAL_TIM_Encoder_MspInit), (2 bytes).
    Removing stm32f4xx_hal_tim.o(i.HAL_TIM_Encoder_Start), (204 bytes).
    Removing stm32f4xx_hal_tim.o(i.HAL_TIM_Encoder_Start_DMA), (556 bytes).
    Removing stm32f4xx_hal_tim.o(i.HAL_TIM_Encoder_Start_IT), (252 bytes).
    Removing stm32f4xx_hal_tim.o(i.HAL_TIM_Encoder_Stop), (214 bytes).
    Removing stm32f4xx_hal_tim.o(i.HAL_TIM_Encoder_Stop_DMA), (280 bytes).
    Removing stm32f4xx_hal_tim.o(i.HAL_TIM_Encoder_Stop_IT), (256 bytes).
    Removing stm32f4xx_hal_tim.o(i.HAL_TIM_ErrorCallback), (2 bytes).
    Removing stm32f4xx_hal_tim.o(i.HAL_TIM_GenerateEvent), (54 bytes).
    Removing stm32f4xx_hal_tim.o(i.HAL_TIM_GetActiveChannel), (6 bytes).
    Removing stm32f4xx_hal_tim.o(i.HAL_TIM_GetChannelState), (38 bytes).
    Removing stm32f4xx_hal_tim.o(i.HAL_TIM_IC_CaptureHalfCpltCallback), (2 bytes).
    Removing stm32f4xx_hal_tim.o(i.HAL_TIM_IC_ConfigChannel), (222 bytes).
    Removing stm32f4xx_hal_tim.o(i.HAL_TIM_IC_DeInit), (120 bytes).
    Removing stm32f4xx_hal_tim.o(i.HAL_TIM_IC_GetState), (8 bytes).
    Removing stm32f4xx_hal_tim.o(i.HAL_TIM_IC_Init), (102 bytes).
    Removing stm32f4xx_hal_tim.o(i.HAL_TIM_IC_MspDeInit), (2 bytes).
    Removing stm32f4xx_hal_tim.o(i.HAL_TIM_IC_MspInit), (2 bytes).
    Removing stm32f4xx_hal_tim.o(i.HAL_TIM_IC_Start), (316 bytes).
    Removing stm32f4xx_hal_tim.o(i.HAL_TIM_IC_Start_DMA), (608 bytes).
    Removing stm32f4xx_hal_tim.o(i.HAL_TIM_IC_Start_IT), (400 bytes).
    Removing stm32f4xx_hal_tim.o(i.HAL_TIM_IC_Stop), (138 bytes).
    Removing stm32f4xx_hal_tim.o(i.HAL_TIM_IC_Stop_DMA), (244 bytes).
    Removing stm32f4xx_hal_tim.o(i.HAL_TIM_IC_Stop_IT), (222 bytes).
    Removing stm32f4xx_hal_tim.o(i.HAL_TIM_OC_ConfigChannel), (112 bytes).
    Removing stm32f4xx_hal_tim.o(i.HAL_TIM_OC_DeInit), (120 bytes).
    Removing stm32f4xx_hal_tim.o(i.HAL_TIM_OC_GetState), (8 bytes).
    Removing stm32f4xx_hal_tim.o(i.HAL_TIM_OC_Init), (102 bytes).
    Removing stm32f4xx_hal_tim.o(i.HAL_TIM_OC_MspDeInit), (2 bytes).
    Removing stm32f4xx_hal_tim.o(i.HAL_TIM_OC_MspInit), (2 bytes).
    Removing stm32f4xx_hal_tim.o(i.HAL_TIM_OC_Start), (268 bytes).
    Removing stm32f4xx_hal_tim.o(i.HAL_TIM_OC_Start_DMA), (588 bytes).
    Removing stm32f4xx_hal_tim.o(i.HAL_TIM_OC_Start_IT), (352 bytes).
    Removing stm32f4xx_hal_tim.o(i.HAL_TIM_OC_Stop), (168 bytes).
    Removing stm32f4xx_hal_tim.o(i.HAL_TIM_OC_Stop_DMA), (276 bytes).
    Removing stm32f4xx_hal_tim.o(i.HAL_TIM_OC_Stop_IT), (252 bytes).
    Removing stm32f4xx_hal_tim.o(i.HAL_TIM_OnePulse_ConfigChannel), (310 bytes).
    Removing stm32f4xx_hal_tim.o(i.HAL_TIM_OnePulse_DeInit), (96 bytes).
    Removing stm32f4xx_hal_tim.o(i.HAL_TIM_OnePulse_GetState), (8 bytes).
    Removing stm32f4xx_hal_tim.o(i.HAL_TIM_OnePulse_Init), (102 bytes).
    Removing stm32f4xx_hal_tim.o(i.HAL_TIM_OnePulse_MspDeInit), (2 bytes).
    Removing stm32f4xx_hal_tim.o(i.HAL_TIM_OnePulse_MspInit), (2 bytes).
    Removing stm32f4xx_hal_tim.o(i.HAL_TIM_OnePulse_Start), (140 bytes).
    Removing stm32f4xx_hal_tim.o(i.HAL_TIM_OnePulse_Start_IT), (164 bytes).
    Removing stm32f4xx_hal_tim.o(i.HAL_TIM_OnePulse_Stop), (160 bytes).
    Removing stm32f4xx_hal_tim.o(i.HAL_TIM_OnePulse_Stop_IT), (184 bytes).
    Removing stm32f4xx_hal_tim.o(i.HAL_TIM_PWM_ConfigChannel), (260 bytes).
    Removing stm32f4xx_hal_tim.o(i.HAL_TIM_PWM_DeInit), (120 bytes).
    Removing stm32f4xx_hal_tim.o(i.HAL_TIM_PWM_GetState), (8 bytes).
    Removing stm32f4xx_hal_tim.o(i.HAL_TIM_PWM_Init), (102 bytes).
    Removing stm32f4xx_hal_tim.o(i.HAL_TIM_PWM_MspDeInit), (2 bytes).
    Removing stm32f4xx_hal_tim.o(i.HAL_TIM_PWM_MspInit), (2 bytes).
    Removing stm32f4xx_hal_tim.o(i.HAL_TIM_PWM_PulseFinishedHalfCpltCallback), (2 bytes).
    Removing stm32f4xx_hal_tim.o(i.HAL_TIM_PWM_Start), (268 bytes).
    Removing stm32f4xx_hal_tim.o(i.HAL_TIM_PWM_Start_DMA), (588 bytes).
    Removing stm32f4xx_hal_tim.o(i.HAL_TIM_PWM_Start_IT), (352 bytes).
    Removing stm32f4xx_hal_tim.o(i.HAL_TIM_PWM_Stop), (168 bytes).
    Removing stm32f4xx_hal_tim.o(i.HAL_TIM_PWM_Stop_DMA), (276 bytes).
    Removing stm32f4xx_hal_tim.o(i.HAL_TIM_PWM_Stop_IT), (252 bytes).
    Removing stm32f4xx_hal_tim.o(i.HAL_TIM_PeriodElapsedHalfCpltCallback), (2 bytes).
    Removing stm32f4xx_hal_tim.o(i.HAL_TIM_ReadCapturedValue), (50 bytes).
    Removing stm32f4xx_hal_tim.o(i.HAL_TIM_SlaveConfigSynchro), (108 bytes).
    Removing stm32f4xx_hal_tim.o(i.HAL_TIM_SlaveConfigSynchro_IT), (108 bytes).
    Removing stm32f4xx_hal_tim.o(i.HAL_TIM_TriggerHalfCpltCallback), (2 bytes).
    Removing stm32f4xx_hal_tim.o(i.TIM_CCxChannelCmd), (34 bytes).
    Removing stm32f4xx_hal_tim.o(i.TIM_DMACaptureCplt), (122 bytes).
    Removing stm32f4xx_hal_tim.o(i.TIM_DMACaptureHalfCplt), (64 bytes).
    Removing stm32f4xx_hal_tim.o(i.TIM_DMADelayPulseCplt), (104 bytes).
    Removing stm32f4xx_hal_tim.o(i.TIM_DMADelayPulseHalfCplt), (64 bytes).
    Removing stm32f4xx_hal_tim.o(i.TIM_DMAError), (94 bytes).
    Removing stm32f4xx_hal_tim.o(i.TIM_DMAPeriodElapsedCplt), (26 bytes).
    Removing stm32f4xx_hal_tim.o(i.TIM_DMAPeriodElapsedHalfCplt), (14 bytes).
    Removing stm32f4xx_hal_tim.o(i.TIM_DMATriggerCplt), (26 bytes).
    Removing stm32f4xx_hal_tim.o(i.TIM_DMATriggerHalfCplt), (14 bytes).
    Removing stm32f4xx_hal_tim.o(i.TIM_OC1_SetConfig), (112 bytes).
    Removing stm32f4xx_hal_tim.o(i.TIM_OC2_SetConfig), (124 bytes).
    Removing stm32f4xx_hal_tim.o(i.TIM_OC3_SetConfig), (120 bytes).
    Removing stm32f4xx_hal_tim.o(i.TIM_OC4_SetConfig), (84 bytes).
    Removing stm32f4xx_hal_tim.o(i.TIM_SlaveTimer_SetConfig), (178 bytes).
    Removing stm32f4xx_hal_tim.o(i.TIM_TI1_SetConfig), (144 bytes).
    Removing stm32f4xx_hal_tim.o(i.TIM_TI2_SetConfig), (58 bytes).
    Removing stm32f4xx_hal_tim.o(i.TIM_TI3_SetConfig), (56 bytes).
    Removing stm32f4xx_hal_tim.o(i.TIM_TI4_SetConfig), (60 bytes).
    Removing stm32f4xx_hal_tim_ex.o(.rev16_text), (4 bytes).
    Removing stm32f4xx_hal_tim_ex.o(.revsh_text), (4 bytes).
    Removing stm32f4xx_hal_tim_ex.o(.rrx_text), (6 bytes).
    Removing stm32f4xx_hal_tim_ex.o(i.HAL_TIMEx_CommutHalfCpltCallback), (2 bytes).
    Removing stm32f4xx_hal_tim_ex.o(i.HAL_TIMEx_ConfigBreakDeadTime), (116 bytes).
    Removing stm32f4xx_hal_tim_ex.o(i.HAL_TIMEx_ConfigCommutEvent), (134 bytes).
    Removing stm32f4xx_hal_tim_ex.o(i.HAL_TIMEx_ConfigCommutEvent_DMA), (164 bytes).
    Removing stm32f4xx_hal_tim_ex.o(i.HAL_TIMEx_ConfigCommutEvent_IT), (134 bytes).
    Removing stm32f4xx_hal_tim_ex.o(i.HAL_TIMEx_GetChannelNState), (38 bytes).
    Removing stm32f4xx_hal_tim_ex.o(i.HAL_TIMEx_HallSensor_DeInit), (96 bytes).
    Removing stm32f4xx_hal_tim_ex.o(i.HAL_TIMEx_HallSensor_GetState), (8 bytes).
    Removing stm32f4xx_hal_tim_ex.o(i.HAL_TIMEx_HallSensor_Init), (234 bytes).
    Removing stm32f4xx_hal_tim_ex.o(i.HAL_TIMEx_HallSensor_MspDeInit), (2 bytes).
    Removing stm32f4xx_hal_tim_ex.o(i.HAL_TIMEx_HallSensor_MspInit), (2 bytes).
    Removing stm32f4xx_hal_tim_ex.o(i.HAL_TIMEx_HallSensor_Start), (216 bytes).
    Removing stm32f4xx_hal_tim_ex.o(i.HAL_TIMEx_HallSensor_Start_DMA), (280 bytes).
    Removing stm32f4xx_hal_tim_ex.o(i.HAL_TIMEx_HallSensor_Start_IT), (228 bytes).
    Removing stm32f4xx_hal_tim_ex.o(i.HAL_TIMEx_HallSensor_Stop), (78 bytes).
    Removing stm32f4xx_hal_tim_ex.o(i.HAL_TIMEx_HallSensor_Stop_DMA), (84 bytes).
    Removing stm32f4xx_hal_tim_ex.o(i.HAL_TIMEx_HallSensor_Stop_IT), (90 bytes).
    Removing stm32f4xx_hal_tim_ex.o(i.HAL_TIMEx_OCN_Start), (244 bytes).
    Removing stm32f4xx_hal_tim_ex.o(i.HAL_TIMEx_OCN_Start_DMA), (504 bytes).
    Removing stm32f4xx_hal_tim_ex.o(i.HAL_TIMEx_OCN_Start_IT), (324 bytes).
    Removing stm32f4xx_hal_tim_ex.o(i.HAL_TIMEx_OCN_Stop), (136 bytes).
    Removing stm32f4xx_hal_tim_ex.o(i.HAL_TIMEx_OCN_Stop_DMA), (220 bytes).
    Removing stm32f4xx_hal_tim_ex.o(i.HAL_TIMEx_OCN_Stop_IT), (230 bytes).
    Removing stm32f4xx_hal_tim_ex.o(i.HAL_TIMEx_OnePulseN_Start), (118 bytes).
    Removing stm32f4xx_hal_tim_ex.o(i.HAL_TIMEx_OnePulseN_Start_IT), (142 bytes).
    Removing stm32f4xx_hal_tim_ex.o(i.HAL_TIMEx_OnePulseN_Stop), (138 bytes).
    Removing stm32f4xx_hal_tim_ex.o(i.HAL_TIMEx_OnePulseN_Stop_IT), (162 bytes).
    Removing stm32f4xx_hal_tim_ex.o(i.HAL_TIMEx_PWMN_Start), (244 bytes).
    Removing stm32f4xx_hal_tim_ex.o(i.HAL_TIMEx_PWMN_Start_DMA), (504 bytes).
    Removing stm32f4xx_hal_tim_ex.o(i.HAL_TIMEx_PWMN_Start_IT), (324 bytes).
    Removing stm32f4xx_hal_tim_ex.o(i.HAL_TIMEx_PWMN_Stop), (136 bytes).
    Removing stm32f4xx_hal_tim_ex.o(i.HAL_TIMEx_PWMN_Stop_DMA), (220 bytes).
    Removing stm32f4xx_hal_tim_ex.o(i.HAL_TIMEx_PWMN_Stop_IT), (230 bytes).
    Removing stm32f4xx_hal_tim_ex.o(i.HAL_TIMEx_RemapConfig), (42 bytes).
    Removing stm32f4xx_hal_tim_ex.o(i.TIMEx_DMACommutationCplt), (20 bytes).
    Removing stm32f4xx_hal_tim_ex.o(i.TIMEx_DMACommutationHalfCplt), (20 bytes).
    Removing stm32f4xx_hal_tim_ex.o(i.TIM_CCxNChannelCmd), (34 bytes).
    Removing stm32f4xx_hal_tim_ex.o(i.TIM_DMADelayPulseNCplt), (82 bytes).
    Removing stm32f4xx_hal_tim_ex.o(i.TIM_DMAErrorCCxN), (68 bytes).
    Removing stm32f4xx_hal_uart.o(.rev16_text), (4 bytes).
    Removing stm32f4xx_hal_uart.o(.revsh_text), (4 bytes).
    Removing stm32f4xx_hal_uart.o(.rrx_text), (6 bytes).
    Removing stm32f4xx_hal_uart.o(i.HAL_HalfDuplex_EnableReceiver), (68 bytes).
    Removing stm32f4xx_hal_uart.o(i.HAL_HalfDuplex_EnableTransmitter), (68 bytes).
    Removing stm32f4xx_hal_uart.o(i.HAL_HalfDuplex_Init), (122 bytes).
    Removing stm32f4xx_hal_uart.o(i.HAL_LIN_Init), (146 bytes).
    Removing stm32f4xx_hal_uart.o(i.HAL_LIN_SendBreak), (80 bytes).
    Removing stm32f4xx_hal_uart.o(i.HAL_MultiProcessor_EnterMuteMode), (82 bytes).
    Removing stm32f4xx_hal_uart.o(i.HAL_MultiProcessor_ExitMuteMode), (82 bytes).
    Removing stm32f4xx_hal_uart.o(i.HAL_MultiProcessor_Init), (158 bytes).
    Removing stm32f4xx_hal_uart.o(i.HAL_UARTEx_GetRxEventType), (6 bytes).
    Removing stm32f4xx_hal_uart.o(i.HAL_UARTEx_ReceiveToIdle), (296 bytes).
    Removing stm32f4xx_hal_uart.o(i.HAL_UARTEx_ReceiveToIdle_DMA), (114 bytes).
    Removing stm32f4xx_hal_uart.o(i.HAL_UARTEx_ReceiveToIdle_IT), (114 bytes).
    Removing stm32f4xx_hal_uart.o(i.HAL_UART_Abort), (282 bytes).
    Removing stm32f4xx_hal_uart.o(i.HAL_UART_AbortCpltCallback), (2 bytes).
    Removing stm32f4xx_hal_uart.o(i.HAL_UART_AbortReceive), (196 bytes).
    Removing stm32f4xx_hal_uart.o(i.HAL_UART_AbortReceiveCpltCallback), (2 bytes).
    Removing stm32f4xx_hal_uart.o(i.HAL_UART_AbortReceive_IT), (220 bytes).
    Removing stm32f4xx_hal_uart.o(i.HAL_UART_AbortTransmit), (126 bytes).
    Removing stm32f4xx_hal_uart.o(i.HAL_UART_AbortTransmitCpltCallback), (2 bytes).
    Removing stm32f4xx_hal_uart.o(i.HAL_UART_AbortTransmit_IT), (144 bytes).
    Removing stm32f4xx_hal_uart.o(i.HAL_UART_Abort_IT), (336 bytes).
    Removing stm32f4xx_hal_uart.o(i.HAL_UART_DMAPause), (166 bytes).
    Removing stm32f4xx_hal_uart.o(i.HAL_UART_DMAResume), (170 bytes).
    Removing stm32f4xx_hal_uart.o(i.HAL_UART_DMAStop), (138 bytes).
    Removing stm32f4xx_hal_uart.o(i.HAL_UART_DeInit), (62 bytes).
    Removing stm32f4xx_hal_uart.o(i.HAL_UART_GetError), (6 bytes).
    Removing stm32f4xx_hal_uart.o(i.HAL_UART_GetState), (20 bytes).
    Removing stm32f4xx_hal_uart.o(i.HAL_UART_MspDeInit), (2 bytes).
    Removing stm32f4xx_hal_uart.o(i.HAL_UART_MspInit), (2 bytes).
    Removing stm32f4xx_hal_uart.o(i.HAL_UART_Receive), (194 bytes).
    Removing stm32f4xx_hal_uart.o(i.HAL_UART_Receive_DMA), (44 bytes).
    Removing stm32f4xx_hal_uart.o(i.HAL_UART_Receive_IT), (44 bytes).
    Removing stm32f4xx_hal_uart.o(i.HAL_UART_RxHalfCpltCallback), (2 bytes).
    Removing stm32f4xx_hal_uart.o(i.HAL_UART_Transmit_DMA), (140 bytes).
    Removing stm32f4xx_hal_uart.o(i.HAL_UART_Transmit_IT), (56 bytes).
    Removing stm32f4xx_hal_uart.o(i.HAL_UART_TxHalfCpltCallback), (2 bytes).
    Removing stm32f4xx_hal_uart.o(i.UART_DMAError), (80 bytes).
    Removing stm32f4xx_hal_uart.o(i.UART_DMAReceiveCplt), (180 bytes).
    Removing stm32f4xx_hal_uart.o(i.UART_DMARxAbortCallback), (56 bytes).
    Removing stm32f4xx_hal_uart.o(i.UART_DMARxHalfCplt), (36 bytes).
    Removing stm32f4xx_hal_uart.o(i.UART_DMARxOnlyAbortCallback), (28 bytes).
    Removing stm32f4xx_hal_uart.o(i.UART_DMATransmitCplt), (88 bytes).
    Removing stm32f4xx_hal_uart.o(i.UART_DMATxAbortCallback), (56 bytes).
    Removing stm32f4xx_hal_uart.o(i.UART_DMATxHalfCplt), (14 bytes).
    Removing stm32f4xx_hal_uart.o(i.UART_DMATxOnlyAbortCallback), (24 bytes).
    Removing stm32f4xx_hal_uart.o(i.UART_EndTxTransfer), (38 bytes).
    Removing stm32f4xx_hal_uart.o(i.UART_Start_Receive_DMA), (200 bytes).
    Removing stm32f4xx_hal_uart.o(i.UART_Start_Receive_IT), (64 bytes).
    Removing system_stm32f4xx.o(.rev16_text), (4 bytes).
    Removing system_stm32f4xx.o(.revsh_text), (4 bytes).
    Removing system_stm32f4xx.o(.rrx_text), (6 bytes).
    Removing system_stm32f4xx.o(i.SystemCoreClockUpdate), (192 bytes).
    Removing ili9341.o(.rev16_text), (4 bytes).
    Removing ili9341.o(.revsh_text), (4 bytes).
    Removing ili9341.o(.rrx_text), (6 bytes).
    Removing ili9341.o(i.ILI9341_Draw_Horizontal_Line), (72 bytes).
    Removing ili9341.o(i.ILI9341_Draw_Pixel), (42 bytes).
    Removing ili9341.o(i.ILI9341_Draw_Rectangle), (102 bytes).
    Removing ili9341.o(i.ILI9341_Draw_Vertical_Line), (74 bytes).
    Removing ili9341.o(i.ILI9341_Write_Data16Repeat), (88 bytes).
    Removing lcdapi.o(.rev16_text), (4 bytes).
    Removing lcdapi.o(.revsh_text), (4 bytes).
    Removing lcdapi.o(.rrx_text), (6 bytes).
    Removing lcdapi.o(i.LCD_Disp_Axis_Quadrant), (48 bytes).
    Removing lcdapi.o(i.LCD_Disp_Decimal), (268 bytes).
    Removing lcdapi.o(i.LCD_Disp_DotGrid), (94 bytes).
    Removing lcdapi.o(i.LCD_Disp_Num), (92 bytes).
    Removing lcdapi.o(i.LCD_Disp_NumLow), (96 bytes).
    Removing lcdapi.o(i.LCD_Disp_NumUpp), (136 bytes).
    Removing lcdapi.o(i.LCD_Disp_Text), (64 bytes).
    Removing lcdapi.o(i.LCD_Draw_Box_Filled), (90 bytes).
    Removing lcdapi.o(i.LCD_Draw_Box_Hollow), (142 bytes).
    Removing lcdapi.o(i.LCD_Draw_Char), (292 bytes).
    Removing lcdapi.o(i.LCD_Draw_Circle_Filled), (354 bytes).
    Removing lcdapi.o(i.LCD_Draw_Circle_Hollow), (306 bytes).
    Removing lcdapi.o(i.LCD_Draw_Horizontal_Arrow), (162 bytes).
    Removing lcdapi.o(i.LCD_Draw_Line), (440 bytes).
    Removing lcdapi.o(i.LCD_Draw_Line_Horizontal), (28 bytes).
    Removing lcdapi.o(i.LCD_Draw_Line_Vertical), (28 bytes).
    Removing lcdapi.o(i.LCD_Draw_Pixel), (20 bytes).
    Removing lcdapi.o(i.LCD_Draw_Rectangle), (36 bytes).
    Removing lcdapi.o(i.LCD_Draw_Vertical_Arrow), (162 bytes).
    Removing lcdapi.o(i.LCD_FUNC_Power), (22 bytes).
    Removing lcdapi.o(i.LCD_FUNC_SwapU16), (10 bytes).
    Removing lcdapi.o(i.LCD_FillScreen), (12 bytes).
    Removing lcdapi.o(i.LCD_InitBlack), (14 bytes).
    Removing lcdapi.o(.constdata), (3178 bytes).
    Removing fft.o(.rev16_text), (4 bytes).
    Removing fft.o(.revsh_text), (4 bytes).
    Removing fft.o(.rrx_text), (6 bytes).
    Removing delay.o(.rev16_text), (4 bytes).
    Removing delay.o(.revsh_text), (4 bytes).
    Removing delay.o(.rrx_text), (6 bytes).
    Removing arm_cos_f32.o(.text), (0 bytes).
    Removing arm_cos_f32.o(.ARM.exidx.text.arm_cos_f32), (8 bytes).
    Removing arm_sin_f32.o(.text), (0 bytes).
    Removing arm_sin_f32.o(.ARM.exidx.text.arm_sin_f32), (8 bytes).
    Removing arm_cmplx_mag_f32.o(.text), (0 bytes).
    Removing arm_cmplx_mag_f32.o(.ARM.exidx.text.arm_cmplx_mag_f32), (8 bytes).
    Removing arm_rfft_fast_f32.o(.text), (0 bytes).
    Removing arm_rfft_fast_f32.o(.ARM.exidx.text.stage_rfft_f32), (8 bytes).
    Removing arm_rfft_fast_f32.o(.ARM.exidx.text.merge_rfft_f32), (8 bytes).
    Removing arm_rfft_fast_f32.o(.ARM.exidx.text.arm_rfft_fast_f32), (8 bytes).
    Removing arm_rfft_fast_init_f32.o(.text), (0 bytes).
    Removing arm_rfft_fast_init_f32.o(.ARM.exidx.text.arm_rfft_fast_init_f32), (8 bytes).
    Removing arm_rfft_fast_init_f32.o(.ARM.exidx.text.arm_rfft_4096_fast_init_f32), (8 bytes).
    Removing arm_rfft_fast_init_f32.o(.ARM.exidx.text.arm_rfft_2048_fast_init_f32), (8 bytes).
    Removing arm_rfft_fast_init_f32.o(.ARM.exidx.text.arm_rfft_1024_fast_init_f32), (8 bytes).
    Removing arm_rfft_fast_init_f32.o(.ARM.exidx.text.arm_rfft_512_fast_init_f32), (8 bytes).
    Removing arm_rfft_fast_init_f32.o(.ARM.exidx.text.arm_rfft_256_fast_init_f32), (8 bytes).
    Removing arm_rfft_fast_init_f32.o(.ARM.exidx.text.arm_rfft_128_fast_init_f32), (8 bytes).
    Removing arm_rfft_fast_init_f32.o(.ARM.exidx.text.arm_rfft_64_fast_init_f32), (8 bytes).
    Removing arm_rfft_fast_init_f32.o(.ARM.exidx.text.arm_rfft_32_fast_init_f32), (8 bytes).
    Removing arm_cfft_f32.o(.text), (0 bytes).
    Removing arm_cfft_f32.o(.ARM.exidx.text.arm_cfft_radix8by2_f32), (8 bytes).
    Removing arm_cfft_f32.o(.ARM.exidx.text.arm_cfft_radix8by4_f32), (8 bytes).
    Removing arm_cfft_f32.o(.ARM.exidx.text.arm_cfft_f32), (8 bytes).
    Removing arm_cfft_init_f32.o(.text), (0 bytes).
    Removing arm_cfft_init_f32.o(.ARM.exidx.text.arm_cfft_init_f32), (8 bytes).
    Removing arm_common_tables.o(.text), (0 bytes).
    Removing arm_common_tables.o(.rodata.armBitRevTable), (2048 bytes).
    Removing arm_common_tables.o(.rodata.twiddleCoefF64_16), (256 bytes).
    Removing arm_common_tables.o(.rodata.twiddleCoefF64_32), (512 bytes).
    Removing arm_common_tables.o(.rodata.twiddleCoefF64_64), (1024 bytes).
    Removing arm_common_tables.o(.rodata.twiddleCoefF64_128), (2048 bytes).
    Removing arm_common_tables.o(.rodata.twiddleCoefF64_256), (4096 bytes).
    Removing arm_common_tables.o(.rodata.twiddleCoefF64_512), (8192 bytes).
    Removing arm_common_tables.o(.rodata.twiddleCoefF64_1024), (16384 bytes).
    Removing arm_common_tables.o(.rodata.twiddleCoefF64_2048), (32768 bytes).
    Removing arm_common_tables.o(.rodata.twiddleCoefF64_4096), (65536 bytes).
    Removing arm_common_tables.o(.rodata.twiddleCoef_16_q31), (96 bytes).
    Removing arm_common_tables.o(.rodata.twiddleCoef_32_q31), (192 bytes).
    Removing arm_common_tables.o(.rodata.twiddleCoef_64_q31), (384 bytes).
    Removing arm_common_tables.o(.rodata.twiddleCoef_128_q31), (768 bytes).
    Removing arm_common_tables.o(.rodata.twiddleCoef_256_q31), (1536 bytes).
    Removing arm_common_tables.o(.rodata.twiddleCoef_512_q31), (3072 bytes).
    Removing arm_common_tables.o(.rodata.twiddleCoef_1024_q31), (6144 bytes).
    Removing arm_common_tables.o(.rodata.twiddleCoef_2048_q31), (12288 bytes).
    Removing arm_common_tables.o(.rodata.twiddleCoef_4096_q31), (24576 bytes).
    Removing arm_common_tables.o(.rodata.twiddleCoef_16_q15), (48 bytes).
    Removing arm_common_tables.o(.rodata.twiddleCoef_32_q15), (96 bytes).
    Removing arm_common_tables.o(.rodata.twiddleCoef_64_q15), (192 bytes).
    Removing arm_common_tables.o(.rodata.twiddleCoef_128_q15), (384 bytes).
    Removing arm_common_tables.o(.rodata.twiddleCoef_256_q15), (768 bytes).
    Removing arm_common_tables.o(.rodata.twiddleCoef_512_q15), (1536 bytes).
    Removing arm_common_tables.o(.rodata.twiddleCoef_1024_q15), (3072 bytes).
    Removing arm_common_tables.o(.rodata.twiddleCoef_2048_q15), (6144 bytes).
    Removing arm_common_tables.o(.rodata.twiddleCoef_4096_q15), (12288 bytes).
    Removing arm_common_tables.o(.rodata.armBitRevIndexTableF64_16), (24 bytes).
    Removing arm_common_tables.o(.rodata.armBitRevIndexTableF64_32), (48 bytes).
    Removing arm_common_tables.o(.rodata.armBitRevIndexTableF64_64), (112 bytes).
    Removing arm_common_tables.o(.rodata.armBitRevIndexTableF64_128), (224 bytes).
    Removing arm_common_tables.o(.rodata.armBitRevIndexTableF64_256), (480 bytes).
    Removing arm_common_tables.o(.rodata.armBitRevIndexTableF64_512), (960 bytes).
    Removing arm_common_tables.o(.rodata.armBitRevIndexTableF64_1024), (1984 bytes).
    Removing arm_common_tables.o(.rodata.armBitRevIndexTableF64_2048), (3968 bytes).
    Removing arm_common_tables.o(.rodata.armBitRevIndexTableF64_4096), (8064 bytes).
    Removing arm_common_tables.o(.rodata.armBitRevIndexTable_fixed_16), (24 bytes).
    Removing arm_common_tables.o(.rodata.armBitRevIndexTable_fixed_32), (48 bytes).
    Removing arm_common_tables.o(.rodata.armBitRevIndexTable_fixed_64), (112 bytes).
    Removing arm_common_tables.o(.rodata.armBitRevIndexTable_fixed_128), (224 bytes).
    Removing arm_common_tables.o(.rodata.armBitRevIndexTable_fixed_256), (480 bytes).
    Removing arm_common_tables.o(.rodata.armBitRevIndexTable_fixed_512), (960 bytes).
    Removing arm_common_tables.o(.rodata.armBitRevIndexTable_fixed_1024), (1984 bytes).
    Removing arm_common_tables.o(.rodata.armBitRevIndexTable_fixed_2048), (3968 bytes).
    Removing arm_common_tables.o(.rodata.armBitRevIndexTable_fixed_4096), (8064 bytes).
    Removing arm_common_tables.o(.rodata.twiddleCoefF64_rfft_32), (256 bytes).
    Removing arm_common_tables.o(.rodata.twiddleCoefF64_rfft_64), (512 bytes).
    Removing arm_common_tables.o(.rodata.twiddleCoefF64_rfft_128), (1024 bytes).
    Removing arm_common_tables.o(.rodata.twiddleCoefF64_rfft_256), (2048 bytes).
    Removing arm_common_tables.o(.rodata.twiddleCoefF64_rfft_512), (4096 bytes).
    Removing arm_common_tables.o(.rodata.twiddleCoefF64_rfft_1024), (8192 bytes).
    Removing arm_common_tables.o(.rodata.twiddleCoefF64_rfft_2048), (16384 bytes).
    Removing arm_common_tables.o(.rodata.twiddleCoefF64_rfft_4096), (32768 bytes).
    Removing arm_common_tables.o(.rodata.realCoefA), (32768 bytes).
    Removing arm_common_tables.o(.rodata.realCoefB), (32768 bytes).
    Removing arm_common_tables.o(.rodata.realCoefAQ31), (32768 bytes).
    Removing arm_common_tables.o(.rodata.realCoefBQ31), (32768 bytes).
    Removing arm_common_tables.o(.rodata.realCoefAQ15), (16384 bytes).
    Removing arm_common_tables.o(.rodata.realCoefBQ15), (16384 bytes).
    Removing arm_common_tables.o(.rodata.Weights_128), (1024 bytes).
    Removing arm_common_tables.o(.rodata.cos_factors_128), (512 bytes).
    Removing arm_common_tables.o(.rodata.Weights_512), (4096 bytes).
    Removing arm_common_tables.o(.rodata.cos_factors_512), (2048 bytes).
    Removing arm_common_tables.o(.rodata.Weights_2048), (16384 bytes).
    Removing arm_common_tables.o(.rodata.cos_factors_2048), (8192 bytes).
    Removing arm_common_tables.o(.rodata.Weights_8192), (65536 bytes).
    Removing arm_common_tables.o(.rodata.cos_factors_8192), (32768 bytes).
    Removing arm_common_tables.o(.rodata.WeightsQ15_128), (512 bytes).
    Removing arm_common_tables.o(.rodata.cos_factorsQ15_128), (256 bytes).
    Removing arm_common_tables.o(.rodata.WeightsQ15_512), (2048 bytes).
    Removing arm_common_tables.o(.rodata.cos_factorsQ15_512), (1024 bytes).
    Removing arm_common_tables.o(.rodata.WeightsQ15_2048), (8192 bytes).
    Removing arm_common_tables.o(.rodata.cos_factorsQ15_2048), (4096 bytes).
    Removing arm_common_tables.o(.rodata.WeightsQ15_8192), (32768 bytes).
    Removing arm_common_tables.o(.rodata.cos_factorsQ15_8192), (16384 bytes).
    Removing arm_common_tables.o(.rodata.WeightsQ31_128), (1024 bytes).
    Removing arm_common_tables.o(.rodata.cos_factorsQ31_128), (512 bytes).
    Removing arm_common_tables.o(.rodata.WeightsQ31_512), (4096 bytes).
    Removing arm_common_tables.o(.rodata.cos_factorsQ31_512), (2048 bytes).
    Removing arm_common_tables.o(.rodata.WeightsQ31_2048), (16384 bytes).
    Removing arm_common_tables.o(.rodata.cos_factorsQ31_2048), (8192 bytes).
    Removing arm_common_tables.o(.rodata.WeightsQ31_8192), (65536 bytes).
    Removing arm_common_tables.o(.rodata.cos_factorsQ31_8192), (32768 bytes).
    Removing arm_common_tables.o(.rodata.armRecipTableQ15), (128 bytes).
    Removing arm_common_tables.o(.rodata.armRecipTableQ31), (256 bytes).
    Removing arm_common_tables.o(.rodata.sinTable_q31), (2052 bytes).
    Removing arm_common_tables.o(.rodata.sinTable_q15), (1026 bytes).
    Removing arm_bitreversal2.o(.text), (0 bytes).
    Removing arm_bitreversal2.o(.text.arm_bitreversal_64), (138 bytes).
    Removing arm_bitreversal2.o(.ARM.exidx.text.arm_bitreversal_64), (8 bytes).
    Removing arm_bitreversal2.o(.ARM.exidx.text.arm_bitreversal_32), (8 bytes).
    Removing arm_bitreversal2.o(.text.arm_bitreversal_16), (74 bytes).
    Removing arm_bitreversal2.o(.ARM.exidx.text.arm_bitreversal_16), (8 bytes).
    Removing arm_cfft_radix8_f32.o(.text), (0 bytes).
    Removing arm_cfft_radix8_f32.o(.ARM.exidx.text.arm_radix8_butterfly_f32), (8 bytes).
    Removing arm_const_structs.o(.text), (0 bytes).
    Removing arm_const_structs.o(.rodata.arm_cfft_sR_f64_len16), (16 bytes).
    Removing arm_const_structs.o(.rodata.arm_cfft_sR_f64_len32), (16 bytes).
    Removing arm_const_structs.o(.rodata.arm_cfft_sR_f64_len64), (16 bytes).
    Removing arm_const_structs.o(.rodata.arm_cfft_sR_f64_len128), (16 bytes).
    Removing arm_const_structs.o(.rodata.arm_cfft_sR_f64_len256), (16 bytes).
    Removing arm_const_structs.o(.rodata.arm_cfft_sR_f64_len512), (16 bytes).
    Removing arm_const_structs.o(.rodata.arm_cfft_sR_f64_len1024), (16 bytes).
    Removing arm_const_structs.o(.rodata.arm_cfft_sR_f64_len2048), (16 bytes).
    Removing arm_const_structs.o(.rodata.arm_cfft_sR_f64_len4096), (16 bytes).
    Removing arm_const_structs.o(.rodata.arm_cfft_sR_q31_len16), (16 bytes).
    Removing arm_const_structs.o(.rodata.arm_cfft_sR_q31_len32), (16 bytes).
    Removing arm_const_structs.o(.rodata.arm_cfft_sR_q31_len64), (16 bytes).
    Removing arm_const_structs.o(.rodata.arm_cfft_sR_q31_len128), (16 bytes).
    Removing arm_const_structs.o(.rodata.arm_cfft_sR_q31_len256), (16 bytes).
    Removing arm_const_structs.o(.rodata.arm_cfft_sR_q31_len512), (16 bytes).
    Removing arm_const_structs.o(.rodata.arm_cfft_sR_q31_len1024), (16 bytes).
    Removing arm_const_structs.o(.rodata.arm_cfft_sR_q31_len2048), (16 bytes).
    Removing arm_const_structs.o(.rodata.arm_cfft_sR_q31_len4096), (16 bytes).
    Removing arm_const_structs.o(.rodata.arm_cfft_sR_q15_len16), (16 bytes).
    Removing arm_const_structs.o(.rodata.arm_cfft_sR_q15_len32), (16 bytes).
    Removing arm_const_structs.o(.rodata.arm_cfft_sR_q15_len64), (16 bytes).
    Removing arm_const_structs.o(.rodata.arm_cfft_sR_q15_len128), (16 bytes).
    Removing arm_const_structs.o(.rodata.arm_cfft_sR_q15_len256), (16 bytes).
    Removing arm_const_structs.o(.rodata.arm_cfft_sR_q15_len512), (16 bytes).
    Removing arm_const_structs.o(.rodata.arm_cfft_sR_q15_len1024), (16 bytes).
    Removing arm_const_structs.o(.rodata.arm_cfft_sR_q15_len2048), (16 bytes).
    Removing arm_const_structs.o(.rodata.arm_cfft_sR_q15_len4096), (16 bytes).
    Removing arm_const_structs.o(.rodata.arm_rfft_fast_sR_f64_len32), (24 bytes).
    Removing arm_const_structs.o(.rodata.arm_rfft_fast_sR_f64_len64), (24 bytes).
    Removing arm_const_structs.o(.rodata.arm_rfft_fast_sR_f64_len128), (24 bytes).
    Removing arm_const_structs.o(.rodata.arm_rfft_fast_sR_f64_len256), (24 bytes).
    Removing arm_const_structs.o(.rodata.arm_rfft_fast_sR_f64_len512), (24 bytes).
    Removing arm_const_structs.o(.rodata.arm_rfft_fast_sR_f64_len1024), (24 bytes).
    Removing arm_const_structs.o(.rodata.arm_rfft_fast_sR_f64_len2048), (24 bytes).
    Removing arm_const_structs.o(.rodata.arm_rfft_fast_sR_f64_len4096), (24 bytes).
    Removing arm_const_structs.o(.rodata.arm_rfft_fast_sR_f32_len32), (24 bytes).
    Removing arm_const_structs.o(.rodata.arm_rfft_fast_sR_f32_len64), (24 bytes).
    Removing arm_const_structs.o(.rodata.arm_rfft_fast_sR_f32_len128), (24 bytes).
    Removing arm_const_structs.o(.rodata.arm_rfft_fast_sR_f32_len256), (24 bytes).
    Removing arm_const_structs.o(.rodata.arm_rfft_fast_sR_f32_len512), (24 bytes).
    Removing arm_const_structs.o(.rodata.arm_rfft_fast_sR_f32_len1024), (24 bytes).
    Removing arm_const_structs.o(.rodata.arm_rfft_fast_sR_f32_len2048), (24 bytes).
    Removing arm_const_structs.o(.rodata.arm_rfft_fast_sR_f32_len4096), (24 bytes).
    Removing arm_const_structs.o(.rodata.arm_rfft_sR_q31_len32), (24 bytes).
    Removing arm_const_structs.o(.rodata.arm_rfft_sR_q31_len64), (24 bytes).
    Removing arm_const_structs.o(.rodata.arm_rfft_sR_q31_len128), (24 bytes).
    Removing arm_const_structs.o(.rodata.arm_rfft_sR_q31_len256), (24 bytes).
    Removing arm_const_structs.o(.rodata.arm_rfft_sR_q31_len512), (24 bytes).
    Removing arm_const_structs.o(.rodata.arm_rfft_sR_q31_len1024), (24 bytes).
    Removing arm_const_structs.o(.rodata.arm_rfft_sR_q31_len2048), (24 bytes).
    Removing arm_const_structs.o(.rodata.arm_rfft_sR_q31_len4096), (24 bytes).
    Removing arm_const_structs.o(.rodata.arm_rfft_sR_q31_len8192), (24 bytes).
    Removing arm_const_structs.o(.rodata.arm_rfft_sR_q15_len32), (24 bytes).
    Removing arm_const_structs.o(.rodata.arm_rfft_sR_q15_len64), (24 bytes).
    Removing arm_const_structs.o(.rodata.arm_rfft_sR_q15_len128), (24 bytes).
    Removing arm_const_structs.o(.rodata.arm_rfft_sR_q15_len256), (24 bytes).
    Removing arm_const_structs.o(.rodata.arm_rfft_sR_q15_len512), (24 bytes).
    Removing arm_const_structs.o(.rodata.arm_rfft_sR_q15_len1024), (24 bytes).
    Removing arm_const_structs.o(.rodata.arm_rfft_sR_q15_len2048), (24 bytes).
    Removing arm_const_structs.o(.rodata.arm_rfft_sR_q15_len4096), (24 bytes).
    Removing arm_const_structs.o(.rodata.arm_rfft_sR_q15_len8192), (24 bytes).
    Removing dfltui.o(.text), (26 bytes).
    Removing dfixi.o(.text), (62 bytes).

773 unused section(s) (total 857520 bytes) removed from the image.
