Component: ARM Compiler 5.06 update 7 (build 960) Tool: armlink [4d3601]

==============================================================================

Section Cross References

    startup_stm32f407xx.o(RESET) refers to startup_stm32f407xx.o(STACK) for __initial_sp
    startup_stm32f407xx.o(RESET) refers to startup_stm32f407xx.o(.text) for Reset_Handler
    startup_stm32f407xx.o(RESET) refers to stm32f4xx_it.o(i.NMI_Handler) for NMI_Handler
    startup_stm32f407xx.o(RESET) refers to stm32f4xx_it.o(i.HardFault_Handler) for HardFault_Handler
    startup_stm32f407xx.o(RESET) refers to stm32f4xx_it.o(i.MemManage_Handler) for MemManage_Handler
    startup_stm32f407xx.o(RESET) refers to stm32f4xx_it.o(i.BusFault_Handler) for BusFault_Handler
    startup_stm32f407xx.o(RESET) refers to stm32f4xx_it.o(i.UsageFault_Handler) for UsageFault_Handler
    startup_stm32f407xx.o(RESET) refers to stm32f4xx_it.o(i.SVC_Handler) for SVC_Handler
    startup_stm32f407xx.o(RESET) refers to stm32f4xx_it.o(i.DebugMon_Handler) for DebugMon_Handler
    startup_stm32f407xx.o(RESET) refers to stm32f4xx_it.o(i.PendSV_Handler) for PendSV_Handler
    startup_stm32f407xx.o(RESET) refers to stm32f4xx_it.o(i.SysTick_Handler) for SysTick_Handler
    startup_stm32f407xx.o(RESET) refers to stm32f4xx_it.o(i.DMA1_Stream5_IRQHandler) for DMA1_Stream5_IRQHandler
    startup_stm32f407xx.o(RESET) refers to stm32f4xx_it.o(i.ADC_IRQHandler) for ADC_IRQHandler
    startup_stm32f407xx.o(RESET) refers to stm32f4xx_it.o(i.TIM3_IRQHandler) for TIM3_IRQHandler
    startup_stm32f407xx.o(RESET) refers to stm32f4xx_it.o(i.USART2_IRQHandler) for USART2_IRQHandler
    startup_stm32f407xx.o(RESET) refers to stm32f4xx_it.o(i.DMA2_Stream0_IRQHandler) for DMA2_Stream0_IRQHandler
    startup_stm32f407xx.o(.text) refers to system_stm32f4xx.o(i.SystemInit) for SystemInit
    startup_stm32f407xx.o(.text) refers to entry.o(.ARM.Collect$$$$00000000) for __main
    main.o(i.SystemClock_Config) refers to memseta.o(.text) for __aeabi_memclr4
    main.o(i.SystemClock_Config) refers to stm32f4xx_hal_rcc.o(i.HAL_RCC_OscConfig) for HAL_RCC_OscConfig
    main.o(i.SystemClock_Config) refers to main.o(i.Error_Handler) for Error_Handler
    main.o(i.SystemClock_Config) refers to stm32f4xx_hal_rcc.o(i.HAL_RCC_ClockConfig) for HAL_RCC_ClockConfig
    main.o(i.main) refers to stm32f4xx_hal.o(i.HAL_Init) for HAL_Init
    main.o(i.main) refers to delay.o(i.delay_init) for delay_init
    main.o(i.main) refers to main.o(i.SystemClock_Config) for SystemClock_Config
    main.o(i.main) refers to gpio.o(i.MX_GPIO_Init) for MX_GPIO_Init
    main.o(i.main) refers to dma.o(i.MX_DMA_Init) for MX_DMA_Init
    main.o(i.main) refers to spi.o(i.MX_SPI2_Init) for MX_SPI2_Init
    main.o(i.main) refers to usart.o(i.MX_USART2_UART_Init) for MX_USART2_UART_Init
    main.o(i.main) refers to adc.o(i.MX_ADC1_Init) for MX_ADC1_Init
    main.o(i.main) refers to dac.o(i.MX_DAC_Init) for MX_DAC_Init
    main.o(i.main) refers to tim.o(i.MX_TIM3_Init) for MX_TIM3_Init
    main.o(i.main) refers to tim.o(i.MX_TIM8_Init) for MX_TIM8_Init
    main.o(i.main) refers to lcdapi.o(i.LCD_Init) for LCD_Init
    main.o(i.main) refers to stm32f4xx_hal_adc.o(i.HAL_ADC_Start_DMA) for HAL_ADC_Start_DMA
    main.o(i.main) refers to stm32f4xx_hal_tim.o(i.HAL_TIM_Base_Start) for HAL_TIM_Base_Start
    main.o(i.main) refers to fft.o(i.process_signal) for process_signal
    main.o(i.main) refers to f2d.o(.text) for __aeabi_f2d
    main.o(i.main) refers to printfa.o(i.__0printf) for __2printf
    main.o(i.main) refers to fft.o(.bss) for ADCbuff
    main.o(i.main) refers to adc.o(.bss) for hadc1
    main.o(i.main) refers to tim.o(.bss) for htim3
    main.o(i.main) refers to main.o(.data) for frame_ready
    main.o(i.main) refers to main.o(.conststring) for .conststring
    gpio.o(i.MX_GPIO_Init) refers to memseta.o(.text) for __aeabi_memclr4
    gpio.o(i.MX_GPIO_Init) refers to stm32f4xx_hal_gpio.o(i.HAL_GPIO_WritePin) for HAL_GPIO_WritePin
    gpio.o(i.MX_GPIO_Init) refers to stm32f4xx_hal_gpio.o(i.HAL_GPIO_Init) for HAL_GPIO_Init
    adc.o(i.HAL_ADC_MspDeInit) refers to stm32f4xx_hal_gpio.o(i.HAL_GPIO_DeInit) for HAL_GPIO_DeInit
    adc.o(i.HAL_ADC_MspDeInit) refers to stm32f4xx_hal_dma.o(i.HAL_DMA_DeInit) for HAL_DMA_DeInit
    adc.o(i.HAL_ADC_MspDeInit) refers to stm32f4xx_hal_cortex.o(i.HAL_NVIC_DisableIRQ) for HAL_NVIC_DisableIRQ
    adc.o(i.HAL_ADC_MspInit) refers to memseta.o(.text) for __aeabi_memclr4
    adc.o(i.HAL_ADC_MspInit) refers to stm32f4xx_hal_gpio.o(i.HAL_GPIO_Init) for HAL_GPIO_Init
    adc.o(i.HAL_ADC_MspInit) refers to stm32f4xx_hal_dma.o(i.HAL_DMA_Init) for HAL_DMA_Init
    adc.o(i.HAL_ADC_MspInit) refers to main.o(i.Error_Handler) for Error_Handler
    adc.o(i.HAL_ADC_MspInit) refers to stm32f4xx_hal_cortex.o(i.HAL_NVIC_SetPriority) for HAL_NVIC_SetPriority
    adc.o(i.HAL_ADC_MspInit) refers to stm32f4xx_hal_cortex.o(i.HAL_NVIC_EnableIRQ) for HAL_NVIC_EnableIRQ
[...]
    i.HAL_RCC_GetHCLKFreq                    0x08002e78   Section        0  stm32f4xx_hal_rcc.o(i.HAL_RCC_GetHCLKFreq)
    i.HAL_RCC_GetPCLK1Freq                   0x08002e84   Section        0  stm32f4xx_hal_rcc.o(i.HAL_RCC_GetPCLK1Freq)
    i.HAL_RCC_GetPCLK2Freq                   0x08002ea4   Section        0  stm32f4xx_hal_rcc.o(i.HAL_RCC_GetPCLK2Freq)
    i.HAL_RCC_GetSysClockFreq                0x08002ec4   Section        0  stm32f4xx_hal_rcc.o(i.HAL_RCC_GetSysClockFreq)
    i.HAL_RCC_OscConfig                      0x08002f74   Section        0  stm32f4xx_hal_rcc.o(i.HAL_RCC_OscConfig)
    i.HAL_SPI_Init                           0x08003410   Section        0  stm32f4xx_hal_spi.o(i.HAL_SPI_Init)
    i.HAL_SPI_MspInit                        0x080034d8   Section        0  spi.o(i.HAL_SPI_MspInit)
    i.HAL_SPI_Transmit                       0x08003560   Section        0  stm32f4xx_hal_spi.o(i.HAL_SPI_Transmit)
    i.HAL_SYSTICK_Config                     0x0800371e   Section        0  stm32f4xx_hal_cortex.o(i.HAL_SYSTICK_Config)
    i.HAL_TIMEx_BreakCallback                0x08003752   Section        0  stm32f4xx_hal_tim_ex.o(i.HAL_TIMEx_BreakCallback)
    i.HAL_TIMEx_CommutCallback               0x08003754   Section        0  stm32f4xx_hal_tim_ex.o(i.HAL_TIMEx_CommutCallback)
    i.HAL_TIMEx_MasterConfigSynchronization  0x08003758   Section        0  stm32f4xx_hal_tim_ex.o(i.HAL_TIMEx_MasterConfigSynchronization)
    i.HAL_TIM_Base_Init                      0x0800380c   Section        0  stm32f4xx_hal_tim.o(i.HAL_TIM_Base_Init)
    i.HAL_TIM_Base_MspInit                   0x08003874   Section        0  tim.o(i.HAL_TIM_Base_MspInit)
    i.HAL_TIM_Base_Start                     0x080038ec   Section        0  stm32f4xx_hal_tim.o(i.HAL_TIM_Base_Start)
    i.HAL_TIM_ConfigClockSource              0x08003988   Section        0  stm32f4xx_hal_tim.o(i.HAL_TIM_ConfigClockSource)
    i.HAL_TIM_IC_CaptureCallback             0x08003a94   Section        0  stm32f4xx_hal_tim.o(i.HAL_TIM_IC_CaptureCallback)
    i.HAL_TIM_IRQHandler                     0x08003a96   Section        0  stm32f4xx_hal_tim.o(i.HAL_TIM_IRQHandler)
    i.HAL_TIM_OC_DelayElapsedCallback        0x08003c02   Section        0  stm32f4xx_hal_tim.o(i.HAL_TIM_OC_DelayElapsedCallback)
    i.HAL_TIM_PWM_PulseFinishedCallback      0x08003c04   Section        0  stm32f4xx_hal_tim.o(i.HAL_TIM_PWM_PulseFinishedCallback)
    i.HAL_TIM_PeriodElapsedCallback          0x08003c06   Section        0  stm32f4xx_hal_tim.o(i.HAL_TIM_PeriodElapsedCallback)
    i.HAL_TIM_TriggerCallback                0x08003c08   Section        0  stm32f4xx_hal_tim.o(i.HAL_TIM_TriggerCallback)
    i.HAL_UARTEx_RxEventCallback             0x08003c0a   Section        0  stm32f4xx_hal_uart.o(i.HAL_UARTEx_RxEventCallback)
    i.HAL_UART_ErrorCallback                 0x08003c0c   Section        0  stm32f4xx_hal_uart.o(i.HAL_UART_ErrorCallback)
    i.HAL_UART_IRQHandler                    0x08003c10   Section        0  stm32f4xx_hal_uart.o(i.HAL_UART_IRQHandler)
    i.HAL_UART_Init                          0x08003ef8   Section        0  stm32f4xx_hal_uart.o(i.HAL_UART_Init)
    i.HAL_UART_MspInit                       0x08003f70   Section        0  usart.o(i.HAL_UART_MspInit)
    i.HAL_UART_RxCpltCallback                0x08004008   Section        0  stm32f4xx_hal_uart.o(i.HAL_UART_RxCpltCallback)
    i.HAL_UART_Transmit                      0x0800400a   Section        0  stm32f4xx_hal_uart.o(i.HAL_UART_Transmit)
    i.HAL_UART_TxCpltCallback                0x080040c8   Section        0  stm32f4xx_hal_uart.o(i.HAL_UART_TxCpltCallback)
    i.HardFault_Handler                      0x080040ca   Section        0  stm32f4xx_it.o(i.HardFault_Handler)
    i.ILI9341_FillScreen                     0x080040d0   Section        0  ili9341.o(i.ILI9341_FillScreen)
    i.ILI9341_Init                           0x080040f0   Section        0  ili9341.o(i.ILI9341_Init)
    i.ILI9341_Reset                          0x08004304   Section        0  ili9341.o(i.ILI9341_Reset)
    i.ILI9341_SPI_Transmit                   0x0800433c   Section        0  ili9341.o(i.ILI9341_SPI_Transmit)
    i.ILI9341_Set_Address                    0x08004350   Section        0  ili9341.o(i.ILI9341_Set_Address)
    i.ILI9341_Write_Command                  0x0800438c   Section        0  ili9341.o(i.ILI9341_Write_Command)
    i.ILI9341_Write_Data                     0x080043c0   Section        0  ili9341.o(i.ILI9341_Write_Data)
    i.ILI9341_Write_Data16                   0x080043f4   Section        0  ili9341.o(i.ILI9341_Write_Data16)
    i.ILI9341_Write_Data16Burst              0x08004440   Section        0  ili9341.o(i.ILI9341_Write_Data16Burst)
    i.Init_window                            0x080044f0   Section        0  fft.o(i.Init_window)
    i.LCD_Init                               0x08004524   Section        0  lcdapi.o(i.LCD_Init)
    i.MX_ADC1_Init                           0x08004534   Section        0  adc.o(i.MX_ADC1_Init)
    i.MX_DAC_Init                            0x080045a4   Section        0  dac.o(i.MX_DAC_Init)
    i.MX_DMA_Init                            0x080045e0   Section        0  dma.o(i.MX_DMA_Init)
    i.MX_GPIO_Init                           0x08004648   Section        0  gpio.o(i.MX_GPIO_Init)
    i.MX_SPI2_Init                           0x0800478c   Section        0  spi.o(i.MX_SPI2_Init)
    i.MX_TIM3_Init                           0x080047d0   Section        0  tim.o(i.MX_TIM3_Init)
    i.MX_TIM8_Init                           0x08004840   Section        0  tim.o(i.MX_TIM8_Init)
    i.MX_USART2_UART_Init                    0x080048b0   Section        0  usart.o(i.MX_USART2_UART_Init)
    i.MemManage_Handler                      0x080048e8   Section        0  stm32f4xx_it.o(i.MemManage_Handler)
    i.NMI_Handler                            0x080048ec   Section        0  stm32f4xx_it.o(i.NMI_Handler)
    i.PendSV_Handler                         0x080048f0   Section        0  stm32f4xx_it.o(i.PendSV_Handler)
    i.SPI_EndRxTxTransaction                 0x080048f4   Section        0  stm32f4xx_hal_spi.o(i.SPI_EndRxTxTransaction)
    SPI_EndRxTxTransaction                   0x080048f5   Thumb Code   128  stm32f4xx_hal_spi.o(i.SPI_EndRxTxTransaction)
    i.SPI_WaitFlagStateUntilTimeout          0x0800497c   Section        0  stm32f4xx_hal_spi.o(i.SPI_WaitFlagStateUntilTimeout)
    SPI_WaitFlagStateUntilTimeout            0x0800497d   Thumb Code   210  stm32f4xx_hal_spi.o(i.SPI_WaitFlagStateUntilTimeout)
    i.SVC_Handler                            0x08004a54   Section        0  stm32f4xx_it.o(i.SVC_Handler)
    i.SysTick_Handler                        0x08004a56   Section        0  stm32f4xx_it.o(i.SysTick_Handler)
    i.SystemClock_Config                     0x08004a60   Section        0  main.o(i.SystemClock_Config)
    i.SystemInit                             0x08004b14   Section        0  system_stm32f4xx.o(i.SystemInit)
    i.TIM3_IRQHandler                        0x08004b28   Section        0  stm32f4xx_it.o(i.TIM3_IRQHandler)
    i.TIM_Base_SetConfig                     0x08004b38   Section        0  stm32f4xx_hal_tim.o(i.TIM_Base_SetConfig)
    i.TIM_ETR_SetConfig                      0x08004c20   Section        0  stm32f4xx_hal_tim.o(i.TIM_ETR_SetConfig)
    i.TIM_ITRx_SetConfig                     0x08004c36   Section        0  stm32f4xx_hal_tim.o(i.TIM_ITRx_SetConfig)
    TIM_ITRx_SetConfig                       0x08004c37   Thumb Code    18  stm32f4xx_hal_tim.o(i.TIM_ITRx_SetConfig)
    i.TIM_TI1_ConfigInputStage               0x08004c48   Section        0  stm32f4xx_hal_tim.o(i.TIM_TI1_ConfigInputStage)
    TIM_TI1_ConfigInputStage                 0x08004c49   Thumb Code    38  stm32f4xx_hal_tim.o(i.TIM_TI1_ConfigInputStage)
    i.TIM_TI2_ConfigInputStage               0x08004c6e   Section        0  stm32f4xx_hal_tim.o(i.TIM_TI2_ConfigInputStage)
    TIM_TI2_ConfigInputStage                 0x08004c6f   Thumb Code    40  stm32f4xx_hal_tim.o(i.TIM_TI2_ConfigInputStage)
    i.UART_DMAAbortOnError                   0x08004c96   Section        0  stm32f4xx_hal_uart.o(i.UART_DMAAbortOnError)
    UART_DMAAbortOnError                     0x08004c97   Thumb Code    20  stm32f4xx_hal_uart.o(i.UART_DMAAbortOnError)
    i.UART_EndRxTransfer                     0x08004caa   Section        0  stm32f4xx_hal_uart.o(i.UART_EndRxTransfer)
    UART_EndRxTransfer                       0x08004cab   Thumb Code   108  stm32f4xx_hal_uart.o(i.UART_EndRxTransfer)
    i.UART_EndTransmit_IT                    0x08004d16   Section        0  stm32f4xx_hal_uart.o(i.UART_EndTransmit_IT)
    UART_EndTransmit_IT                      0x08004d17   Thumb Code    32  stm32f4xx_hal_uart.o(i.UART_EndTransmit_IT)
    i.UART_Receive_IT                        0x08004d36   Section        0  stm32f4xx_hal_uart.o(i.UART_Receive_IT)
    UART_Receive_IT                          0x08004d37   Thumb Code   252  stm32f4xx_hal_uart.o(i.UART_Receive_IT)
    i.UART_SetConfig                         0x08004e34   Section        0  stm32f4xx_hal_uart.o(i.UART_SetConfig)
    UART_SetConfig                           0x08004e35   Thumb Code   546  stm32f4xx_hal_uart.o(i.UART_SetConfig)
    i.UART_Transmit_IT                       0x08005060   Section        0  stm32f4xx_hal_uart.o(i.UART_Transmit_IT)
    UART_Transmit_IT                         0x08005061   Thumb Code    96  stm32f4xx_hal_uart.o(i.UART_Transmit_IT)
    i.UART_WaitOnFlagUntilTimeout            0x080050c0   Section        0  stm32f4xx_hal_uart.o(i.UART_WaitOnFlagUntilTimeout)
    UART_WaitOnFlagUntilTimeout              0x080050c1   Thumb Code   140  stm32f4xx_hal_uart.o(i.UART_WaitOnFlagUntilTimeout)
    i.USART2_IRQHandler                      0x0800514c   Section        0  stm32f4xx_it.o(i.USART2_IRQHandler)
    i.UsageFault_Handler                     0x0800515c   Section        0  stm32f4xx_it.o(i.UsageFault_Handler)
    i.__0printf                              0x08005160   Section        0  printfa.o(i.__0printf)
    i.__NVIC_GetPriorityGrouping             0x08005180   Section        0  stm32f4xx_hal_cortex.o(i.__NVIC_GetPriorityGrouping)
    __NVIC_GetPriorityGrouping               0x08005181   Thumb Code    10  stm32f4xx_hal_cortex.o(i.__NVIC_GetPriorityGrouping)
    i.__NVIC_SetPriority                     0x08005190   Section        0  stm32f4xx_hal_cortex.o(i.__NVIC_SetPriority)
    __NVIC_SetPriority                       0x08005191   Thumb Code    32  stm32f4xx_hal_cortex.o(i.__NVIC_SetPriority)
    i.__hardfp_sqrtf                         0x080051b8   Section        0  sqrtf.o(i.__hardfp_sqrtf)
    i.__scatterload_copy                     0x080051f2   Section       14  handlers.o(i.__scatterload_copy)
    i.__scatterload_null                     0x08005200   Section        2  handlers.o(i.__scatterload_null)
    i.__scatterload_zeroinit                 0x08005202   Section       14  handlers.o(i.__scatterload_zeroinit)
    i.__set_errno                            0x08005210   Section        0  errno.o(i.__set_errno)
    i._fp_digits                             0x0800521c   Section        0  printfa.o(i._fp_digits)
    _fp_digits                               0x0800521d   Thumb Code   366  printfa.o(i._fp_digits)
    i._printf_core                           0x080053a0   Section        0  printfa.o(i._printf_core)
    _printf_core                             0x080053a1   Thumb Code  1704  printfa.o(i._printf_core)
    i._printf_post_padding                   0x08005a54   Section        0  printfa.o(i._printf_post_padding)
    _printf_post_padding                     0x08005a55   Thumb Code    36  printfa.o(i._printf_post_padding)
    i._printf_pre_padding                    0x08005a78   Section        0  printfa.o(i._printf_pre_padding)
    _printf_pre_padding                      0x08005a79   Thumb Code    46  printfa.o(i._printf_pre_padding)
    i.arm_atan2_f32                          0x08005aa8   Section        0  arm_atan2_f32.o(i.arm_atan2_f32)
    i.arm_cos_f32                            0x08005da8   Section        0  arm_cos_f32.o(i.arm_cos_f32)
    i.arm_sin_f32                            0x08005e4c   Section        0  arm_sin_f32.o(i.arm_sin_f32)
    i.corr_amp_phase                         0x08005eec   Section        0  fft.o(i.corr_amp_phase)
    i.delay_init                             0x0800600c   Section        0  delay.o(i.delay_init)
    i.delay_ms                               0x08006018   Section        0  delay.o(i.delay_ms)
    i.delay_us                               0x0800602c   Section        0  delay.o(i.delay_us)
    i.find_peaks                             0x08006074   Section        0  fft.o(i.find_peaks)
    i.fputc                                  0x080060dc   Section        0  usart.o(i.fputc)
    i.free                                   0x080060f8   Section        0  malloc.o(i.free)
    i.interp_parabolic                       0x08006148   Section        0  fft.o(i.interp_parabolic)
    i.main                                   0x08006194   Section        0  main.o(i.main)
    i.malloc                                 0x080062cc   Section        0  malloc.o(i.malloc)
    i.process_signal                         0x08006338   Section        0  fft.o(i.process_signal)
    i.window_blackman                        0x080065e0   Section        0  fft.o(i.window_blackman)
    i.window_blackmanHarris                  0x080066b0   Section        0  fft.o(i.window_blackmanHarris)
    i.window_hamming                         0x080067b4   Section        0  fft.o(i.window_hamming)
    i.window_hanning                         0x08006850   Section        0  fft.o(i.window_hanning)
    .constdata                               0x080068e8   Section        8  stm32f4xx_hal_dma.o(.constdata)
    flagBitshiftOffset                       0x080068e8   Data           8  stm32f4xx_hal_dma.o(.constdata)
    .constdata                               0x080068f0   Section       24  system_stm32f4xx.o(.constdata)
    .constdata                               0x08006908   Section       40  arm_atan2_f32.o(.constdata)
    atan2_coefs_f32                          0x08006908   Data          40  arm_atan2_f32.o(.constdata)
    .conststring                             0x08006930   Section       77  main.o(.conststring)
    .bss                                     0x20000000   Section    106544  fft.o(.bss)
    fft_inputbuf                             0x20002000   Data       32768  fft.o(.bss)
    fft_outputbuf                            0x2000a000   Data       32768  fft.o(.bss)
    mag                                      0x20012000   Data       16384  fft.o(.bss)
    window                                   0x20016000   Data       16384  fft.o(.bss)
    .data                                    0x2001c000   Section        1  main.o(.data)
    .data                                    0x2001c004   Section        9  stm32f4xx_hal.o(.data)
    .data                                    0x2001c010   Section        4  system_stm32f4xx.o(.data)
    .data                                    0x2001c014   Section        4  fft.o(.data)
    window_cg                                0x2001c014   Data           4  fft.o(.data)
    .data                                    0x2001c018   Section        4  delay.o(.data)
    g_fac_us                                 0x2001c018   Data           4  delay.o(.data)
    .data                                    0x2001c01c   Section        4  stdout.o(.data)
    .data                                    0x2001c020   Section        4  mvars.o(.data)
    .data                                    0x2001c024   Section        4  mvars.o(.data)
    .data                                    0x2001c028   Section        4  errno.o(.data)
    _errno                                   0x2001c028   Data           4  errno.o(.data)
    .bss                                     0x2001c02c   Section      168  adc.o(.bss)
    .bss                                     0x2001c0d4   Section      116  dac.o(.bss)
    .bss                                     0x2001c148   Section       88  spi.o(.bss)
    .bss                                     0x2001c1a0   Section      144  tim.o(.bss)
    .bss                                     0x2001c230   Section       72  usart.o(.bss)
    HEAP                                     0x2001c278   Section      512  startup_stm32f407xx.o(HEAP)
    STACK                                    0x2001c478   Section     1024  startup_stm32f407xx.o(STACK)

    Global Symbols

    Symbol Name                              Value     Ov Type        Size  Object(Section)

    BuildAttributes$$THM_ISAv4$E$P$D$K$B$S$7EM$VFPi3$EXTD16$VFPS$VFMA$PE$A:L22UL41UL21$X:L11$S22US41US21$IEEE1$IW$USESV6$~STKCKD$USESV7$~SHL$OTIME$ROPI$IEEEJ$EBA8$MICROLIB$REQ8$PRES8$EABIv2 0x00000000   Number         0  anon$$obj.o ABSOLUTE
    __ARM_use_no_argv                        0x00000000   Number         0  main.o ABSOLUTE
    _printf_a                                0x00000000   Number         0  stubs.o ABSOLUTE
    _printf_c                                0x00000000   Number         0  stubs.o ABSOLUTE
    _printf_charcount                        0x00000000   Number         0  stubs.o ABSOLUTE
    _printf_d                                0x00000000   Number         0  stubs.o ABSOLUTE
    _printf_e                                0x00000000   Number         0  stubs.o ABSOLUTE
    _printf_f                                0x00000000   Number         0  stubs.o ABSOLUTE
    _printf_flags                            0x00000000   Number         0  stubs.o ABSOLUTE
    _printf_fp_dec                           0x00000000   Number         0  stubs.o ABSOLUTE
    _printf_fp_hex                           0x00000000   Number         0  stubs.o ABSOLUTE
    _printf_g                                0x00000000   Number         0  stubs.o ABSOLUTE
    _printf_i                                0x00000000   Number         0  stubs.o ABSOLUTE
    _printf_int_dec                          0x00000000   Number         0  stubs.o ABSOLUTE
    _printf_l                                0x00000000   Number         0  stubs.o ABSOLUTE
    _printf_lc                               0x00000000   Number         0  stubs.o ABSOLUTE
    _printf_ll                               0x00000000   Number         0  stubs.o ABSOLUTE
    _printf_lld                              0x00000000   Number         0  stubs.o ABSOLUTE
    _printf_lli                              0x00000000   Number         0  stubs.o ABSOLUTE
    _printf_llo                              0x00000000   Number         0  stubs.o ABSOLUTE
    _printf_llu                              0x00000000   Number         0  stubs.o ABSOLUTE
    _printf_llx                              0x00000000   Number         0  stubs.o ABSOLUTE
    _printf_longlong_dec                     0x00000000   Number         0  stubs.o ABSOLUTE
    _printf_longlong_hex                     0x00000000   Number         0  stubs.o ABSOLUTE
    _printf_longlong_oct                     0x00000000   Number         0  stubs.o ABSOLUTE
    _printf_ls                               0x00000000   Number         0  stubs.o ABSOLUTE
    _printf_mbtowc                           0x00000000   Number         0  stubs.o ABSOLUTE
    _printf_n                                0x00000000   Number         0  stubs.o ABSOLUTE
    _printf_o                                0x00000000   Number         0  stubs.o ABSOLUTE
    _printf_p                                0x00000000   Number         0  stubs.o ABSOLUTE
    _printf_percent                          0x00000000   Number         0  stubs.o ABSOLUTE
    _printf_pre_padding                      0x00000000   Number         0  stubs.o ABSOLUTE
    _printf_return_value                     0x00000000   Number         0  stubs.o ABSOLUTE
    _printf_s                                0x00000000   Number         0  stubs.o ABSOLUTE
    _printf_sizespec                         0x00000000   Number         0  stubs.o ABSOLUTE
    _printf_str                              0x00000000   Number         0  stubs.o ABSOLUTE
    _printf_truncate_signed                  0x00000000   Number         0  stubs.o ABSOLUTE
    _printf_truncate_unsigned                0x00000000   Number         0  stubs.o ABSOLUTE
    _printf_u                                0x00000000   Number         0  stubs.o ABSOLUTE
    _printf_wc                               0x00000000   Number         0  stubs.o ABSOLUTE
    _printf_wctomb                           0x00000000   Number         0  stubs.o ABSOLUTE
    _printf_widthprec                        0x00000000   Number         0  stubs.o ABSOLUTE
    _printf_x                                0x00000000   Number         0  stubs.o ABSOLUTE
    __arm_fini_                               - Undefined Weak Reference
    __cpp_initialize__aeabi_                  - Undefined Weak Reference
    __cxa_finalize                            - Undefined Weak Reference
    __decompress                              - Undefined Weak Reference
    _clock_init                               - Undefined Weak Reference
    _microlib_exit                            - Undefined Weak Reference
    __Vectors_Size                           0x00000188   Number         0  startup_stm32f407xx.o ABSOLUTE
    __Vectors                                0x08000000   Data           4  startup_stm32f407xx.o(RESET)
    __Vectors_End                            0x08000188   Data           0  startup_stm32f407xx.o(RESET)
    __main                                   0x08000189   Thumb Code     0  entry.o(.ARM.Collect$$$$00000000)
    _main_stk                                0x08000189   Thumb Code     0  entry2.o(.ARM.Collect$$$$00000001)
    _main_scatterload                        0x0800018d   Thumb Code     0  entry5.o(.ARM.Collect$$$$00000004)
    __main_after_scatterload                 0x08000191   Thumb Code     0  entry5.o(.ARM.Collect$$$$00000004)
    _main_clock                              0x08000191   Thumb Code     0  entry7b.o(.ARM.Collect$$$$00000008)
    _main_cpp_init                           0x08000191   Thumb Code     0  entry8b.o(.ARM.Collect$$$$0000000A)
    _main_init                               0x08000191   Thumb Code     0  entry9a.o(.ARM.Collect$$$$0000000B)
    __rt_lib_shutdown_fini                   0x08000199   Thumb Code     0  entry12b.o(.ARM.Collect$$$$0000000E)
    __rt_final_cpp                           0x0800019d   Thumb Code     0  entry10a.o(.ARM.Collect$$$$0000000F)
    __rt_final_exit                          0x0800019d   Thumb Code     0  entry11a.o(.ARM.Collect$$$$00000011)
    Reset_Handler                            0x080001a1   Thumb Code     8  startup_stm32f407xx.o(.text)
    CAN1_RX0_IRQHandler                      0x080001bb   Thumb Code     0  startup_stm32f407xx.o(.text)
    CAN1_RX1_IRQHandler                      0x080001bb   Thumb Code     0  startup_stm32f407xx.o(.text)
    CAN1_SCE_IRQHandler                      0x080001bb   Thumb Code     0  startup_stm32f407xx.o(.text)
    CAN1_TX_IRQHandler                       0x080001bb   Thumb Code     0  startup_stm32f407xx.o(.text)
    CAN2_RX0_IRQHandler                      0x080001bb   Thumb Code     0  startup_stm32f407xx.o(.text)
    CAN2_RX1_IRQHandler                      0x080001bb   Thumb Code     0  startup_stm32f407xx.o(.text)
    CAN2_SCE_IRQHandler                      0x080001bb   Thumb Code     0  startup_stm32f407xx.o(.text)
    CAN2_TX_IRQHandler                       0x080001bb   Thumb Code     0  startup_stm32f407xx.o(.text)
    DCMI_IRQHandler                          0x080001bb   Thumb Code     0  startup_stm32f407xx.o(.text)
    DMA1_Stream0_IRQHandler                  0x080001bb   Thumb Code     0  startup_stm32f407xx.o(.text)
    DMA1_Stream1_IRQHandler                  0x080001bb   Thumb Code     0  startup_stm32f407xx.o(.text)
    DMA1_Stream2_IRQHandler                  0x080001bb   Thumb Code     0  startup_stm32f407xx.o(.text)
    DMA1_Stream3_IRQHandler                  0x080001bb   Thumb Code     0  startup_stm32f407xx.o(.text)
    DMA1_Stream4_IRQHandler                  0x080001bb   Thumb Code     0  startup_stm32f407xx.o(.text)
    DMA1_Stream6_IRQHandler                  0x080001bb   Thumb Code     0  startup_stm32f407xx.o(.text)
    DMA1_Stream7_IRQHandler                  0x080001bb   Thumb Code     0  startup_stm32f407xx.o(.text)
    DMA2_Stream1_IRQHandler                  0x080001bb   Thumb Code     0  startup_stm32f407xx.o(.text)
    DMA2_Stream2_IRQHandler                  0x080001bb   Thumb Code     0  startup_stm32f407xx.o(.text)
    DMA2_Stream3_IRQHandler                  0x080001bb   Thumb Code     0  startup_stm32f407xx.o(.text)
    DMA2_Stream4_IRQHandler                  0x080001bb   Thumb Code     0  startup_stm32f407xx.o(.text)
    DMA2_Stream5_IRQHandler                  0x080001bb   Thumb Code     0  startup_stm32f407xx.o(.text)
    DMA2_Stream6_IRQHandler                  0x080001bb   Thumb Code     0  startup_stm32f407xx.o(.text)
    DMA2_Stream7_IRQHandler                  0x080001bb   Thumb Code     0  startup_stm32f407xx.o(.text)
    ETH_IRQHandler                           0x080001bb   Thumb Code     0  startup_stm32f407xx.o(.text)
    ETH_WKUP_IRQHandler                      0x080001bb   Thumb Code     0  startup_stm32f407xx.o(.text)
    EXTI0_IRQHandler                         0x080001bb   Thumb Code     0  startup_stm32f407xx.o(.text)
    EXTI15_10_IRQHandler                     0x080001bb   Thumb Code     0  startup_stm32f407xx.o(.text)
    EXTI1_IRQHandler                         0x080001bb   Thumb Code     0  startup_stm32f407xx.o(.text)
    EXTI2_IRQHandler                         0x080001bb   Thumb Code     0  startup_stm32f407xx.o(.text)
    EXTI3_IRQHandler                         0x080001bb   Thumb Code     0  startup_stm32f407xx.o(.text)
    EXTI4_IRQHandler                         0x080001bb   Thumb Code     0  startup_stm32f407xx.o(.text)
    EXTI9_5_IRQHandler                       0x080001bb   Thumb Code     0  startup_stm32f407xx.o(.text)
    FLASH_IRQHandler                         0x080001bb   Thumb Code     0  startup_stm32f407xx.o(.text)
    FMC_IRQHandler                           0x080001bb   Thumb Code     0  startup_stm32f407xx.o(.text)
    FPU_IRQHandler                           0x080001bb   Thumb Code     0  startup_stm32f407xx.o(.text)
    HASH_RNG_IRQHandler                      0x080001bb   Thumb Code     0  startup_stm32f407xx.o(.text)
    I2C1_ER_IRQHandler                       0x080001bb   Thumb Code     0  startup_stm32f407xx.o(.text)
    I2C1_EV_IRQHandler                       0x080001bb   Thumb Code     0  startup_stm32f407xx.o(.text)
    I2C2_ER_IRQHandler                       0x080001bb   Thumb Code     0  startup_stm32f407xx.o(.text)
    I2C2_EV_IRQHandler                       0x080001bb   Thumb Code     0  startup_stm32f407xx.o(.text)
    I2C3_ER_IRQHandler                       0x080001bb   Thumb Code     0  startup_stm32f407xx.o(.text)
    I2C3_EV_IRQHandler                       0x080001bb   Thumb Code     0  startup_stm32f407xx.o(.text)
    OTG_FS_IRQHandler                        0x080001bb   Thumb Code     0  startup_stm32f407xx.o(.text)
    OTG_FS_WKUP_IRQHandler                   0x080001bb   Thumb Code     0  startup_stm32f407xx.o(.text)
    OTG_HS_EP1_IN_IRQHandler                 0x080001bb   Thumb Code     0  startup_stm32f407xx.o(.text)
    OTG_HS_EP1_OUT_IRQHandler                0x080001bb   Thumb Code     0  startup_stm32f407xx.o(.text)
    OTG_HS_IRQHandler                        0x080001bb   Thumb Code     0  startup_stm32f407xx.o(.text)
    OTG_HS_WKUP_IRQHandler                   0x080001bb   Thumb Code     0  startup_stm32f407xx.o(.text)
    PVD_IRQHandler                           0x080001bb   Thumb Code     0  startup_stm32f407xx.o(.text)
    RCC_IRQHandler                           0x080001bb   Thumb Code     0  startup_stm32f407xx.o(.text)
    RTC_Alarm_IRQHandler                     0x080001bb   Thumb Code     0  startup_stm32f407xx.o(.text)
    RTC_WKUP_IRQHandler                      0x080001bb   Thumb Code     0  startup_stm32f407xx.o(.text)
    SDIO_IRQHandler                          0x080001bb   Thumb Code     0  startup_stm32f407xx.o(.text)
    SPI1_IRQHandler                          0x080001bb   Thumb Code     0  startup_stm32f407xx.o(.text)
    SPI2_IRQHandler                          0x080001bb   Thumb Code     0  startup_stm32f407xx.o(.text)
    SPI3_IRQHandler                          0x080001bb   Thumb Code     0  startup_stm32f407xx.o(.text)
    TAMP_STAMP_IRQHandler                    0x080001bb   Thumb Code     0  startup_stm32f407xx.o(.text)
    TIM1_BRK_TIM9_IRQHandler                 0x080001bb   Thumb Code     0  startup_stm32f407xx.o(.text)
    TIM1_CC_IRQHandler                       0x080001bb   Thumb Code     0  startup_stm32f407xx.o(.text)
    TIM1_TRG_COM_TIM11_IRQHandler            0x080001bb   Thumb Code     0  startup_stm32f407xx.o(.text)
    TIM1_UP_TIM10_IRQHandler                 0x080001bb   Thumb Code     0  startup_stm32f407xx.o(.text)
    TIM2_IRQHandler                          0x080001bb   Thumb Code     0  startup_stm32f407xx.o(.text)
    TIM4_IRQHandler                          0x080001bb   Thumb Code     0  startup_stm32f407xx.o(.text)
    TIM5_IRQHandler                          0x080001bb   Thumb Code     0  startup_stm32f407xx.o(.text)
    TIM6_DAC_IRQHandler                      0x080001bb   Thumb Code     0  startup_stm32f407xx.o(.text)
    TIM7_IRQHandler                          0x080001bb   Thumb Code     0  startup_stm32f407xx.o(.text)
    TIM8_BRK_TIM12_IRQHandler                0x080001bb   Thumb Code     0  startup_stm32f407xx.o(.text)
    TIM8_CC_IRQHandler                       0x080001bb   Thumb Code     0  startup_stm32f407xx.o(.text)
    TIM8_TRG_COM_TIM14_IRQHandler            0x080001bb   Thumb Code     0  startup_stm32f407xx.o(.text)
    TIM8_UP_TIM13_IRQHandler                 0x080001bb   Thumb Code     0  startup_stm32f407xx.o(.text)
    UART4_IRQHandler                         0x080001bb   Thumb Code     0  startup_stm32f407xx.o(.text)
    UART5_IRQHandler                         0x080001bb   Thumb Code     0  startup_stm32f407xx.o(.text)
    USART1_IRQHandler                        0x080001bb   Thumb Code     0  startup_stm32f407xx.o(.text)
    USART3_IRQHandler                        0x080001bb   Thumb Code     0  startup_stm32f407xx.o(.text)
    USART6_IRQHandler                        0x080001bb   Thumb Code     0  startup_stm32f407xx.o(.text)
    WWDG_IRQHandler                          0x080001bb   Thumb Code     0  startup_stm32f407xx.o(.text)
    __aeabi_uldivmod                         0x080001c5   Thumb Code    98  uldiv.o(.text)
    __aeabi_memset                           0x08000227   Thumb Code    14  memseta.o(.text)
    __aeabi_memset4                          0x08000227   Thumb Code     0  memseta.o(.text)
    __aeabi_memset8                          0x08000227   Thumb Code     0  memseta.o(.text)
    __aeabi_memclr                           0x08000235   Thumb Code     4  memseta.o(.text)
    __aeabi_memclr4                          0x08000235   Thumb Code     0  memseta.o(.text)
    __aeabi_memclr8                          0x08000235   Thumb Code     0  memseta.o(.text)
    _memset$wrapper                          0x08000239   Thumb Code    18  memseta.o(.text)
    __aeabi_dadd                             0x0800024b   Thumb Code   322  dadd.o(.text)
    __aeabi_dsub                             0x0800038d   Thumb Code     6  dadd.o(.text)
    __aeabi_drsub                            0x08000393   Thumb Code     6  dadd.o(.text)
    __aeabi_dmul                             0x08000399   Thumb Code   228  dmul.o(.text)
    __aeabi_f2d                              0x0800047d   Thumb Code    38  f2d.o(.text)
    __aeabi_uidiv                            0x080004a3   Thumb Code     0  uidiv.o(.text)
    __aeabi_uidivmod                         0x080004a3   Thumb Code    44  uidiv.o(.text)
    __aeabi_llsl                             0x080004cf   Thumb Code    30  llshl.o(.text)
    _ll_shift_l                              0x080004cf   Thumb Code     0  llshl.o(.text)
    __aeabi_llsr                             0x080004ed   Thumb Code    32  llushr.o(.text)
    _ll_ushift_r                             0x080004ed   Thumb Code     0  llushr.o(.text)
    __aeabi_lasr                             0x0800050d   Thumb Code    36  llsshr.o(.text)
    _ll_sshift_r                             0x0800050d   Thumb Code     0  llsshr.o(.text)
    __I$use$fp                               0x08000531   Thumb Code     0  iusefp.o(.text)
    _double_round                            0x08000531   Thumb Code    30  depilogue.o(.text)
    _double_epilogue                         0x0800054f   Thumb Code   156  depilogue.o(.text)
    __aeabi_ddiv                             0x080005eb   Thumb Code   222  ddiv.o(.text)
    __aeabi_d2ulz                            0x080006c9   Thumb Code    48  dfixul.o(.text)
    __aeabi_cdrcmple                         0x080006f9   Thumb Code    48  cdrcmple.o(.text)
    __scatterload                            0x08000729   Thumb Code    28  init.o(.text)
    __scatterload_rt2                        0x08000729   Thumb Code     0  init.o(.text)
    arm_bitreversal_32                       0x0800074d   Thumb Code    68  arm_bitreversal2.o(.text.arm_bitreversal_32)
    arm_cfft_f32                             0x08000791   Thumb Code   224  arm_cfft_f32.o(.text.arm_cfft_f32)
    arm_cfft_init_f32                        0x08000871   Thumb Code   180  arm_cfft_init_f32.o(.text.arm_cfft_init_f32)
    arm_cfft_radix8by2_f32                   0x08000925   Thumb Code   408  arm_cfft_f32.o(.text.arm_cfft_radix8by2_f32)
    arm_cfft_radix8by4_f32                   0x08000abd   Thumb Code  1020  arm_cfft_f32.o(.text.arm_cfft_radix8by4_f32)
    arm_cmplx_mag_f32                        0x08000eb9   Thumb Code   340  arm_cmplx_mag_f32.o(.text.arm_cmplx_mag_f32)
    arm_radix8_butterfly_f32                 0x0800100d   Thumb Code  1458  arm_cfft_radix8_f32.o(.text.arm_radix8_butterfly_f32)
    arm_rfft_fast_f32                        0x08001701   Thumb Code    70  arm_rfft_fast_f32.o(.text.arm_rfft_fast_f32)
    arm_rfft_fast_init_f32                   0x08001747   Thumb Code   144  arm_rfft_fast_init_f32.o(.text.arm_rfft_fast_init_f32)
    merge_rfft_f32                           0x080017d9   Thumb Code   180  arm_rfft_fast_f32.o(.text.merge_rfft_f32)
    stage_rfft_f32                           0x0800188d   Thumb Code   180  arm_rfft_fast_f32.o(.text.stage_rfft_f32)
    ADC_IRQHandler                           0x080019e9   Thumb Code    10  stm32f4xx_it.o(i.ADC_IRQHandler)
    BusFault_Handler                         0x08001b59   Thumb Code     4  stm32f4xx_it.o(i.BusFault_Handler)
    DMA1_Stream5_IRQHandler                  0x08001b5d   Thumb Code    10  stm32f4xx_it.o(i.DMA1_Stream5_IRQHandler)
    DMA2_Stream0_IRQHandler                  0x08001b6d   Thumb Code    10  stm32f4xx_it.o(i.DMA2_Stream0_IRQHandler)
    DebugMon_Handler                         0x08001c87   Thumb Code     2  stm32f4xx_it.o(i.DebugMon_Handler)
    Error_Handler                            0x08001c89   Thumb Code     6  main.o(i.Error_Handler)
    FFT_start                                0x08001c91   Thumb Code   134  fft.o(i.FFT_start)
    HAL_ADCEx_InjectedConvCpltCallback       0x08001d39   Thumb Code     2  stm32f4xx_hal_adc_ex.o(i.HAL_ADCEx_InjectedConvCpltCallback)
    HAL_ADC_ConfigChannel                    0x08001d3d   Thumb Code   380  stm32f4xx_hal_adc.o(i.HAL_ADC_ConfigChannel)
    HAL_ADC_ConvCpltCallback                 0x08001ec9   Thumb Code     8  stm32f4xx_it.o(i.HAL_ADC_ConvCpltCallback)
    HAL_ADC_ConvHalfCpltCallback             0x08001ed5   Thumb Code     2  stm32f4xx_hal_adc.o(i.HAL_ADC_ConvHalfCpltCallback)
    HAL_ADC_ErrorCallback                    0x08001ed7   Thumb Code     2  stm32f4xx_hal_adc.o(i.HAL_ADC_ErrorCallback)
    HAL_ADC_IRQHandler                       0x08001ed9   Thumb Code   354  stm32f4xx_hal_adc.o(i.HAL_ADC_IRQHandler)
    HAL_ADC_Init                             0x0800203d   Thumb Code   100  stm32f4xx_hal_adc.o(i.HAL_ADC_Init)
    HAL_ADC_LevelOutOfWindowCallback         0x080020a5   Thumb Code     2  stm32f4xx_hal_adc.o(i.HAL_ADC_LevelOutOfWindowCallback)
    HAL_ADC_MspInit                          0x080020a9   Thumb Code   192  adc.o(i.HAL_ADC_MspInit)
    HAL_ADC_Start_DMA                        0x0800217d   Thumb Code   398  stm32f4xx_hal_adc.o(i.HAL_ADC_Start_DMA)
    HAL_DAC_ConfigChannel                    0x08002331   Thumb Code   110  stm32f4xx_hal_dac.o(i.HAL_DAC_ConfigChannel)
    HAL_DAC_Init                             0x0800239f   Thumb Code    40  stm32f4xx_hal_dac.o(i.HAL_DAC_Init)
    HAL_DAC_MspInit                          0x080023c9   Thumb Code   182  dac.o(i.HAL_DAC_MspInit)
    HAL_DMA_Abort                            0x08002495   Thumb Code   172  stm32f4xx_hal_dma.o(i.HAL_DMA_Abort)
    HAL_DMA_Abort_IT                         0x08002541   Thumb Code    40  stm32f4xx_hal_dma.o(i.HAL_DMA_Abort_IT)
    HAL_DMA_IRQHandler                       0x08002569   Thumb Code   570  stm32f4xx_hal_dma.o(i.HAL_DMA_IRQHandler)
    HAL_DMA_Init                             0x080027a9   Thumb Code   232  stm32f4xx_hal_dma.o(i.HAL_DMA_Init)
    HAL_DMA_Start_IT                         0x08002895   Thumb Code   146  stm32f4xx_hal_dma.o(i.HAL_DMA_Start_IT)
    HAL_Delay                                0x08002927   Thumb Code    12  delay.o(i.HAL_Delay)
    HAL_GPIO_Init                            0x08002935   Thumb Code   454  stm32f4xx_hal_gpio.o(i.HAL_GPIO_Init)
    HAL_GPIO_WritePin                        0x08002b29   Thumb Code    12  stm32f4xx_hal_gpio.o(i.HAL_GPIO_WritePin)
    HAL_GetTick                              0x08002b35   Thumb Code     6  stm32f4xx_hal.o(i.HAL_GetTick)
    HAL_IncTick                              0x08002b41   Thumb Code    16  stm32f4xx_hal.o(i.HAL_IncTick)
    HAL_Init                                 0x08002b59   Thumb Code    54  stm32f4xx_hal.o(i.HAL_Init)
    HAL_InitTick                             0x08002b95   Thumb Code    64  stm32f4xx_hal.o(i.HAL_InitTick)
    HAL_MspInit                              0x08002be1   Thumb Code    68  stm32f4xx_hal_msp.o(i.HAL_MspInit)
    HAL_NVIC_EnableIRQ                       0x08002c29   Thumb Code    40  stm32f4xx_hal_cortex.o(i.HAL_NVIC_EnableIRQ)
    HAL_NVIC_SetPriority                     0x08002c51   Thumb Code   124  stm32f4xx_hal_cortex.o(i.HAL_NVIC_SetPriority)
    HAL_NVIC_SetPriorityGrouping             0x08002ccd   Thumb Code    32  stm32f4xx_hal_cortex.o(i.HAL_NVIC_SetPriorityGrouping)
    HAL_RCC_ClockConfig                      0x08002cf5   Thumb Code   368  stm32f4xx_hal_rcc.o(i.HAL_RCC_ClockConfig)
    HAL_RCC_GetHCLKFreq                      0x08002e79   Thumb Code     6  stm32f4xx_hal_rcc.o(i.HAL_RCC_GetHCLKFreq)
    HAL_RCC_GetPCLK1Freq                     0x08002e85   Thumb Code    22  stm32f4xx_hal_rcc.o(i.HAL_RCC_GetPCLK1Freq)
    HAL_RCC_GetPCLK2Freq                     0x08002ea5   Thumb Code    22  stm32f4xx_hal_rcc.o(i.HAL_RCC_GetPCLK2Freq)
    HAL_RCC_GetSysClockFreq                  0x08002ec5   Thumb Code   162  stm32f4xx_hal_rcc.o(i.HAL_RCC_GetSysClockFreq)
    HAL_RCC_OscConfig                        0x08002f75   Thumb Code  1172  stm32f4xx_hal_rcc.o(i.HAL_RCC_OscConfig)
    HAL_SPI_Init                             0x08003411   Thumb Code   200  stm32f4xx_hal_spi.o(i.HAL_SPI_Init)
    HAL_SPI_MspInit                          0x080034d9   Thumb Code   124  spi.o(i.HAL_SPI_MspInit)
    HAL_SPI_Transmit                         0x08003561   Thumb Code   446  stm32f4xx_hal_spi.o(i.HAL_SPI_Transmit)
    HAL_SYSTICK_Config                       0x0800371f   Thumb Code    52  stm32f4xx_hal_cortex.o(i.HAL_SYSTICK_Config)
    HAL_TIMEx_BreakCallback                  0x08003753   Thumb Code     2  stm32f4xx_hal_tim_ex.o(i.HAL_TIMEx_BreakCallback)
    HAL_TIMEx_CommutCallback                 0x08003755   Thumb Code     2  stm32f4xx_hal_tim_ex.o(i.HAL_TIMEx_CommutCallback)
    HAL_TIMEx_MasterConfigSynchronization    0x08003759   Thumb Code   150  stm32f4xx_hal_tim_ex.o(i.HAL_TIMEx_MasterConfigSynchronization)
    HAL_TIM_Base_Init                        0x0800380d   Thumb Code   102  stm32f4xx_hal_tim.o(i.HAL_TIM_Base_Init)
    HAL_TIM_Base_MspInit                     0x08003875   Thumb Code   108  tim.o(i.HAL_TIM_Base_MspInit)
    HAL_TIM_Base_Start                       0x080038ed   Thumb Code   126  stm32f4xx_hal_tim.o(i.HAL_TIM_Base_Start)
    HAL_TIM_ConfigClockSource                0x08003989   Thumb Code   268  stm32f4xx_hal_tim.o(i.HAL_TIM_ConfigClockSource)
    HAL_TIM_IC_CaptureCallback               0x08003a95   Thumb Code     2  stm32f4xx_hal_tim.o(i.HAL_TIM_IC_CaptureCallback)
    HAL_TIM_IRQHandler                       0x08003a97   Thumb Code   364  stm32f4xx_hal_tim.o(i.HAL_TIM_IRQHandler)
    HAL_TIM_OC_DelayElapsedCallback          0x08003c03   Thumb Code     2  stm32f4xx_hal_tim.o(i.HAL_TIM_OC_DelayElapsedCallback)
    HAL_TIM_PWM_PulseFinishedCallback        0x08003c05   Thumb Code     2  stm32f4xx_hal_tim.o(i.HAL_TIM_PWM_PulseFinishedCallback)
    HAL_TIM_PeriodElapsedCallback            0x08003c07   Thumb Code     2  stm32f4xx_hal_tim.o(i.HAL_TIM_PeriodElapsedCallback)
    HAL_TIM_TriggerCallback                  0x08003c09   Thumb Code     2  stm32f4xx_hal_tim.o(i.HAL_TIM_TriggerCallback)
    HAL_UARTEx_RxEventCallback               0x08003c0b   Thumb Code     2  stm32f4xx_hal_uart.o(i.HAL_UARTEx_RxEventCallback)
    HAL_UART_ErrorCallback                   0x08003c0d   Thumb Code     2  stm32f4xx_hal_uart.o(i.HAL_UART_ErrorCallback)
    HAL_UART_IRQHandler                      0x08003c11   Thumb Code   740  stm32f4xx_hal_uart.o(i.HAL_UART_IRQHandler)
    HAL_UART_Init                            0x08003ef9   Thumb Code   118  stm32f4xx_hal_uart.o(i.HAL_UART_Init)
    HAL_UART_MspInit                         0x08003f71   Thumb Code   138  usart.o(i.HAL_UART_MspInit)
    HAL_UART_RxCpltCallback                  0x08004009   Thumb Code     2  stm32f4xx_hal_uart.o(i.HAL_UART_RxCpltCallback)
    HAL_UART_Transmit                        0x0800400b   Thumb Code   190  stm32f4xx_hal_uart.o(i.HAL_UART_Transmit)
    HAL_UART_TxCpltCallback                  0x080040c9   Thumb Code     2  stm32f4xx_hal_uart.o(i.HAL_UART_TxCpltCallback)
    HardFault_Handler                        0x080040cb   Thumb Code     4  stm32f4xx_it.o(i.HardFault_Handler)
    ILI9341_FillScreen                       0x080040d1   Thumb Code    28  ili9341.o(i.ILI9341_FillScreen)
    ILI9341_Init                             0x080040f1   Thumb Code   530  ili9341.o(i.ILI9341_Init)
    ILI9341_Reset                            0x08004305   Thumb Code    48  ili9341.o(i.ILI9341_Reset)
    ILI9341_SPI_Transmit                     0x0800433d   Thumb Code    16  ili9341.o(i.ILI9341_SPI_Transmit)
    ILI9341_Set_Address                      0x08004351   Thumb Code    58  ili9341.o(i.ILI9341_Set_Address)
    ILI9341_Write_Command                    0x0800438d   Thumb Code    44  ili9341.o(i.ILI9341_Write_Command)
    ILI9341_Write_Data                       0x080043c1   Thumb Code    44  ili9341.o(i.ILI9341_Write_Data)
    ILI9341_Write_Data16                     0x080043f5   Thumb Code    62  ili9341.o(i.ILI9341_Write_Data16)
    ILI9341_Write_Data16Burst                0x08004441   Thumb Code   162  ili9341.o(i.ILI9341_Write_Data16Burst)
    Init_window                              0x080044f1   Thumb Code    52  fft.o(i.Init_window)
    LCD_Init                                 0x08004525   Thumb Code    16  lcdapi.o(i.LCD_Init)
    MX_ADC1_Init                             0x08004535   Thumb Code   104  adc.o(i.MX_ADC1_Init)
    MX_DAC_Init                              0x080045a5   Thumb Code    52  dac.o(i.MX_DAC_Init)
    MX_DMA_Init                              0x080045e1   Thumb Code    98  dma.o(i.MX_DMA_Init)
    MX_GPIO_Init                             0x08004649   Thumb Code   306  gpio.o(i.MX_GPIO_Init)
    MX_SPI2_Init                             0x0800478d   Thumb Code    58  spi.o(i.MX_SPI2_Init)
    MX_TIM3_Init                             0x080047d1   Thumb Code   102  tim.o(i.MX_TIM3_Init)
    MX_TIM8_Init                             0x08004841   Thumb Code   104  tim.o(i.MX_TIM8_Init)
    MX_USART2_UART_Init                      0x080048b1   Thumb Code    46  usart.o(i.MX_USART2_UART_Init)
    MemManage_Handler                        0x080048e9   Thumb Code     4  stm32f4xx_it.o(i.MemManage_Handler)
    NMI_Handler                              0x080048ed   Thumb Code     4  stm32f4xx_it.o(i.NMI_Handler)
    PendSV_Handler                           0x080048f1   Thumb Code     2  stm32f4xx_it.o(i.PendSV_Handler)
    SVC_Handler                              0x08004a55   Thumb Code     2  stm32f4xx_it.o(i.SVC_Handler)
    SysTick_Handler                          0x08004a57   Thumb Code     8  stm32f4xx_it.o(i.SysTick_Handler)
    SystemClock_Config                       0x08004a61   Thumb Code   172  main.o(i.SystemClock_Config)
    SystemInit                               0x08004b15   Thumb Code    14  system_stm32f4xx.o(i.SystemInit)
    TIM3_IRQHandler                          0x08004b29   Thumb Code    10  stm32f4xx_it.o(i.TIM3_IRQHandler)
    TIM_Base_SetConfig                       0x08004b39   Thumb Code   186  stm32f4xx_hal_tim.o(i.TIM_Base_SetConfig)
    TIM_ETR_SetConfig                        0x08004c21   Thumb Code    22  stm32f4xx_hal_tim.o(i.TIM_ETR_SetConfig)
    USART2_IRQHandler                        0x0800514d   Thumb Code    10  stm32f4xx_it.o(i.USART2_IRQHandler)
    UsageFault_Handler                       0x0800515d   Thumb Code     4  stm32f4xx_it.o(i.UsageFault_Handler)
    __0printf                                0x08005161   Thumb Code    22  printfa.o(i.__0printf)
    __1printf                                0x08005161   Thumb Code     0  printfa.o(i.__0printf)
    __2printf                                0x08005161   Thumb Code     0  printfa.o(i.__0printf)
    __c89printf                              0x08005161   Thumb Code     0  printfa.o(i.__0printf)
    printf                                   0x08005161   Thumb Code     0  printfa.o(i.__0printf)
    __hardfp_sqrtf                           0x080051b9   Thumb Code    58  sqrtf.o(i.__hardfp_sqrtf)
    __scatterload_copy                       0x080051f3   Thumb Code    14  handlers.o(i.__scatterload_copy)
    __scatterload_null                       0x08005201   Thumb Code     2  handlers.o(i.__scatterload_null)
    __scatterload_zeroinit                   0x08005203   Thumb Code    14  handlers.o(i.__scatterload_zeroinit)
    __set_errno                              0x08005211   Thumb Code     6  errno.o(i.__set_errno)
    arm_atan2_f32                            0x08005aa9   Thumb Code   744  arm_atan2_f32.o(i.arm_atan2_f32)
    arm_cos_f32                              0x08005da9   Thumb Code   150  arm_cos_f32.o(i.arm_cos_f32)
    arm_sin_f32                              0x08005e4d   Thumb Code   146  arm_sin_f32.o(i.arm_sin_f32)
    corr_amp_phase                           0x08005eed   Thumb Code   268  fft.o(i.corr_amp_phase)
    delay_init                               0x0800600d   Thumb Code     6  delay.o(i.delay_init)
    delay_ms                                 0x08006019   Thumb Code    18  delay.o(i.delay_ms)
    delay_us                                 0x0800602d   Thumb Code    68  delay.o(i.delay_us)
    find_peaks                               0x08006075   Thumb Code    96  fft.o(i.find_peaks)
    fputc                                    0x080060dd   Thumb Code    22  usart.o(i.fputc)
    free                                     0x080060f9   Thumb Code    76  malloc.o(i.free)
    interp_parabolic                         0x08006149   Thumb Code    66  fft.o(i.interp_parabolic)
    main                                     0x08006195   Thumb Code   278  main.o(i.main)
    malloc                                   0x080062cd   Thumb Code    92  malloc.o(i.malloc)
    process_signal                           0x08006339   Thumb Code   634  fft.o(i.process_signal)
    window_blackman                          0x080065e1   Thumb Code   168  fft.o(i.window_blackman)
    window_blackmanHarris                    0x080066b1   Thumb Code   212  fft.o(i.window_blackmanHarris)
    window_hamming                           0x080067b5   Thumb Code   124  fft.o(i.window_hamming)
    window_hanning                           0x08006851   Thumb Code   128  fft.o(i.window_hanning)
    AHBPrescTable                            0x080068f0   Data          16  system_stm32f4xx.o(.constdata)
    APBPrescTable                            0x08006900   Data           8  system_stm32f4xx.o(.constdata)
    armBitRevIndexTable1024                  0x0800697e   Data        3600  arm_common_tables.o(.rodata.armBitRevIndexTable1024)
    armBitRevIndexTable128                   0x0800778e   Data         416  arm_common_tables.o(.rodata.armBitRevIndexTable128)
    armBitRevIndexTable16                    0x0800792e   Data          40  arm_common_tables.o(.rodata.armBitRevIndexTable16)
    armBitRevIndexTable2048                  0x08007956   Data        7616  arm_common_tables.o(.rodata.armBitRevIndexTable2048)
    armBitRevIndexTable256                   0x08009716   Data         880  arm_common_tables.o(.rodata.armBitRevIndexTable256)
    armBitRevIndexTable32                    0x08009a86   Data          96  arm_common_tables.o(.rodata.armBitRevIndexTable32)
    armBitRevIndexTable4096                  0x08009ae6   Data        8064  arm_common_tables.o(.rodata.armBitRevIndexTable4096)
    armBitRevIndexTable512                   0x0800ba66   Data         896  arm_common_tables.o(.rodata.armBitRevIndexTable512)
    armBitRevIndexTable64                    0x0800bde6   Data         112  arm_common_tables.o(.rodata.armBitRevIndexTable64)
    arm_cfft_sR_f32_len1024                  0x0800be58   Data          16  arm_const_structs.o(.rodata.arm_cfft_sR_f32_len1024)
    arm_cfft_sR_f32_len128                   0x0800be68   Data          16  arm_const_structs.o(.rodata.arm_cfft_sR_f32_len128)
    arm_cfft_sR_f32_len16                    0x0800be78   Data          16  arm_const_structs.o(.rodata.arm_cfft_sR_f32_len16)
    arm_cfft_sR_f32_len2048                  0x0800be88   Data          16  arm_const_structs.o(.rodata.arm_cfft_sR_f32_len2048)
    arm_cfft_sR_f32_len256                   0x0800be98   Data          16  arm_const_structs.o(.rodata.arm_cfft_sR_f32_len256)
    arm_cfft_sR_f32_len32                    0x0800bea8   Data          16  arm_const_structs.o(.rodata.arm_cfft_sR_f32_len32)
    arm_cfft_sR_f32_len4096                  0x0800beb8   Data          16  arm_const_structs.o(.rodata.arm_cfft_sR_f32_len4096)
    arm_cfft_sR_f32_len512                   0x0800bec8   Data          16  arm_const_structs.o(.rodata.arm_cfft_sR_f32_len512)
    arm_cfft_sR_f32_len64                    0x0800bed8   Data          16  arm_const_structs.o(.rodata.arm_cfft_sR_f32_len64)
    sinTable_f32                             0x0800bee8   Data        2052  arm_common_tables.o(.rodata.sinTable_f32)
    twiddleCoef_1024                         0x0800c6ec   Data        8192  arm_common_tables.o(.rodata.twiddleCoef_1024)
    twiddleCoef_128                          0x0800e6ec   Data        1024  arm_common_tables.o(.rodata.twiddleCoef_128)
    twiddleCoef_16                           0x0800eaec   Data         128  arm_common_tables.o(.rodata.twiddleCoef_16)
    twiddleCoef_2048                         0x0800eb6c   Data       16384  arm_common_tables.o(.rodata.twiddleCoef_2048)
    twiddleCoef_256                          0x08012b6c   Data        2048  arm_common_tables.o(.rodata.twiddleCoef_256)
    twiddleCoef_32                           0x0801336c   Data         256  arm_common_tables.o(.rodata.twiddleCoef_32)
    twiddleCoef_4096                         0x0801346c   Data       32768  arm_common_tables.o(.rodata.twiddleCoef_4096)
    twiddleCoef_512                          0x0801b46c   Data        4096  arm_common_tables.o(.rodata.twiddleCoef_512)
    twiddleCoef_64                           0x0801c46c   Data         512  arm_common_tables.o(.rodata.twiddleCoef_64)
    twiddleCoef_rfft_1024                    0x0801c66c   Data        4096  arm_common_tables.o(.rodata.twiddleCoef_rfft_1024)
    twiddleCoef_rfft_128                     0x0801d66c   Data         512  arm_common_tables.o(.rodata.twiddleCoef_rfft_128)
    twiddleCoef_rfft_2048                    0x0801d86c   Data        8192  arm_common_tables.o(.rodata.twiddleCoef_rfft_2048)
    twiddleCoef_rfft_256                     0x0801f86c   Data        1024  arm_common_tables.o(.rodata.twiddleCoef_rfft_256)
    twiddleCoef_rfft_32                      0x0801fc6c   Data         128  arm_common_tables.o(.rodata.twiddleCoef_rfft_32)
    twiddleCoef_rfft_4096                    0x0801fcec   Data       16384  arm_common_tables.o(.rodata.twiddleCoef_rfft_4096)
    twiddleCoef_rfft_512                     0x08023cec   Data        2048  arm_common_tables.o(.rodata.twiddleCoef_rfft_512)
    twiddleCoef_rfft_64                      0x080244ec   Data         256  arm_common_tables.o(.rodata.twiddleCoef_rfft_64)
    Region$$Table$$Base                      0x080245ec   Number         0  anon$$obj.o(Region$$Table)
    Region$$Table$$Limit                     0x0802461c   Number         0  anon$$obj.o(Region$$Table)
    ADCbuff                                  0x20000000   Data        8192  fft.o(.bss)
    prev                                     0x2001a000   Data          24  fft.o(.bss)
    tones                                    0x2001a018   Data          24  fft.o(.bss)
    frame_ready                              0x2001c000   Data           1  main.o(.data)
    uwTick                                   0x2001c004   Data           4  stm32f4xx_hal.o(.data)
    uwTickPrio                               0x2001c008   Data           4  stm32f4xx_hal.o(.data)
    uwTickFreq                               0x2001c00c   Data           1  stm32f4xx_hal.o(.data)
    SystemCoreClock                          0x2001c010   Data           4  system_stm32f4xx.o(.data)
    __stdout                                 0x2001c01c   Data           4  stdout.o(.data)
    __microlib_freelist                      0x2001c020   Data           4  mvars.o(.data)
    __microlib_freelist_initialised          0x2001c024   Data           4  mvars.o(.data)
    hadc1                                    0x2001c02c   Data          72  adc.o(.bss)
    hdma_adc1                                0x2001c074   Data          96  adc.o(.bss)
    hdac                                     0x2001c0d4   Data          20  dac.o(.bss)
    hdma_dac1                                0x2001c0e8   Data          96  dac.o(.bss)
    hspi2                                    0x2001c148   Data          88  spi.o(.bss)
    htim3                                    0x2001c1a0   Data          72  tim.o(.bss)
    htim8                                    0x2001c1e8   Data          72  tim.o(.bss)
    huart2                                   0x2001c230   Data          72  usart.o(.bss)
    __heap_base                              0x2001c278   Data           0  startup_stm32f407xx.o(HEAP)
    __heap_limit                             0x2001c478   Data           0  startup_stm32f407xx.o(HEAP)
    __initial_sp                             0x2001c878   Data           0  startup_stm32f407xx.o(STACK)



==============================================================================

Memory Map of the image

  Image Entry point : 0x08000189

  Load Region LR_IROM1 (Base: 0x08000000, Size: 0x00024648, Max: 0x00080000, ABSOLUTE)

    Execution Region ER_IROM1 (Exec base: 0x08000000, Load base: 0x08000000, Size: 0x0002461c, Max: 0x00080000, ABSOLUTE)

    Exec Addr    Load Addr    Size         Type   Attr      Idx    E Section Name        Object

    0x08000000   0x08000000   0x00000188   Data   RO            3    RESET               startup_stm32f407xx.o
    0x08000188   0x08000188   0x00000000   Code   RO         4943  * .ARM.Collect$$$$00000000  mc_w.l(entry.o)
    0x08000188   0x08000188   0x00000004   Code   RO         5249    .ARM.Collect$$$$00000001  mc_w.l(entry2.o)
    0x0800018c   0x0800018c   0x00000004   Code   RO         5252    .ARM.Collect$$$$00000004  mc_w.l(entry5.o)
    0x08000190   0x08000190   0x00000000   Code   RO         5254    .ARM.Collect$$$$00000008  mc_w.l(entry7b.o)
    0x08000190   0x08000190   0x00000000   Code   RO         5256    .ARM.Collect$$$$0000000A  mc_w.l(entry8b.o)
    0x08000190   0x08000190   0x00000008   Code   RO         5257    .ARM.Collect$$$$0000000B  mc_w.l(entry9a.o)
    0x08000198   0x08000198   0x00000004   Code   RO         5264    .ARM.Collect$$$$0000000E  mc_w.l(entry12b.o)
    0x0800019c   0x0800019c   0x00000000   Code   RO         5259    .ARM.Collect$$$$0000000F  mc_w.l(entry10a.o)
    0x0800019c   0x0800019c   0x00000000   Code   RO         5261    .ARM.Collect$$$$00000011  mc_w.l(entry11a.o)
    0x0800019c   0x0800019c   0x00000004   Code   RO         5250    .ARM.Collect$$$$00002712  mc_w.l(entry2.o)
    0x080001a0   0x080001a0   0x00000024   Code   RO            4    .text               startup_stm32f407xx.o
    0x080001c4   0x080001c4   0x00000062   Code   RO         4946    .text               mc_w.l(uldiv.o)
    0x08000226   0x08000226   0x00000024   Code   RO         4948    .text               mc_w.l(memseta.o)
    0x0800024a   0x0800024a   0x0000014e   Code   RO         5239    .text               mf_w.l(dadd.o)
    0x08000398   0x08000398   0x000000e4   Code   RO         5241    .text               mf_w.l(dmul.o)
    0x0800047c   0x0800047c   0x00000026   Code   RO         5247    .text               mf_w.l(f2d.o)
    0x080004a2   0x080004a2   0x0000002c   Code   RO         5266    .text               mc_w.l(uidiv.o)
    0x080004ce   0x080004ce   0x0000001e   Code   RO         5268    .text               mc_w.l(llshl.o)
    0x080004ec   0x080004ec   0x00000020   Code   RO         5270    .text               mc_w.l(llushr.o)
    0x0800050c   0x0800050c   0x00000024   Code   RO         5272    .text               mc_w.l(llsshr.o)
    0x08000530   0x08000530   0x00000000   Code   RO         5287    .text               mc_w.l(iusefp.o)
    0x08000530   0x08000530   0x000000ba   Code   RO         5288    .text               mf_w.l(depilogue.o)
    0x080005ea   0x080005ea   0x000000de   Code   RO         5290    .text               mf_w.l(ddiv.o)
    0x080006c8   0x080006c8   0x00000030   Code   RO         5292    .text               mf_w.l(dfixul.o)
    0x080006f8   0x080006f8   0x00000030   Code   RO         5294    .text               mf_w.l(cdrcmple.o)
    0x08000728   0x08000728   0x00000024   Code   RO         5296    .text               mc_w.l(init.o)
    0x0800074c   0x0800074c   0x00000044   Code   RO         4836    .text.arm_bitreversal_32  arm_cortexM4lf_math.lib(arm_bitreversal2.o)
    0x08000790   0x08000790   0x000000e0   Code   RO         4815    .text.arm_cfft_f32  arm_cortexM4lf_math.lib(arm_cfft_f32.o)
    0x08000870   0x08000870   0x000000b4   Code   RO         4825    .text.arm_cfft_init_f32  arm_cortexM4lf_math.lib(arm_cfft_init_f32.o)
    0x08000924   0x08000924   0x00000198   Code   RO         4811    .text.arm_cfft_radix8by2_f32  arm_cortexM4lf_math.lib(arm_cfft_f32.o)
    0x08000abc   0x08000abc   0x000003fc   Code   RO         4813    .text.arm_cfft_radix8by4_f32  arm_cortexM4lf_math.lib(arm_cfft_f32.o)
    0x08000eb8   0x08000eb8   0x00000154   Code   RO         4641    .text.arm_cmplx_mag_f32  arm_cortexM4lf_math.lib(arm_cmplx_mag_f32.o)
    0x0800100c   0x0800100c   0x000005b2   Code   RO         4848    .text.arm_radix8_butterfly_f32  arm_cortexM4lf_math.lib(arm_cfft_radix8_f32.o)
    0x080015be   0x080015be   0x0000002a   Code   RO         4671    .text.arm_rfft_1024_fast_init_f32  arm_cortexM4lf_math.lib(arm_rfft_fast_init_f32.o)
    0x080015e8   0x080015e8   0x00000026   Code   RO         4677    .text.arm_rfft_128_fast_init_f32  arm_cortexM4lf_math.lib(arm_rfft_fast_init_f32.o)
    0x0800160e   0x0800160e   0x0000002a   Code   RO         4669    .text.arm_rfft_2048_fast_init_f32  arm_cortexM4lf_math.lib(arm_rfft_fast_init_f32.o)
    0x08001638   0x08001638   0x00000028   Code   RO         4675    .text.arm_rfft_256_fast_init_f32  arm_cortexM4lf_math.lib(arm_rfft_fast_init_f32.o)
    0x08001660   0x08001660   0x00000026   Code   RO         4681    .text.arm_rfft_32_fast_init_f32  arm_cortexM4lf_math.lib(arm_rfft_fast_init_f32.o)
    0x08001686   0x08001686   0x0000002a   Code   RO         4667    .text.arm_rfft_4096_fast_init_f32  arm_cortexM4lf_math.lib(arm_rfft_fast_init_f32.o)
    0x080016b0   0x080016b0   0x0000002a   Code   RO         4673    .text.arm_rfft_512_fast_init_f32  arm_cortexM4lf_math.lib(arm_rfft_fast_init_f32.o)
    0x080016da   0x080016da   0x00000026   Code   RO         4679    .text.arm_rfft_64_fast_init_f32  arm_cortexM4lf_math.lib(arm_rfft_fast_init_f32.o)
    0x08001700   0x08001700   0x00000046   Code   RO         4655    .text.arm_rfft_fast_f32  arm_cortexM4lf_math.lib(arm_rfft_fast_f32.o)
    0x08001746   0x08001746   0x00000090   Code   RO         4665    .text.arm_rfft_fast_init_f32  arm_cortexM4lf_math.lib(arm_rfft_fast_init_f32.o)
    0x080017d6   0x080017d6   0x00000002   PAD
    0x080017d8   0x080017d8   0x000000b4   Code   RO         4653    .text.merge_rfft_f32  arm_cortexM4lf_math.lib(arm_rfft_fast_f32.o)
    0x0800188c   0x0800188c   0x000000b4   Code   RO         4651    .text.stage_rfft_f32  arm_cortexM4lf_math.lib(arm_rfft_fast_f32.o)
    0x08001940   0x08001940   0x0000007e   Code   RO          708    i.ADC_DMAConvCplt   stm32f4xx_hal_adc.o
    0x080019be   0x080019be   0x0000001a   Code   RO          709    i.ADC_DMAError      stm32f4xx_hal_adc.o
    0x080019d8   0x080019d8   0x0000000e   Code   RO          710    i.ADC_DMAHalfConvCplt  stm32f4xx_hal_adc.o
    0x080019e6   0x080019e6   0x00000002   PAD
    0x080019e8   0x080019e8   0x00000010   Code   RO          572    i.ADC_IRQHandler    stm32f4xx_it.o
    0x080019f8   0x080019f8   0x00000160   Code   RO          711    i.ADC_Init          stm32f4xx_hal_adc.o
    0x08001b58   0x08001b58   0x00000004   Code   RO          573    i.BusFault_Handler  stm32f4xx_it.o
    0x08001b5c   0x08001b5c   0x00000010   Code   RO          574    i.DMA1_Stream5_IRQHandler  stm32f4xx_it.o
    0x08001b6c   0x08001b6c   0x00000010   Code   RO          575    i.DMA2_Stream0_IRQHandler  stm32f4xx_it.o
    0x08001b7c   0x08001b7c   0x00000034   Code   RO         1490    i.DMA_CalcBaseAndBitshift  stm32f4xx_hal_dma.o
    0x08001bb0   0x08001bb0   0x000000aa   Code   RO         1491    i.DMA_CheckFifoParam  stm32f4xx_hal_dma.o
    0x08001c5a   0x08001c5a   0x0000002c   Code   RO         1492    i.DMA_SetConfig     stm32f4xx_hal_dma.o
    0x08001c86   0x08001c86   0x00000002   Code   RO          576    i.DebugMon_Handler  stm32f4xx_it.o
    0x08001c88   0x08001c88   0x00000006   Code   RO           13    i.Error_Handler     main.o
    0x08001c8e   0x08001c8e   0x00000002   PAD
    0x08001c90   0x08001c90   0x000000a8   Code   RO         4417    i.FFT_start         fft.o
    0x08001d38   0x08001d38   0x00000002   Code   RO          882    i.HAL_ADCEx_InjectedConvCpltCallback  stm32f4xx_hal_adc_ex.o
    0x08001d3a   0x08001d3a   0x00000002   PAD
    0x08001d3c   0x08001d3c   0x0000018c   Code   RO          713    i.HAL_ADC_ConfigChannel  stm32f4xx_hal_adc.o
    0x08001ec8   0x08001ec8   0x0000000c   Code   RO          577    i.HAL_ADC_ConvCpltCallback  stm32f4xx_it.o
    0x08001ed4   0x08001ed4   0x00000002   Code   RO          715    i.HAL_ADC_ConvHalfCpltCallback  stm32f4xx_hal_adc.o
    0x08001ed6   0x08001ed6   0x00000002   Code   RO          717    i.HAL_ADC_ErrorCallback  stm32f4xx_hal_adc.o
    0x08001ed8   0x08001ed8   0x00000162   Code   RO          721    i.HAL_ADC_IRQHandler  stm32f4xx_hal_adc.o
    0x0800203a   0x0800203a   0x00000002   PAD
    0x0800203c   0x0800203c   0x00000068   Code   RO          722    i.HAL_ADC_Init      stm32f4xx_hal_adc.o
    0x080020a4   0x080020a4   0x00000002   Code   RO          723    i.HAL_ADC_LevelOutOfWindowCallback  stm32f4xx_hal_adc.o
    0x080020a6   0x080020a6   0x00000002   PAD
    0x080020a8   0x080020a8   0x000000d4   Code   RO          321    i.HAL_ADC_MspInit   adc.o
    0x0800217c   0x0800217c   0x000001b4   Code   RO          729    i.HAL_ADC_Start_DMA  stm32f4xx_hal_adc.o
    0x08002330   0x08002330   0x0000006e   Code   RO         2189    i.HAL_DAC_ConfigChannel  stm32f4xx_hal_dac.o
    0x0800239e   0x0800239e   0x00000028   Code   RO         2199    i.HAL_DAC_Init      stm32f4xx_hal_dac.o
    0x080023c6   0x080023c6   0x00000002   PAD
    0x080023c8   0x080023c8   0x000000cc   Code   RO          363    i.HAL_DAC_MspInit   dac.o
    0x08002494   0x08002494   0x000000ac   Code   RO         1493    i.HAL_DMA_Abort     stm32f4xx_hal_dma.o
    0x08002540   0x08002540   0x00000028   Code   RO         1494    i.HAL_DMA_Abort_IT  stm32f4xx_hal_dma.o
    0x08002568   0x08002568   0x00000240   Code   RO         1498    i.HAL_DMA_IRQHandler  stm32f4xx_hal_dma.o
    0x080027a8   0x080027a8   0x000000ec   Code   RO         1499    i.HAL_DMA_Init      stm32f4xx_hal_dma.o
    0x08002894   0x08002894   0x00000092   Code   RO         1503    i.HAL_DMA_Start_IT  stm32f4xx_hal_dma.o
    0x08002926   0x08002926   0x0000000c   Code   RO         4596    i.HAL_Delay         delay.o
    0x08002932   0x08002932   0x00000002   PAD
    0x08002934   0x08002934   0x000001f4   Code   RO         1386    i.HAL_GPIO_Init     stm32f4xx_hal_gpio.o
    0x08002b28   0x08002b28   0x0000000c   Code   RO         1390    i.HAL_GPIO_WritePin  stm32f4xx_hal_gpio.o
    0x08002b34   0x08002b34   0x0000000c   Code   RO         1941    i.HAL_GetTick       stm32f4xx_hal.o
    0x08002b40   0x08002b40   0x00000018   Code   RO         1947    i.HAL_IncTick       stm32f4xx_hal.o
    0x08002b58   0x08002b58   0x0000003c   Code   RO         1948    i.HAL_Init          stm32f4xx_hal.o
    0x08002b94   0x08002b94   0x0000004c   Code   RO         1949    i.HAL_InitTick      stm32f4xx_hal.o
    0x08002be0   0x08002be0   0x00000048   Code   RO          684    i.HAL_MspInit       stm32f4xx_hal_msp.o
    0x08002c28   0x08002c28   0x00000028   Code   RO         1778    i.HAL_NVIC_EnableIRQ  stm32f4xx_hal_cortex.o
    0x08002c50   0x08002c50   0x0000007c   Code   RO         1784    i.HAL_NVIC_SetPriority  stm32f4xx_hal_cortex.o
    0x08002ccc   0x08002ccc   0x00000028   Code   RO         1785    i.HAL_NVIC_SetPriorityGrouping  stm32f4xx_hal_cortex.o
    0x08002cf4   0x08002cf4   0x00000184   Code   RO          987    i.HAL_RCC_ClockConfig  stm32f4xx_hal_rcc.o
    0x08002e78   0x08002e78   0x0000000c   Code   RO          992    i.HAL_RCC_GetHCLKFreq  stm32f4xx_hal_rcc.o
    0x08002e84   0x08002e84   0x00000020   Code   RO          994    i.HAL_RCC_GetPCLK1Freq  stm32f4xx_hal_rcc.o
    0x08002ea4   0x08002ea4   0x00000020   Code   RO          995    i.HAL_RCC_GetPCLK2Freq  stm32f4xx_hal_rcc.o
    0x08002ec4   0x08002ec4   0x000000b0   Code   RO          996    i.HAL_RCC_GetSysClockFreq  stm32f4xx_hal_rcc.o
    0x08002f74   0x08002f74   0x0000049c   Code   RO          999    i.HAL_RCC_OscConfig  stm32f4xx_hal_rcc.o
    0x08003410   0x08003410   0x000000c8   Code   RO         2437    i.HAL_SPI_Init      stm32f4xx_hal_spi.o
    0x080034d8   0x080034d8   0x00000088   Code   RO          429    i.HAL_SPI_MspInit   spi.o
    0x08003560   0x08003560   0x000001be   Code   RO         2445    i.HAL_SPI_Transmit  stm32f4xx_hal_spi.o
    0x0800371e   0x0800371e   0x00000034   Code   RO         1789    i.HAL_SYSTICK_Config  stm32f4xx_hal_cortex.o
    0x08003752   0x08003752   0x00000002   Code   RO         3465    i.HAL_TIMEx_BreakCallback  stm32f4xx_hal_tim_ex.o
    0x08003754   0x08003754   0x00000002   Code   RO         3466    i.HAL_TIMEx_CommutCallback  stm32f4xx_hal_tim_ex.o
    0x08003756   0x08003756   0x00000002   PAD
    0x08003758   0x08003758   0x000000b4   Code   RO         3484    i.HAL_TIMEx_MasterConfigSynchronization  stm32f4xx_hal_tim_ex.o
    0x0800380c   0x0800380c   0x00000066   Code   RO         2750    i.HAL_TIM_Base_Init  stm32f4xx_hal_tim.o
    0x08003872   0x08003872   0x00000002   PAD
    0x08003874   0x08003874   0x00000078   Code   RO          471    i.HAL_TIM_Base_MspInit  tim.o
    0x080038ec   0x080038ec   0x0000009c   Code   RO         2753    i.HAL_TIM_Base_Start  stm32f4xx_hal_tim.o
    0x08003988   0x08003988   0x0000010c   Code   RO         2759    i.HAL_TIM_ConfigClockSource  stm32f4xx_hal_tim.o
    0x08003a94   0x08003a94   0x00000002   Code   RO         2784    i.HAL_TIM_IC_CaptureCallback  stm32f4xx_hal_tim.o
    0x08003a96   0x08003a96   0x0000016c   Code   RO         2798    i.HAL_TIM_IRQHandler  stm32f4xx_hal_tim.o
    0x08003c02   0x08003c02   0x00000002   Code   RO         2801    i.HAL_TIM_OC_DelayElapsedCallback  stm32f4xx_hal_tim.o
    0x08003c04   0x08003c04   0x00000002   Code   RO         2828    i.HAL_TIM_PWM_PulseFinishedCallback  stm32f4xx_hal_tim.o
    0x08003c06   0x08003c06   0x00000002   Code   RO         2836    i.HAL_TIM_PeriodElapsedCallback  stm32f4xx_hal_tim.o
    0x08003c08   0x08003c08   0x00000002   Code   RO         2841    i.HAL_TIM_TriggerCallback  stm32f4xx_hal_tim.o
    0x08003c0a   0x08003c0a   0x00000002   Code   RO         3744    i.HAL_UARTEx_RxEventCallback  stm32f4xx_hal_uart.o
    0x08003c0c   0x08003c0c   0x00000002   Code   RO         3758    i.HAL_UART_ErrorCallback  stm32f4xx_hal_uart.o
    0x08003c0e   0x08003c0e   0x00000002   PAD
    0x08003c10   0x08003c10   0x000002e8   Code   RO         3761    i.HAL_UART_IRQHandler  stm32f4xx_hal_uart.o
    0x08003ef8   0x08003ef8   0x00000076   Code   RO         3762    i.HAL_UART_Init     stm32f4xx_hal_uart.o
    0x08003f6e   0x08003f6e   0x00000002   PAD
    0x08003f70   0x08003f70   0x00000098   Code   RO          519    i.HAL_UART_MspInit  usart.o
    0x08004008   0x08004008   0x00000002   Code   RO         3768    i.HAL_UART_RxCpltCallback  stm32f4xx_hal_uart.o
    0x0800400a   0x0800400a   0x000000be   Code   RO         3770    i.HAL_UART_Transmit  stm32f4xx_hal_uart.o
    0x080040c8   0x080040c8   0x00000002   Code   RO         3773    i.HAL_UART_TxCpltCallback  stm32f4xx_hal_uart.o
    0x080040ca   0x080040ca   0x00000004   Code   RO          578    i.HardFault_Handler  stm32f4xx_it.o
    0x080040ce   0x080040ce   0x00000002   PAD
    0x080040d0   0x080040d0   0x00000020   Code   RO         4146    i.ILI9341_FillScreen  ili9341.o
    0x080040f0   0x080040f0   0x00000212   Code   RO         4147    i.ILI9341_Init      ili9341.o
    0x08004302   0x08004302   0x00000002   PAD
    0x08004304   0x08004304   0x00000038   Code   RO         4148    i.ILI9341_Reset     ili9341.o
    0x0800433c   0x0800433c   0x00000014   Code   RO         4149    i.ILI9341_SPI_Transmit  ili9341.o
    0x08004350   0x08004350   0x0000003a   Code   RO         4150    i.ILI9341_Set_Address  ili9341.o
    0x0800438a   0x0800438a   0x00000002   PAD
    0x0800438c   0x0800438c   0x00000034   Code   RO         4151    i.ILI9341_Write_Command  ili9341.o
    0x080043c0   0x080043c0   0x00000034   Code   RO         4152    i.ILI9341_Write_Data  ili9341.o
    0x080043f4   0x080043f4   0x0000004c   Code   RO         4153    i.ILI9341_Write_Data16  ili9341.o
    0x08004440   0x08004440   0x000000b0   Code   RO         4154    i.ILI9341_Write_Data16Burst  ili9341.o
    0x080044f0   0x080044f0   0x00000034   Code   RO         4418    i.Init_window       fft.o
    0x08004524   0x08004524   0x00000010   Code   RO         4269    i.LCD_Init          lcdapi.o
    0x08004534   0x08004534   0x00000070   Code   RO          322    i.MX_ADC1_Init      adc.o
    0x080045a4   0x080045a4   0x0000003c   Code   RO          364    i.MX_DAC_Init       dac.o
    0x080045e0   0x080045e0   0x00000068   Code   RO          404    i.MX_DMA_Init       dma.o
    0x08004648   0x08004648   0x00000144   Code   RO          296    i.MX_GPIO_Init      gpio.o
    0x0800478c   0x0800478c   0x00000044   Code   RO          430    i.MX_SPI2_Init      spi.o
    0x080047d0   0x080047d0   0x00000070   Code   RO          472    i.MX_TIM3_Init      tim.o
    0x08004840   0x08004840   0x00000070   Code   RO          473    i.MX_TIM8_Init      tim.o
    0x080048b0   0x080048b0   0x00000038   Code   RO          520    i.MX_USART2_UART_Init  usart.o
    0x080048e8   0x080048e8   0x00000004   Code   RO          579    i.MemManage_Handler  stm32f4xx_it.o
    0x080048ec   0x080048ec   0x00000004   Code   RO          580    i.NMI_Handler       stm32f4xx_it.o
    0x080048f0   0x080048f0   0x00000002   Code   RO          581    i.PendSV_Handler    stm32f4xx_it.o
    0x080048f2   0x080048f2   0x00000002   PAD
    0x080048f4   0x080048f4   0x00000088   Code   RO         2475    i.SPI_EndRxTxTransaction  stm32f4xx_hal_spi.o
    0x0800497c   0x0800497c   0x000000d8   Code   RO         2480    i.SPI_WaitFlagStateUntilTimeout  stm32f4xx_hal_spi.o
    0x08004a54   0x08004a54   0x00000002   Code   RO          582    i.SVC_Handler       stm32f4xx_it.o
    0x08004a56   0x08004a56   0x00000008   Code   RO          583    i.SysTick_Handler   stm32f4xx_it.o
    0x08004a5e   0x08004a5e   0x00000002   PAD
    0x08004a60   0x08004a60   0x000000b4   Code   RO           14    i.SystemClock_Config  main.o
    0x08004b14   0x08004b14   0x00000014   Code   RO         4106    i.SystemInit        system_stm32f4xx.o
    0x08004b28   0x08004b28   0x00000010   Code   RO          584    i.TIM3_IRQHandler   stm32f4xx_it.o
    0x08004b38   0x08004b38   0x000000e8   Code   RO         2843    i.TIM_Base_SetConfig  stm32f4xx_hal_tim.o
    0x08004c20   0x08004c20   0x00000016   Code   RO         2854    i.TIM_ETR_SetConfig  stm32f4xx_hal_tim.o
    0x08004c36   0x08004c36   0x00000012   Code   RO         2855    i.TIM_ITRx_SetConfig  stm32f4xx_hal_tim.o
    0x08004c48   0x08004c48   0x00000026   Code   RO         2861    i.TIM_TI1_ConfigInputStage  stm32f4xx_hal_tim.o
    0x08004c6e   0x08004c6e   0x00000028   Code   RO         2863    i.TIM_TI2_ConfigInputStage  stm32f4xx_hal_tim.o
    0x08004c96   0x08004c96   0x00000014   Code   RO         3775    i.UART_DMAAbortOnError  stm32f4xx_hal_uart.o
    0x08004caa   0x08004caa   0x0000006c   Code   RO         3785    i.UART_EndRxTransfer  stm32f4xx_hal_uart.o
    0x08004d16   0x08004d16   0x00000020   Code   RO         3786    i.UART_EndTransmit_IT  stm32f4xx_hal_uart.o
    0x08004d36   0x08004d36   0x000000fc   Code   RO         3788    i.UART_Receive_IT   stm32f4xx_hal_uart.o
    0x08004e32   0x08004e32   0x00000002   PAD
    0x08004e34   0x08004e34   0x0000022c   Code   RO         3789    i.UART_SetConfig    stm32f4xx_hal_uart.o
    0x08005060   0x08005060   0x00000060   Code   RO         3792    i.UART_Transmit_IT  stm32f4xx_hal_uart.o
    0x080050c0   0x080050c0   0x0000008c   Code   RO         3793    i.UART_WaitOnFlagUntilTimeout  stm32f4xx_hal_uart.o
    0x0800514c   0x0800514c   0x00000010   Code   RO          585    i.USART2_IRQHandler  stm32f4xx_it.o
    0x0800515c   0x0800515c   0x00000004   Code   RO          586    i.UsageFault_Handler  stm32f4xx_it.o
    0x08005160   0x08005160   0x00000020   Code   RO         5183    i.__0printf         mc_w.l(printfa.o)
    0x08005180   0x08005180   0x00000010   Code   RO         1791    i.__NVIC_GetPriorityGrouping  stm32f4xx_hal_cortex.o
    0x08005190   0x08005190   0x00000028   Code   RO         1792    i.__NVIC_SetPriority  stm32f4xx_hal_cortex.o
    0x080051b8   0x080051b8   0x0000003a   Code   RO         4931    i.__hardfp_sqrtf    m_wm.l(sqrtf.o)
    0x080051f2   0x080051f2   0x0000000e   Code   RO         5300    i.__scatterload_copy  mc_w.l(handlers.o)
    0x08005200   0x08005200   0x00000002   Code   RO         5301    i.__scatterload_null  mc_w.l(handlers.o)
    0x08005202   0x08005202   0x0000000e   Code   RO         5302    i.__scatterload_zeroinit  mc_w.l(handlers.o)
    0x08005210   0x08005210   0x0000000c   Code   RO         5282    i.__set_errno       mc_w.l(errno.o)
    0x0800521c   0x0800521c   0x00000184   Code   RO         5190    i._fp_digits        mc_w.l(printfa.o)
    0x080053a0   0x080053a0   0x000006b4   Code   RO         5191    i._printf_core      mc_w.l(printfa.o)
    0x08005a54   0x08005a54   0x00000024   Code   RO         5192    i._printf_post_padding  mc_w.l(printfa.o)
    0x08005a78   0x08005a78   0x0000002e   Code   RO         5193    i._printf_pre_padding  mc_w.l(printfa.o)
    0x08005aa6   0x08005aa6   0x00000002   PAD
    0x08005aa8   0x08005aa8   0x00000300   Code   RO         4512    i.arm_atan2_f32     arm_atan2_f32.o
    0x08005da8   0x08005da8   0x000000a4   Code   RO         4548    i.arm_cos_f32       arm_cos_f32.o
    0x08005e4c   0x08005e4c   0x000000a0   Code   RO         4572    i.arm_sin_f32       arm_sin_f32.o
    0x08005eec   0x08005eec   0x00000120   Code   RO         4419    i.corr_amp_phase    fft.o
    0x0800600c   0x0800600c   0x0000000c   Code   RO         4597    i.delay_init        delay.o
    0x08006018   0x08006018   0x00000012   Code   RO         4598    i.delay_ms          delay.o
    0x0800602a   0x0800602a   0x00000002   PAD
    0x0800602c   0x0800602c   0x00000048   Code   RO         4599    i.delay_us          delay.o
    0x08006074   0x08006074   0x00000068   Code   RO         4420    i.find_peaks        fft.o
    0x080060dc   0x080060dc   0x0000001c   Code   RO          522    i.fputc             usart.o
    0x080060f8   0x080060f8   0x00000050   Code   RO         5211    i.free              mc_w.l(malloc.o)
    0x08006148   0x08006148   0x0000004c   Code   RO         4421    i.interp_parabolic  fft.o
    0x08006194   0x08006194   0x00000138   Code   RO           15    i.main              main.o
    0x080062cc   0x080062cc   0x0000006c   Code   RO         5212    i.malloc            mc_w.l(malloc.o)
    0x08006338   0x08006338   0x000002a8   Code   RO         4422    i.process_signal    fft.o
    0x080065e0   0x080065e0   0x000000d0   Code   RO         4423    i.window_blackman   fft.o
    0x080066b0   0x080066b0   0x00000104   Code   RO         4424    i.window_blackmanHarris  fft.o
    0x080067b4   0x080067b4   0x0000009c   Code   RO         4425    i.window_hamming    fft.o
    0x08006850   0x08006850   0x00000098   Code   RO         4426    i.window_hanning    fft.o
    0x080068e8   0x080068e8   0x00000008   Data   RO         1505    .constdata          stm32f4xx_hal_dma.o
    0x080068f0   0x080068f0   0x00000018   Data   RO         4107    .constdata          system_stm32f4xx.o
    0x08006908   0x08006908   0x00000028   Data   RO         4513    .constdata          arm_atan2_f32.o
    0x08006930   0x08006930   0x0000004d   Data   RO           17    .conststring        main.o
    0x0800697d   0x0800697d   0x00000001   PAD
    0x0800697e   0x0800697e   0x00000e10   Data   RO         4743    .rodata.armBitRevIndexTable1024  arm_cortexM4lf_math.lib(arm_common_tables.o)
    0x0800778e   0x0800778e   0x000001a0   Data   RO         4740    .rodata.armBitRevIndexTable128  arm_cortexM4lf_math.lib(arm_common_tables.o)
    0x0800792e   0x0800792e   0x00000028   Data   RO         4737    .rodata.armBitRevIndexTable16  arm_cortexM4lf_math.lib(arm_common_tables.o)
    0x08007956   0x08007956   0x00001dc0   Data   RO         4744    .rodata.armBitRevIndexTable2048  arm_cortexM4lf_math.lib(arm_common_tables.o)
    0x08009716   0x08009716   0x00000370   Data   RO         4741    .rodata.armBitRevIndexTable256  arm_cortexM4lf_math.lib(arm_common_tables.o)
    0x08009a86   0x08009a86   0x00000060   Data   RO         4738    .rodata.armBitRevIndexTable32  arm_cortexM4lf_math.lib(arm_common_tables.o)
    0x08009ae6   0x08009ae6   0x00001f80   Data   RO         4745    .rodata.armBitRevIndexTable4096  arm_cortexM4lf_math.lib(arm_common_tables.o)
    0x0800ba66   0x0800ba66   0x00000380   Data   RO         4742    .rodata.armBitRevIndexTable512  arm_cortexM4lf_math.lib(arm_common_tables.o)
    0x0800bde6   0x0800bde6   0x00000070   Data   RO         4739    .rodata.armBitRevIndexTable64  arm_cortexM4lf_math.lib(arm_common_tables.o)
    0x0800be56   0x0800be56   0x00000002   PAD
    0x0800be58   0x0800be58   0x00000010   Data   RO         4872    .rodata.arm_cfft_sR_f32_len1024  arm_cortexM4lf_math.lib(arm_const_structs.o)
    0x0800be68   0x0800be68   0x00000010   Data   RO         4869    .rodata.arm_cfft_sR_f32_len128  arm_cortexM4lf_math.lib(arm_const_structs.o)
    0x0800be78   0x0800be78   0x00000010   Data   RO         4866    .rodata.arm_cfft_sR_f32_len16  arm_cortexM4lf_math.lib(arm_const_structs.o)
    0x0800be88   0x0800be88   0x00000010   Data   RO         4873    .rodata.arm_cfft_sR_f32_len2048  arm_cortexM4lf_math.lib(arm_const_structs.o)
    0x0800be98   0x0800be98   0x00000010   Data   RO         4870    .rodata.arm_cfft_sR_f32_len256  arm_cortexM4lf_math.lib(arm_const_structs.o)
    0x0800bea8   0x0800bea8   0x00000010   Data   RO         4867    .rodata.arm_cfft_sR_f32_len32  arm_cortexM4lf_math.lib(arm_const_structs.o)
    0x0800beb8   0x0800beb8   0x00000010   Data   RO         4874    .rodata.arm_cfft_sR_f32_len4096  arm_cortexM4lf_math.lib(arm_const_structs.o)
    0x0800bec8   0x0800bec8   0x00000010   Data   RO         4871    .rodata.arm_cfft_sR_f32_len512  arm_cortexM4lf_math.lib(arm_const_structs.o)
    0x0800bed8   0x0800bed8   0x00000010   Data   RO         4868    .rodata.arm_cfft_sR_f32_len64  arm_cortexM4lf_math.lib(arm_const_structs.o)
    0x0800bee8   0x0800bee8   0x00000804   Data   RO         4803    .rodata.sinTable_f32  arm_cortexM4lf_math.lib(arm_common_tables.o)
    0x0800c6ec   0x0800c6ec   0x00002000   Data   RO         4707    .rodata.twiddleCoef_1024  arm_cortexM4lf_math.lib(arm_common_tables.o)
    0x0800e6ec   0x0800e6ec   0x00000400   Data   RO         4704    .rodata.twiddleCoef_128  arm_cortexM4lf_math.lib(arm_common_tables.o)
    0x0800eaec   0x0800eaec   0x00000080   Data   RO         4701    .rodata.twiddleCoef_16  arm_cortexM4lf_math.lib(arm_common_tables.o)
    0x0800eb6c   0x0800eb6c   0x00004000   Data   RO         4708    .rodata.twiddleCoef_2048  arm_cortexM4lf_math.lib(arm_common_tables.o)
    0x08012b6c   0x08012b6c   0x00000800   Data   RO         4705    .rodata.twiddleCoef_256  arm_cortexM4lf_math.lib(arm_common_tables.o)
    0x0801336c   0x0801336c   0x00000100   Data   RO         4702    .rodata.twiddleCoef_32  arm_cortexM4lf_math.lib(arm_common_tables.o)
    0x0801346c   0x0801346c   0x00008000   Data   RO         4709    .rodata.twiddleCoef_4096  arm_cortexM4lf_math.lib(arm_common_tables.o)
    0x0801b46c   0x0801b46c   0x00001000   Data   RO         4706    .rodata.twiddleCoef_512  arm_cortexM4lf_math.lib(arm_common_tables.o)
    0x0801c46c   0x0801c46c   0x00000200   Data   RO         4703    .rodata.twiddleCoef_64  arm_cortexM4lf_math.lib(arm_common_tables.o)
    0x0801c66c   0x0801c66c   0x00001000   Data   RO         4768    .rodata.twiddleCoef_rfft_1024  arm_cortexM4lf_math.lib(arm_common_tables.o)
    0x0801d66c   0x0801d66c   0x00000200   Data   RO         4765    .rodata.twiddleCoef_rfft_128  arm_cortexM4lf_math.lib(arm_common_tables.o)
    0x0801d86c   0x0801d86c   0x00002000   Data   RO         4769    .rodata.twiddleCoef_rfft_2048  arm_cortexM4lf_math.lib(arm_common_tables.o)
    0x0801f86c   0x0801f86c   0x00000400   Data   RO         4766    .rodata.twiddleCoef_rfft_256  arm_cortexM4lf_math.lib(arm_common_tables.o)
    0x0801fc6c   0x0801fc6c   0x00000080   Data   RO         4763    .rodata.twiddleCoef_rfft_32  arm_cortexM4lf_math.lib(arm_common_tables.o)
    0x0801fcec   0x0801fcec   0x00004000   Data   RO         4770    .rodata.twiddleCoef_rfft_4096  arm_cortexM4lf_math.lib(arm_common_tables.o)
    0x08023cec   0x08023cec   0x00000800   Data   RO         4767    .rodata.twiddleCoef_rfft_512  arm_cortexM4lf_math.lib(arm_common_tables.o)
    0x080244ec   0x080244ec   0x00000100   Data   RO         4764    .rodata.twiddleCoef_rfft_64  arm_cortexM4lf_math.lib(arm_common_tables.o)
    0x080245ec   0x080245ec   0x00000030   Data   RO         5298    Region$$Table       anon$$obj.o


    Execution Region RW_IRAM1 (Exec base: 0x20000000, Load base: 0x0802461c, Size: 0x0001a030, Max: 0x0001c000, ABSOLUTE)

    Exec Addr    Load Addr    Size         Type   Attr      Idx    E Section Name        Object

    0x20000000        -       0x0001a030   Zero   RW         4427    .bss                fft.o


    Execution Region RW_IRAM2 (Exec base: 0x2001c000, Load base: 0x0802461c, Size: 0x00000878, Max: 0x00004000, ABSOLUTE)

    Exec Addr    Load Addr    Size         Type   Attr      Idx    E Section Name        Object

    0x2001c000   0x0802461c   0x00000001   Data   RW           18    .data               main.o
    0x2001c001   0x0802461d   0x00000003   PAD
    0x2001c004   0x08024620   0x00000009   Data   RW         1955    .data               stm32f4xx_hal.o
    0x2001c00d   0x08024629   0x00000003   PAD
    0x2001c010   0x0802462c   0x00000004   Data   RW         4108    .data               system_stm32f4xx.o
    0x2001c014   0x08024630   0x00000004   Data   RW         4428    .data               fft.o
    0x2001c018   0x08024634   0x00000004   Data   RW         4600    .data               delay.o
    0x2001c01c   0x08024638   0x00000004   Data   RW         5265    .data               mc_w.l(stdout.o)
    0x2001c020   0x0802463c   0x00000004   Data   RW         5278    .data               mc_w.l(mvars.o)
    0x2001c024   0x08024640   0x00000004   Data   RW         5279    .data               mc_w.l(mvars.o)
    0x2001c028   0x08024644   0x00000004   Data   RW         5283    .data               mc_w.l(errno.o)
    0x2001c02c        -       0x000000a8   Zero   RW          323    .bss                adc.o
    0x2001c0d4        -       0x00000074   Zero   RW          365    .bss                dac.o
    0x2001c148        -       0x00000058   Zero   RW          431    .bss                spi.o
    0x2001c1a0        -       0x00000090   Zero   RW          474    .bss                tim.o
    0x2001c230        -       0x00000048   Zero   RW          523    .bss                usart.o
    0x2001c278        -       0x00000200   Zero   RW            2    HEAP                startup_stm32f407xx.o
    0x2001c478        -       0x00000400   Zero   RW            1    STACK               startup_stm32f407xx.o


==============================================================================

Image component sizes


      Code (inc. data)   RO Data    RW Data    ZI Data      Debug   Object Name

       324         28          0          0        168       1827   adc.o
       768         24         40          0          0       7911   arm_atan2_f32.o
       164         14          0          0          0        802   arm_cos_f32.o
       160         14          0          0          0        802   arm_sin_f32.o
       264         30          0          0        116       1781   dac.o
       114         10          0          4          0       2471   delay.o
       104          6          0          0          0        818   dma.o
      2144        262          0          4     106544       9625   fft.o
       324         18          0          0          0       1091   gpio.o
      1052         60          0          0          0       6101   ili9341.o
        16          0          0          0          0        479   lcdapi.o
       498         42         77          1          0     731915   main.o
       204         22          0          0         88       1685   spi.o
        36          8        392          0       1536        840   startup_stm32f407xx.o
       172         32          0          9          0       8781   stm32f4xx_hal.o
      1814         66          0          0          0       8446   stm32f4xx_hal_adc.o
         2          0          0          0          0       1017   stm32f4xx_hal_adc_ex.o
       312         22          0          0          0      34367   stm32f4xx_hal_cortex.o
       150          0          0          0          0       2003   stm32f4xx_hal_dac.o
      1436         16          8          0          0       7062   stm32f4xx_hal_dma.o
       512         46          0          0          0       2120   stm32f4xx_hal_gpio.o
        72          4          0          0          0        866   stm32f4xx_hal_msp.o
      1820         84          0          0          0       5640   stm32f4xx_hal_rcc.o
       998         14          0          0          0       4358   stm32f4xx_hal_spi.o
      1250         76          0          0          0      10464   stm32f4xx_hal_tim.o
       184         30          0          0          0       2541   stm32f4xx_hal_tim_ex.o
      2264         14          0          0          0      11636   stm32f4xx_hal_uart.o
       126         34          0          0          0       7769   stm32f4xx_it.o
        20          6         24          4          0       1139   system_stm32f4xx.o
       344         30          0          0        144       2419   tim.o
       236         30          0          0         72       2262   usart.o

    ----------------------------------------------------------------------
     17920       1042        590         28     108668     881038   Object Totals
         0          0         48          0          0          0   (incl. Generated)
        36          0          1          6          0          0   (incl. Padding)

    ----------------------------------------------------------------------

      Code (inc. data)   RO Data    RW Data    ZI Data      Debug   Library Member Name

        68          0          0          0          0       1792   arm_bitreversal2.o
      1652          0          0          0          0       7236   arm_cfft_f32.o
       180          0          0          0          0       1283   arm_cfft_init_f32.o
      1458          4          0          0          0       5452   arm_cfft_radix8_f32.o
       340          0          0          0          0       2270   arm_cmplx_mag_f32.o
         0          0     121820          0          0       6294   arm_common_tables.o
         0          0        144          0          0       4820   arm_const_structs.o
       430          0          0          0          0       3280   arm_rfft_fast_f32.o
       466          0          0          0          0       3844   arm_rfft_fast_init_f32.o
        58          0          0          0          0        136   sqrtf.o
         0          0          0          0          0          0   entry.o
         0          0          0          0          0          0   entry10a.o
         0          0          0          0          0          0   entry11a.o
         4          0          0          0          0          0   entry12b.o
         8          4          0          0          0          0   entry2.o
         4          0          0          0          0          0   entry5.o
         0          0          0          0          0          0   entry7b.o
         0          0          0          0          0          0   entry8b.o
         8          4          0          0          0          0   entry9a.o
        12          6          0          4          0         68   errno.o
        30          0          0          0          0          0   handlers.o
        36          8          0          0          0         68   init.o
         0          0          0          0          0          0   iusefp.o
        30          0          0          0          0         68   llshl.o
        36          0          0          0          0         68   llsshr.o
        32          0          0          0          0         68   llushr.o
       188         20          0          0          0        160   malloc.o
        36          0          0          0          0        108   memseta.o
         0          0          0          8          0          0   mvars.o
      2218         90          0          0          0        464   printfa.o
         0          0          0          4          0          0   stdout.o
        44          0          0          0          0         80   uidiv.o
        98          0          0          0          0         92   uldiv.o
        48          0          0          0          0         68   cdrcmple.o
       334          0          0          0          0        148   dadd.o
       222          0          0          0          0        100   ddiv.o
       186          0          0          0          0        176   depilogue.o
        48          0          0          0          0         68   dfixul.o
       228          0          0          0          0         96   dmul.o
        38          0          0          0          0         68   f2d.o

    ----------------------------------------------------------------------
      8544        136     121966         16          0      38375   Library Totals
         4          0          2          0          0          0   (incl. Padding)

    ----------------------------------------------------------------------

      Code (inc. data)   RO Data    RW Data    ZI Data      Debug   Library Name

      4594          4     121964          0          0      36271   arm_cortexM4lf_math.lib
        58          0          0          0          0        136   m_wm.l
      2784        132          0         16          0       1244   mc_w.l
      1104          0          0          0          0        724   mf_w.l

    ----------------------------------------------------------------------
      8544        136     121966         16          0      38375   Library Totals

    ----------------------------------------------------------------------

==============================================================================


      Code (inc. data)   RO Data    RW Data    ZI Data      Debug   

     26464       1178     122556         44     108668     905985   Grand Totals
     26464       1178     122556         44     108668     905985   ELF Image Totals
     26464       1178     122556         44          0          0   ROM Totals

==============================================================================

    Total RO  Size (Code + RO Data)               149020 ( 145.53kB)
    Total RW  Size (RW Data + ZI Data)            108712 ( 106.16kB)
    Total ROM Size (Code + RO Data + RW Data)     149064 ( 145.57kB)

==============================================================================

