Component: ARM Compiler 5.06 update 7 (build 960) Tool: armlink [4d3601]

==============================================================================

Section Cross References

    startup_stm32f407xx.o(RESET) refers to startup_stm32f407xx.o(STACK) for __initial_sp
    startup_stm32f407xx.o(RESET) refers to startup_stm32f407xx.o(.text) for Reset_Handler
    startup_stm32f407xx.o(RESET) refers to stm32f4xx_it.o(i.NMI_Handler) for NMI_Handler
    startup_stm32f407xx.o(RESET) refers to stm32f4xx_it.o(i.HardFault_Handler) for HardFault_Handler
    startup_stm32f407xx.o(RESET) refers to stm32f4xx_it.o(i.MemManage_Handler) for MemManage_Handler
    startup_stm32f407xx.o(RESET) refers to stm32f4xx_it.o(i.BusFault_Handler) for BusFault_Handler
    startup_stm32f407xx.o(RESET) refers to stm32f4xx_it.o(i.UsageFault_Handler) for UsageFault_Handler
    startup_stm32f407xx.o(RESET) refers to stm32f4xx_it.o(i.SVC_Handler) for SVC_Handler
    startup_stm32f407xx.o(RESET) refers to stm32f4xx_it.o(i.DebugMon_Handler) for DebugMon_Handler
    startup_stm32f407xx.o(RESET) refers to stm32f4xx_it.o(i.PendSV_Handler) for PendSV_Handler
    startup_stm32f407xx.o(RESET) refers to stm32f4xx_it.o(i.SysTick_Handler) for SysTick_Handler
    startup_stm32f407xx.o(RESET) refers to stm32f4xx_it.o(i.DMA1_Stream5_IRQHandler) for DMA1_Stream5_IRQHandler
    startup_stm32f407xx.o(RESET) refers to stm32f4xx_it.o(i.ADC_IRQHandler) for ADC_IRQHandler
    startup_stm32f407xx.o(RESET) refers to stm32f4xx_it.o(i.TIM3_IRQHandler) for TIM3_IRQHandler
    startup_stm32f407xx.o(RESET) refers to stm32f4xx_it.o(i.USART2_IRQHandler) for USART2_IRQHandler
    startup_stm32f407xx.o(RESET) refers to stm32f4xx_it.o(i.DMA2_Stream0_IRQHandler) for DMA2_Stream0_IRQHandler
    startup_stm32f407xx.o(.text) refers to system_stm32f4xx.o(i.SystemInit) for SystemInit
    startup_stm32f407xx.o(.text) refers to entry.o(.ARM.Collect$$$$00000000) for __main
    main.o(i.SystemClock_Config) refers to memseta.o(.text) for __aeabi_memclr4
    main.o(i.SystemClock_Config) refers to stm32f4xx_hal_rcc.o(i.HAL_RCC_OscConfig) for HAL_RCC_OscConfig
    main.o(i.SystemClock_Config) refers to main.o(i.Error_Handler) for Error_Handler
    main.o(i.SystemClock_Config) refers to stm32f4xx_hal_rcc.o(i.HAL_RCC_ClockConfig) for HAL_RCC_ClockConfig
    main.o(i.main) refers to stm32f4xx_hal.o(i.HAL_Init) for HAL_Init
    main.o(i.main) refers to delay.o(i.delay_init) for delay_init
    main.o(i.main) refers to main.o(i.SystemClock_Config) for SystemClock_Config
    main.o(i.main) refers to gpio.o(i.MX_GPIO_Init) for MX_GPIO_Init
    main.o(i.main) refers to dma.o(i.MX_DMA_Init) for MX_DMA_Init
    main.o(i.main) refers to spi.o(i.MX_SPI2_Init) for MX_SPI2_Init
    main.o(i.main) refers to usart.o(i.MX_USART2_UART_Init) for MX_USART2_UART_Init
    main.o(i.main) refers to adc.o(i.MX_ADC1_Init) for MX_ADC1_Init
    main.o(i.main) refers to dac.o(i.MX_DAC_Init) for MX_DAC_Init
    main.o(i.main) refers to tim.o(i.MX_TIM3_Init) for MX_TIM3_Init
    main.o(i.main) refers to tim.o(i.MX_TIM8_Init) for MX_TIM8_Init
    main.o(i.main) refers to lcdapi.o(i.LCD_Init) for LCD_Init
    main.o(i.main) refers to dds.o(i.DDS_Start) for DDS_Start
    main.o(i.main) refers to delay.o(i.HAL_Delay) for HAL_Delay
    main.o(i.main) refers to printfa.o(i.__0printf) for __2printf
    main.o(i.main) refers to stm32f4xx_hal_adc.o(i.HAL_ADC_Start_DMA) for HAL_ADC_Start_DMA
    main.o(i.main) refers to stm32f4xx_hal_tim.o(i.HAL_TIM_Base_Start) for HAL_TIM_Base_Start
    main.o(i.main) refers to fft.o(i.process_signal) for process_signal
    main.o(i.main) refers to f2d.o(.text) for __aeabi_f2d
    main.o(i.main) refers to stm32f4xx_hal_gpio.o(i.HAL_GPIO_TogglePin) for HAL_GPIO_TogglePin
    main.o(i.main) refers to dds.o(.bss) for DDS
    main.o(i.main) refers to main.o(.bss) for ADCbuff_2frame
    main.o(i.main) refers to adc.o(.bss) for hadc1
    main.o(i.main) refers to tim.o(.bss) for htim3
    main.o(i.main) refers to main.o(.data) for frame_ready
    main.o(i.main) refers to fft.o(.data) for ADCbuff
    main.o(i.main) refers to fft.o(.bss) for tones
    main.o(i.main) refers to main.o(.conststring) for .conststring
    gpio.o(i.MX_GPIO_Init) refers to memseta.o(.text) for __aeabi_memclr4
    gpio.o(i.MX_GPIO_Init) refers to stm32f4xx_hal_gpio.o(i.HAL_GPIO_WritePin) for HAL_GPIO_WritePin
    gpio.o(i.MX_GPIO_Init) refers to stm32f4xx_hal_gpio.o(i.HAL_GPIO_Init) for HAL_GPIO_Init
    adc.o(i.HAL_ADC_MspDeInit) refers to stm32f4xx_hal_gpio.o(i.HAL_GPIO_DeInit) for HAL_GPIO_DeInit
    adc.o(i.HAL_ADC_MspDeInit) refers to stm32f4xx_hal_dma.o(i.HAL_DMA_DeInit) for HAL_DMA_DeInit
    adc.o(i.HAL_ADC_MspDeInit) refers to stm32f4xx_hal_cortex.o(i.HAL_NVIC_DisableIRQ) for HAL_NVIC_DisableIRQ
    adc.o(i.HAL_ADC_MspInit) refers to memseta.o(.text) for __aeabi_memclr4
    adc.o(i.HAL_ADC_MspInit) refers to stm32f4xx_hal_gpio.o(i.HAL_GPIO_Init) for HAL_GPIO_Init
[...]
    i.TIM_ITRx_SetConfig                     0x08005082   Section        0  stm32f4xx_hal_tim.o(i.TIM_ITRx_SetConfig)
    TIM_ITRx_SetConfig                       0x08005083   Thumb Code    18  stm32f4xx_hal_tim.o(i.TIM_ITRx_SetConfig)
    i.TIM_TI1_ConfigInputStage               0x08005094   Section        0  stm32f4xx_hal_tim.o(i.TIM_TI1_ConfigInputStage)
    TIM_TI1_ConfigInputStage                 0x08005095   Thumb Code    38  stm32f4xx_hal_tim.o(i.TIM_TI1_ConfigInputStage)
    i.TIM_TI2_ConfigInputStage               0x080050ba   Section        0  stm32f4xx_hal_tim.o(i.TIM_TI2_ConfigInputStage)
    TIM_TI2_ConfigInputStage                 0x080050bb   Thumb Code    40  stm32f4xx_hal_tim.o(i.TIM_TI2_ConfigInputStage)
    i.UART_DMAAbortOnError                   0x080050e2   Section        0  stm32f4xx_hal_uart.o(i.UART_DMAAbortOnError)
    UART_DMAAbortOnError                     0x080050e3   Thumb Code    20  stm32f4xx_hal_uart.o(i.UART_DMAAbortOnError)
    i.UART_EndRxTransfer                     0x080050f6   Section        0  stm32f4xx_hal_uart.o(i.UART_EndRxTransfer)
    UART_EndRxTransfer                       0x080050f7   Thumb Code   108  stm32f4xx_hal_uart.o(i.UART_EndRxTransfer)
    i.UART_EndTransmit_IT                    0x08005162   Section        0  stm32f4xx_hal_uart.o(i.UART_EndTransmit_IT)
    UART_EndTransmit_IT                      0x08005163   Thumb Code    32  stm32f4xx_hal_uart.o(i.UART_EndTransmit_IT)
    i.UART_Receive_IT                        0x08005182   Section        0  stm32f4xx_hal_uart.o(i.UART_Receive_IT)
    UART_Receive_IT                          0x08005183   Thumb Code   252  stm32f4xx_hal_uart.o(i.UART_Receive_IT)
    i.UART_SetConfig                         0x08005280   Section        0  stm32f4xx_hal_uart.o(i.UART_SetConfig)
    UART_SetConfig                           0x08005281   Thumb Code   546  stm32f4xx_hal_uart.o(i.UART_SetConfig)
    i.UART_Transmit_IT                       0x080054ac   Section        0  stm32f4xx_hal_uart.o(i.UART_Transmit_IT)
    UART_Transmit_IT                         0x080054ad   Thumb Code    96  stm32f4xx_hal_uart.o(i.UART_Transmit_IT)
    i.UART_WaitOnFlagUntilTimeout            0x0800550c   Section        0  stm32f4xx_hal_uart.o(i.UART_WaitOnFlagUntilTimeout)
    UART_WaitOnFlagUntilTimeout              0x0800550d   Thumb Code   140  stm32f4xx_hal_uart.o(i.UART_WaitOnFlagUntilTimeout)
    i.USART2_IRQHandler                      0x08005598   Section        0  stm32f4xx_it.o(i.USART2_IRQHandler)
    i.UsageFault_Handler                     0x080055a8   Section        0  stm32f4xx_it.o(i.UsageFault_Handler)
    i.__0printf                              0x080055ac   Section        0  printfa.o(i.__0printf)
    i.__ARM_fpclassifyf                      0x080055cc   Section        0  fpclassifyf.o(i.__ARM_fpclassifyf)
    i.__NVIC_GetPriorityGrouping             0x080055f4   Section        0  stm32f4xx_hal_cortex.o(i.__NVIC_GetPriorityGrouping)
    __NVIC_GetPriorityGrouping               0x080055f5   Thumb Code    10  stm32f4xx_hal_cortex.o(i.__NVIC_GetPriorityGrouping)
    i.__NVIC_SetPriority                     0x08005604   Section        0  stm32f4xx_hal_cortex.o(i.__NVIC_SetPriority)
    __NVIC_SetPriority                       0x08005605   Thumb Code    32  stm32f4xx_hal_cortex.o(i.__NVIC_SetPriority)
    i.__hardfp_atan2f                        0x0800562c   Section        0  atan2f.o(i.__hardfp_atan2f)
    i.__hardfp_sqrtf                         0x080058d8   Section        0  sqrtf.o(i.__hardfp_sqrtf)
    i.__mathlib_flt_infnan2                  0x08005912   Section        0  funder.o(i.__mathlib_flt_infnan2)
    i.__mathlib_flt_underflow                0x08005918   Section        0  funder.o(i.__mathlib_flt_underflow)
    i.__scatterload_copy                     0x08005928   Section       14  handlers.o(i.__scatterload_copy)
    i.__scatterload_null                     0x08005936   Section        2  handlers.o(i.__scatterload_null)
    i.__scatterload_zeroinit                 0x08005938   Section       14  handlers.o(i.__scatterload_zeroinit)
    i.__set_errno                            0x08005948   Section        0  errno.o(i.__set_errno)
    i._fp_digits                             0x08005954   Section        0  printfa.o(i._fp_digits)
    _fp_digits                               0x08005955   Thumb Code   366  printfa.o(i._fp_digits)
    i._printf_core                           0x08005ad8   Section        0  printfa.o(i._printf_core)
    _printf_core                             0x08005ad9   Thumb Code  1704  printfa.o(i._printf_core)
    i._printf_post_padding                   0x0800618c   Section        0  printfa.o(i._printf_post_padding)
    _printf_post_padding                     0x0800618d   Thumb Code    36  printfa.o(i._printf_post_padding)
    i._printf_pre_padding                    0x080061b0   Section        0  printfa.o(i._printf_pre_padding)
    _printf_pre_padding                      0x080061b1   Thumb Code    46  printfa.o(i._printf_pre_padding)
    i.arm_atan2_f32                          0x080061e0   Section        0  arm_atan2_f32.o(i.arm_atan2_f32)
    i.arm_cos_f32                            0x080064e0   Section        0  arm_cos_f32.o(i.arm_cos_f32)
    i.arm_sin_f32                            0x08006584   Section        0  arm_sin_f32.o(i.arm_sin_f32)
    i.delay_init                             0x08006624   Section        0  delay.o(i.delay_init)
    i.delay_ms                               0x08006630   Section        0  delay.o(i.delay_ms)
    i.delay_us                               0x08006644   Section        0  delay.o(i.delay_us)
    i.find_peaks                             0x0800668c   Section        0  fft.o(i.find_peaks)
    i.fputc                                  0x080066f4   Section        0  usart.o(i.fputc)
    i.free                                   0x08006710   Section        0  malloc.o(i.free)
    i.getNewWaveLUT                          0x08006760   Section        0  dds.o(i.getNewWaveLUT)
    i.interp_parabolic                       0x08006950   Section        0  fft.o(i.interp_parabolic)
    i.least_square                           0x0800699c   Section        0  fft.o(i.least_square)
    i.main                                   0x08006e30   Section        0  main.o(i.main)
    i.malloc                                 0x08007054   Section        0  malloc.o(i.malloc)
    i.process_signal                         0x080070c0   Section        0  fft.o(i.process_signal)
    i.setOffset                              0x08007408   Section        0  dds.o(i.setOffset)
    i.window_blackman                        0x0800744c   Section        0  fft.o(i.window_blackman)
    i.window_blackmanHarris                  0x0800751c   Section        0  fft.o(i.window_blackmanHarris)
    i.window_hamming                         0x08007620   Section        0  fft.o(i.window_hamming)
    i.window_hanning                         0x080076bc   Section        0  fft.o(i.window_hanning)
    .constdata                               0x08007754   Section        8  stm32f4xx_hal_dma.o(.constdata)
    flagBitshiftOffset                       0x08007754   Data           8  stm32f4xx_hal_dma.o(.constdata)
    .constdata                               0x0800775c   Section       24  system_stm32f4xx.o(.constdata)
    .constdata                               0x08007774   Section       40  arm_atan2_f32.o(.constdata)
    atan2_coefs_f32                          0x08007774   Data          40  arm_atan2_f32.o(.constdata)
    .conststring                             0x0800779c   Section       76  main.o(.conststring)
    .data                                    0x20000000   Section        1  main.o(.data)
    .data                                    0x20000004   Section        9  stm32f4xx_hal.o(.data)
    .data                                    0x20000010   Section        4  system_stm32f4xx.o(.data)
    .data                                    0x20000014   Section        8  fft.o(.data)
    window_cg                                0x20000018   Data           4  fft.o(.data)
    .data                                    0x2000001c   Section        4  delay.o(.data)
    g_fac_us                                 0x2000001c   Data           4  delay.o(.data)
    .data                                    0x20000020   Section        4  stdout.o(.data)
    .data                                    0x20000024   Section        4  mvars.o(.data)
    .data                                    0x20000028   Section        4  mvars.o(.data)
    .data                                    0x2000002c   Section        4  errno.o(.data)
    _errno                                   0x2000002c   Data           4  errno.o(.data)
    .bss                                     0x20000030   Section    16384  main.o(.bss)
    .bss                                     0x20004030   Section      168  adc.o(.bss)
    .bss                                     0x200040d8   Section      116  dac.o(.bss)
    .bss                                     0x2000414c   Section       88  spi.o(.bss)
    .bss                                     0x200041a4   Section      144  tim.o(.bss)
    .bss                                     0x20004234   Section       72  usart.o(.bss)
    .bss                                     0x2000427c   Section    73776  fft.o(.bss)
    ADC_ConvData                             0x2000427c   Data       16384  fft.o(.bss)
    fft_inputbuf                             0x2000827c   Data       16384  fft.o(.bss)
    fft_outputbuf                            0x2000c27c   Data       16384  fft.o(.bss)
    mag                                      0x2001027c   Data        8192  fft.o(.bss)
    window                                   0x2001227c   Data       16384  fft.o(.bss)
    .bss                                     0x200162ac   Section      536  dds.o(.bss)
    HEAP                                     0x200164c8   Section      512  startup_stm32f407xx.o(HEAP)
    STACK                                    0x200166c8   Section     1024  startup_stm32f407xx.o(STACK)

    Global Symbols

    Symbol Name                              Value     Ov Type        Size  Object(Section)

    BuildAttributes$$THM_ISAv4$E$P$D$K$B$S$7EM$VFPi3$EXTD16$VFPS$VFMA$PE$A:L22UL41UL21$X:L11$S22US41US21$IEEE1$IW$USESV6$~STKCKD$USESV7$~SHL$OTIME$ROPI$IEEEX$EBA8$MICROLIB$REQ8$PRES8$EABIv2 0x00000000   Number         0  anon$$obj.o ABSOLUTE
    __ARM_use_no_argv                        0x00000000   Number         0  main.o ABSOLUTE
    _printf_a                                0x00000000   Number         0  stubs.o ABSOLUTE
    _printf_c                                0x00000000   Number         0  stubs.o ABSOLUTE
    _printf_charcount                        0x00000000   Number         0  stubs.o ABSOLUTE
    _printf_d                                0x00000000   Number         0  stubs.o ABSOLUTE
    _printf_e                                0x00000000   Number         0  stubs.o ABSOLUTE
    _printf_f                                0x00000000   Number         0  stubs.o ABSOLUTE
    _printf_flags                            0x00000000   Number         0  stubs.o ABSOLUTE
    _printf_fp_dec                           0x00000000   Number         0  stubs.o ABSOLUTE
    _printf_fp_hex                           0x00000000   Number         0  stubs.o ABSOLUTE
    _printf_g                                0x00000000   Number         0  stubs.o ABSOLUTE
    _printf_i                                0x00000000   Number         0  stubs.o ABSOLUTE
    _printf_int_dec                          0x00000000   Number         0  stubs.o ABSOLUTE
    _printf_l                                0x00000000   Number         0  stubs.o ABSOLUTE
    _printf_lc                               0x00000000   Number         0  stubs.o ABSOLUTE
    _printf_ll                               0x00000000   Number         0  stubs.o ABSOLUTE
    _printf_lld                              0x00000000   Number         0  stubs.o ABSOLUTE
    _printf_lli                              0x00000000   Number         0  stubs.o ABSOLUTE
    _printf_llo                              0x00000000   Number         0  stubs.o ABSOLUTE
    _printf_llu                              0x00000000   Number         0  stubs.o ABSOLUTE
    _printf_llx                              0x00000000   Number         0  stubs.o ABSOLUTE
    _printf_longlong_dec                     0x00000000   Number         0  stubs.o ABSOLUTE
    _printf_longlong_hex                     0x00000000   Number         0  stubs.o ABSOLUTE
    _printf_longlong_oct                     0x00000000   Number         0  stubs.o ABSOLUTE
    _printf_ls                               0x00000000   Number         0  stubs.o ABSOLUTE
    _printf_mbtowc                           0x00000000   Number         0  stubs.o ABSOLUTE
    _printf_n                                0x00000000   Number         0  stubs.o ABSOLUTE
    _printf_o                                0x00000000   Number         0  stubs.o ABSOLUTE
    _printf_p                                0x00000000   Number         0  stubs.o ABSOLUTE
    _printf_percent                          0x00000000   Number         0  stubs.o ABSOLUTE
    _printf_pre_padding                      0x00000000   Number         0  stubs.o ABSOLUTE
    _printf_return_value                     0x00000000   Number         0  stubs.o ABSOLUTE
    _printf_s                                0x00000000   Number         0  stubs.o ABSOLUTE
    _printf_sizespec                         0x00000000   Number         0  stubs.o ABSOLUTE
    _printf_str                              0x00000000   Number         0  stubs.o ABSOLUTE
    _printf_truncate_signed                  0x00000000   Number         0  stubs.o ABSOLUTE
    _printf_truncate_unsigned                0x00000000   Number         0  stubs.o ABSOLUTE
    _printf_u                                0x00000000   Number         0  stubs.o ABSOLUTE
    _printf_wc                               0x00000000   Number         0  stubs.o ABSOLUTE
    _printf_wctomb                           0x00000000   Number         0  stubs.o ABSOLUTE
    _printf_widthprec                        0x00000000   Number         0  stubs.o ABSOLUTE
    _printf_x                                0x00000000   Number         0  stubs.o ABSOLUTE
    __arm_fini_                               - Undefined Weak Reference
    __cpp_initialize__aeabi_                  - Undefined Weak Reference
    __cxa_finalize                            - Undefined Weak Reference
    __decompress                              - Undefined Weak Reference
    _clock_init                               - Undefined Weak Reference
    _microlib_exit                            - Undefined Weak Reference
    __Vectors_Size                           0x00000188   Number         0  startup_stm32f407xx.o ABSOLUTE
    __Vectors                                0x08000000   Data           4  startup_stm32f407xx.o(RESET)
    __Vectors_End                            0x08000188   Data           0  startup_stm32f407xx.o(RESET)
    __main                                   0x08000189   Thumb Code     0  entry.o(.ARM.Collect$$$$00000000)
    _main_stk                                0x08000189   Thumb Code     0  entry2.o(.ARM.Collect$$$$00000001)
    _main_scatterload                        0x0800018d   Thumb Code     0  entry5.o(.ARM.Collect$$$$00000004)
    __main_after_scatterload                 0x08000191   Thumb Code     0  entry5.o(.ARM.Collect$$$$00000004)
    _main_clock                              0x08000191   Thumb Code     0  entry7b.o(.ARM.Collect$$$$00000008)
    _main_cpp_init                           0x08000191   Thumb Code     0  entry8b.o(.ARM.Collect$$$$0000000A)
    _main_init                               0x08000191   Thumb Code     0  entry9a.o(.ARM.Collect$$$$0000000B)
    __rt_lib_shutdown_fini                   0x08000199   Thumb Code     0  entry12b.o(.ARM.Collect$$$$0000000E)
    __rt_final_cpp                           0x0800019d   Thumb Code     0  entry10a.o(.ARM.Collect$$$$0000000F)
    __rt_final_exit                          0x0800019d   Thumb Code     0  entry11a.o(.ARM.Collect$$$$00000011)
    Reset_Handler                            0x080001a1   Thumb Code     8  startup_stm32f407xx.o(.text)
    CAN1_RX0_IRQHandler                      0x080001bb   Thumb Code     0  startup_stm32f407xx.o(.text)
    CAN1_RX1_IRQHandler                      0x080001bb   Thumb Code     0  startup_stm32f407xx.o(.text)
    CAN1_SCE_IRQHandler                      0x080001bb   Thumb Code     0  startup_stm32f407xx.o(.text)
    CAN1_TX_IRQHandler                       0x080001bb   Thumb Code     0  startup_stm32f407xx.o(.text)
    CAN2_RX0_IRQHandler                      0x080001bb   Thumb Code     0  startup_stm32f407xx.o(.text)
    CAN2_RX1_IRQHandler                      0x080001bb   Thumb Code     0  startup_stm32f407xx.o(.text)
    CAN2_SCE_IRQHandler                      0x080001bb   Thumb Code     0  startup_stm32f407xx.o(.text)
    CAN2_TX_IRQHandler                       0x080001bb   Thumb Code     0  startup_stm32f407xx.o(.text)
    DCMI_IRQHandler                          0x080001bb   Thumb Code     0  startup_stm32f407xx.o(.text)
    DMA1_Stream0_IRQHandler                  0x080001bb   Thumb Code     0  startup_stm32f407xx.o(.text)
    DMA1_Stream1_IRQHandler                  0x080001bb   Thumb Code     0  startup_stm32f407xx.o(.text)
    DMA1_Stream2_IRQHandler                  0x080001bb   Thumb Code     0  startup_stm32f407xx.o(.text)
    DMA1_Stream3_IRQHandler                  0x080001bb   Thumb Code     0  startup_stm32f407xx.o(.text)
    DMA1_Stream4_IRQHandler                  0x080001bb   Thumb Code     0  startup_stm32f407xx.o(.text)
    DMA1_Stream6_IRQHandler                  0x080001bb   Thumb Code     0  startup_stm32f407xx.o(.text)
    DMA1_Stream7_IRQHandler                  0x080001bb   Thumb Code     0  startup_stm32f407xx.o(.text)
    DMA2_Stream1_IRQHandler                  0x080001bb   Thumb Code     0  startup_stm32f407xx.o(.text)
    DMA2_Stream2_IRQHandler                  0x080001bb   Thumb Code     0  startup_stm32f407xx.o(.text)
    DMA2_Stream3_IRQHandler                  0x080001bb   Thumb Code     0  startup_stm32f407xx.o(.text)
    DMA2_Stream4_IRQHandler                  0x080001bb   Thumb Code     0  startup_stm32f407xx.o(.text)
    DMA2_Stream5_IRQHandler                  0x080001bb   Thumb Code     0  startup_stm32f407xx.o(.text)
    DMA2_Stream6_IRQHandler                  0x080001bb   Thumb Code     0  startup_stm32f407xx.o(.text)
    DMA2_Stream7_IRQHandler                  0x080001bb   Thumb Code     0  startup_stm32f407xx.o(.text)
    ETH_IRQHandler                           0x080001bb   Thumb Code     0  startup_stm32f407xx.o(.text)
    ETH_WKUP_IRQHandler                      0x080001bb   Thumb Code     0  startup_stm32f407xx.o(.text)
    EXTI0_IRQHandler                         0x080001bb   Thumb Code     0  startup_stm32f407xx.o(.text)
    EXTI15_10_IRQHandler                     0x080001bb   Thumb Code     0  startup_stm32f407xx.o(.text)
    EXTI1_IRQHandler                         0x080001bb   Thumb Code     0  startup_stm32f407xx.o(.text)
    EXTI2_IRQHandler                         0x080001bb   Thumb Code     0  startup_stm32f407xx.o(.text)
    EXTI3_IRQHandler                         0x080001bb   Thumb Code     0  startup_stm32f407xx.o(.text)
    EXTI4_IRQHandler                         0x080001bb   Thumb Code     0  startup_stm32f407xx.o(.text)
    EXTI9_5_IRQHandler                       0x080001bb   Thumb Code     0  startup_stm32f407xx.o(.text)
    FLASH_IRQHandler                         0x080001bb   Thumb Code     0  startup_stm32f407xx.o(.text)
    FMC_IRQHandler                           0x080001bb   Thumb Code     0  startup_stm32f407xx.o(.text)
    FPU_IRQHandler                           0x080001bb   Thumb Code     0  startup_stm32f407xx.o(.text)
    HASH_RNG_IRQHandler                      0x080001bb   Thumb Code     0  startup_stm32f407xx.o(.text)
    I2C1_ER_IRQHandler                       0x080001bb   Thumb Code     0  startup_stm32f407xx.o(.text)
    I2C1_EV_IRQHandler                       0x080001bb   Thumb Code     0  startup_stm32f407xx.o(.text)
    I2C2_ER_IRQHandler                       0x080001bb   Thumb Code     0  startup_stm32f407xx.o(.text)
    I2C2_EV_IRQHandler                       0x080001bb   Thumb Code     0  startup_stm32f407xx.o(.text)
    I2C3_ER_IRQHandler                       0x080001bb   Thumb Code     0  startup_stm32f407xx.o(.text)
    I2C3_EV_IRQHandler                       0x080001bb   Thumb Code     0  startup_stm32f407xx.o(.text)
    OTG_FS_IRQHandler                        0x080001bb   Thumb Code     0  startup_stm32f407xx.o(.text)
    OTG_FS_WKUP_IRQHandler                   0x080001bb   Thumb Code     0  startup_stm32f407xx.o(.text)
    OTG_HS_EP1_IN_IRQHandler                 0x080001bb   Thumb Code     0  startup_stm32f407xx.o(.text)
    OTG_HS_EP1_OUT_IRQHandler                0x080001bb   Thumb Code     0  startup_stm32f407xx.o(.text)
    OTG_HS_IRQHandler                        0x080001bb   Thumb Code     0  startup_stm32f407xx.o(.text)
    OTG_HS_WKUP_IRQHandler                   0x080001bb   Thumb Code     0  startup_stm32f407xx.o(.text)
    PVD_IRQHandler                           0x080001bb   Thumb Code     0  startup_stm32f407xx.o(.text)
    RCC_IRQHandler                           0x080001bb   Thumb Code     0  startup_stm32f407xx.o(.text)
    RTC_Alarm_IRQHandler                     0x080001bb   Thumb Code     0  startup_stm32f407xx.o(.text)
    RTC_WKUP_IRQHandler                      0x080001bb   Thumb Code     0  startup_stm32f407xx.o(.text)
    SDIO_IRQHandler                          0x080001bb   Thumb Code     0  startup_stm32f407xx.o(.text)
    SPI1_IRQHandler                          0x080001bb   Thumb Code     0  startup_stm32f407xx.o(.text)
    SPI2_IRQHandler                          0x080001bb   Thumb Code     0  startup_stm32f407xx.o(.text)
    SPI3_IRQHandler                          0x080001bb   Thumb Code     0  startup_stm32f407xx.o(.text)
    TAMP_STAMP_IRQHandler                    0x080001bb   Thumb Code     0  startup_stm32f407xx.o(.text)
    TIM1_BRK_TIM9_IRQHandler                 0x080001bb   Thumb Code     0  startup_stm32f407xx.o(.text)
    TIM1_CC_IRQHandler                       0x080001bb   Thumb Code     0  startup_stm32f407xx.o(.text)
    TIM1_TRG_COM_TIM11_IRQHandler            0x080001bb   Thumb Code     0  startup_stm32f407xx.o(.text)
    TIM1_UP_TIM10_IRQHandler                 0x080001bb   Thumb Code     0  startup_stm32f407xx.o(.text)
    TIM2_IRQHandler                          0x080001bb   Thumb Code     0  startup_stm32f407xx.o(.text)
    TIM4_IRQHandler                          0x080001bb   Thumb Code     0  startup_stm32f407xx.o(.text)
    TIM5_IRQHandler                          0x080001bb   Thumb Code     0  startup_stm32f407xx.o(.text)
    TIM6_DAC_IRQHandler                      0x080001bb   Thumb Code     0  startup_stm32f407xx.o(.text)
    TIM7_IRQHandler                          0x080001bb   Thumb Code     0  startup_stm32f407xx.o(.text)
    TIM8_BRK_TIM12_IRQHandler                0x080001bb   Thumb Code     0  startup_stm32f407xx.o(.text)
    TIM8_CC_IRQHandler                       0x080001bb   Thumb Code     0  startup_stm32f407xx.o(.text)
    TIM8_TRG_COM_TIM14_IRQHandler            0x080001bb   Thumb Code     0  startup_stm32f407xx.o(.text)
    TIM8_UP_TIM13_IRQHandler                 0x080001bb   Thumb Code     0  startup_stm32f407xx.o(.text)
    UART4_IRQHandler                         0x080001bb   Thumb Code     0  startup_stm32f407xx.o(.text)
    UART5_IRQHandler                         0x080001bb   Thumb Code     0  startup_stm32f407xx.o(.text)
    USART1_IRQHandler                        0x080001bb   Thumb Code     0  startup_stm32f407xx.o(.text)
    USART3_IRQHandler                        0x080001bb   Thumb Code     0  startup_stm32f407xx.o(.text)
    USART6_IRQHandler                        0x080001bb   Thumb Code     0  startup_stm32f407xx.o(.text)
    WWDG_IRQHandler                          0x080001bb   Thumb Code     0  startup_stm32f407xx.o(.text)
    __aeabi_uldivmod                         0x080001c5   Thumb Code    98  uldiv.o(.text)
    __aeabi_memset                           0x08000227   Thumb Code    14  memseta.o(.text)
    __aeabi_memset4                          0x08000227   Thumb Code     0  memseta.o(.text)
    __aeabi_memset8                          0x08000227   Thumb Code     0  memseta.o(.text)
    __aeabi_memclr                           0x08000235   Thumb Code     4  memseta.o(.text)
    __aeabi_memclr4                          0x08000235   Thumb Code     0  memseta.o(.text)
    __aeabi_memclr8                          0x08000235   Thumb Code     0  memseta.o(.text)
    _memset$wrapper                          0x08000239   Thumb Code    18  memseta.o(.text)
    __aeabi_dadd                             0x0800024b   Thumb Code   322  dadd.o(.text)
    __aeabi_dsub                             0x0800038d   Thumb Code     6  dadd.o(.text)
    __aeabi_drsub                            0x08000393   Thumb Code     6  dadd.o(.text)
    __aeabi_dmul                             0x08000399   Thumb Code   228  dmul.o(.text)
    __aeabi_f2d                              0x0800047d   Thumb Code    38  f2d.o(.text)
    __aeabi_uidiv                            0x080004a3   Thumb Code     0  uidiv.o(.text)
    __aeabi_uidivmod                         0x080004a3   Thumb Code    44  uidiv.o(.text)
    __aeabi_llsl                             0x080004cf   Thumb Code    30  llshl.o(.text)
    _ll_shift_l                              0x080004cf   Thumb Code     0  llshl.o(.text)
    __aeabi_llsr                             0x080004ed   Thumb Code    32  llushr.o(.text)
    _ll_ushift_r                             0x080004ed   Thumb Code     0  llushr.o(.text)
    __aeabi_lasr                             0x0800050d   Thumb Code    36  llsshr.o(.text)
    _ll_sshift_r                             0x0800050d   Thumb Code     0  llsshr.o(.text)
    __I$use$fp                               0x08000531   Thumb Code     0  iusefp.o(.text)
    _double_round                            0x08000531   Thumb Code    30  depilogue.o(.text)
    _double_epilogue                         0x0800054f   Thumb Code   156  depilogue.o(.text)
    __aeabi_ddiv                             0x080005eb   Thumb Code   222  ddiv.o(.text)
    __aeabi_d2ulz                            0x080006c9   Thumb Code    48  dfixul.o(.text)
    __aeabi_cdrcmple                         0x080006f9   Thumb Code    48  cdrcmple.o(.text)
    __scatterload                            0x08000729   Thumb Code    28  init.o(.text)
    __scatterload_rt2                        0x08000729   Thumb Code     0  init.o(.text)
    arm_bitreversal_32                       0x0800074d   Thumb Code    68  arm_bitreversal2.o(.text.arm_bitreversal_32)
    arm_cfft_f32                             0x08000791   Thumb Code   224  arm_cfft_f32.o(.text.arm_cfft_f32)
    arm_cfft_init_f32                        0x08000871   Thumb Code   180  arm_cfft_init_f32.o(.text.arm_cfft_init_f32)
    arm_cfft_radix8by2_f32                   0x08000925   Thumb Code   408  arm_cfft_f32.o(.text.arm_cfft_radix8by2_f32)
    arm_cfft_radix8by4_f32                   0x08000abd   Thumb Code  1020  arm_cfft_f32.o(.text.arm_cfft_radix8by4_f32)
    arm_cmplx_mag_f32                        0x08000eb9   Thumb Code   340  arm_cmplx_mag_f32.o(.text.arm_cmplx_mag_f32)
    arm_radix8_butterfly_f32                 0x0800100d   Thumb Code  1458  arm_cfft_radix8_f32.o(.text.arm_radix8_butterfly_f32)
    arm_rfft_fast_f32                        0x08001701   Thumb Code    70  arm_rfft_fast_f32.o(.text.arm_rfft_fast_f32)
    arm_rfft_fast_init_f32                   0x08001747   Thumb Code   144  arm_rfft_fast_init_f32.o(.text.arm_rfft_fast_init_f32)
    merge_rfft_f32                           0x080017d9   Thumb Code   180  arm_rfft_fast_f32.o(.text.merge_rfft_f32)
    stage_rfft_f32                           0x0800188d   Thumb Code   180  arm_rfft_fast_f32.o(.text.stage_rfft_f32)
    ADC_IRQHandler                           0x080019e9   Thumb Code    10  stm32f4xx_it.o(i.ADC_IRQHandler)
    BusFault_Handler                         0x08001b59   Thumb Code     4  stm32f4xx_it.o(i.BusFault_Handler)
    DAC_DMAConvCpltCh1                       0x08001b5d   Thumb Code    18  stm32f4xx_hal_dac.o(i.DAC_DMAConvCpltCh1)
    DAC_DMAConvCpltCh2                       0x08001b6f   Thumb Code    18  stm32f4xx_hal_dac_ex.o(i.DAC_DMAConvCpltCh2)
    DAC_DMAErrorCh1                          0x08001b81   Thumb Code    26  stm32f4xx_hal_dac.o(i.DAC_DMAErrorCh1)
    DAC_DMAErrorCh2                          0x08001b9b   Thumb Code    26  stm32f4xx_hal_dac_ex.o(i.DAC_DMAErrorCh2)
    DAC_DMAHalfConvCpltCh1                   0x08001bb5   Thumb Code    14  stm32f4xx_hal_dac.o(i.DAC_DMAHalfConvCpltCh1)
    DAC_DMAHalfConvCpltCh2                   0x08001bc3   Thumb Code    14  stm32f4xx_hal_dac_ex.o(i.DAC_DMAHalfConvCpltCh2)
    DDS_Start                                0x08001bd1   Thumb Code    70  dds.o(i.DDS_Start)
    DDS_setWaveParams                        0x08001c29   Thumb Code   262  dds.o(i.DDS_setWaveParams)
    DMA1_Stream5_IRQHandler                  0x08001d49   Thumb Code    10  stm32f4xx_it.o(i.DMA1_Stream5_IRQHandler)
    DMA2_Stream0_IRQHandler                  0x08001d59   Thumb Code    10  stm32f4xx_it.o(i.DMA2_Stream0_IRQHandler)
    DebugMon_Handler                         0x08001e73   Thumb Code     2  stm32f4xx_it.o(i.DebugMon_Handler)
    Error_Handler                            0x08001e75   Thumb Code     6  main.o(i.Error_Handler)
    FFT_start                                0x08001e7d   Thumb Code   220  fft.o(i.FFT_start)
    HAL_ADCEx_InjectedConvCpltCallback       0x08001f7d   Thumb Code     2  stm32f4xx_hal_adc_ex.o(i.HAL_ADCEx_InjectedConvCpltCallback)
    HAL_ADC_ConfigChannel                    0x08001f81   Thumb Code   380  stm32f4xx_hal_adc.o(i.HAL_ADC_ConfigChannel)
    HAL_ADC_ConvCpltCallback                 0x0800210d   Thumb Code    20  stm32f4xx_it.o(i.HAL_ADC_ConvCpltCallback)
    HAL_ADC_ConvHalfCpltCallback             0x08002129   Thumb Code     2  stm32f4xx_hal_adc.o(i.HAL_ADC_ConvHalfCpltCallback)
    HAL_ADC_ErrorCallback                    0x0800212b   Thumb Code     2  stm32f4xx_hal_adc.o(i.HAL_ADC_ErrorCallback)
    HAL_ADC_IRQHandler                       0x0800212d   Thumb Code   354  stm32f4xx_hal_adc.o(i.HAL_ADC_IRQHandler)
    HAL_ADC_Init                             0x08002291   Thumb Code   100  stm32f4xx_hal_adc.o(i.HAL_ADC_Init)
    HAL_ADC_LevelOutOfWindowCallback         0x080022f9   Thumb Code     2  stm32f4xx_hal_adc.o(i.HAL_ADC_LevelOutOfWindowCallback)
    HAL_ADC_MspInit                          0x080022fd   Thumb Code   196  adc.o(i.HAL_ADC_MspInit)
    HAL_ADC_Start_DMA                        0x080023d5   Thumb Code   398  stm32f4xx_hal_adc.o(i.HAL_ADC_Start_DMA)
    HAL_DACEx_ConvCpltCallbackCh2            0x08002589   Thumb Code     2  stm32f4xx_hal_dac_ex.o(i.HAL_DACEx_ConvCpltCallbackCh2)
    HAL_DACEx_ConvHalfCpltCallbackCh2        0x0800258b   Thumb Code     2  stm32f4xx_hal_dac_ex.o(i.HAL_DACEx_ConvHalfCpltCallbackCh2)
    HAL_DACEx_ErrorCallbackCh2               0x0800258d   Thumb Code     2  stm32f4xx_hal_dac_ex.o(i.HAL_DACEx_ErrorCallbackCh2)
    HAL_DAC_ConfigChannel                    0x0800258f   Thumb Code   110  stm32f4xx_hal_dac.o(i.HAL_DAC_ConfigChannel)
    HAL_DAC_ConvCpltCallbackCh1              0x080025fd   Thumb Code     2  stm32f4xx_hal_dac.o(i.HAL_DAC_ConvCpltCallbackCh1)
    HAL_DAC_ConvHalfCpltCallbackCh1          0x080025ff   Thumb Code     2  stm32f4xx_hal_dac.o(i.HAL_DAC_ConvHalfCpltCallbackCh1)
    HAL_DAC_ErrorCallbackCh1                 0x08002601   Thumb Code     2  stm32f4xx_hal_dac.o(i.HAL_DAC_ErrorCallbackCh1)
    HAL_DAC_Init                             0x08002603   Thumb Code    40  stm32f4xx_hal_dac.o(i.HAL_DAC_Init)
    HAL_DAC_MspInit                          0x0800262d   Thumb Code   182  dac.o(i.HAL_DAC_MspInit)
    HAL_DAC_Start_DMA                        0x080026f9   Thumb Code   294  stm32f4xx_hal_dac.o(i.HAL_DAC_Start_DMA)
    HAL_DAC_Stop_DMA                         0x08002839   Thumb Code    98  stm32f4xx_hal_dac.o(i.HAL_DAC_Stop_DMA)
    HAL_DMA_Abort                            0x0800289b   Thumb Code   172  stm32f4xx_hal_dma.o(i.HAL_DMA_Abort)
    HAL_DMA_Abort_IT                         0x08002947   Thumb Code    40  stm32f4xx_hal_dma.o(i.HAL_DMA_Abort_IT)
    HAL_DMA_IRQHandler                       0x08002971   Thumb Code   570  stm32f4xx_hal_dma.o(i.HAL_DMA_IRQHandler)
    HAL_DMA_Init                             0x08002bb1   Thumb Code   232  stm32f4xx_hal_dma.o(i.HAL_DMA_Init)
    HAL_DMA_Start_IT                         0x08002c9d   Thumb Code   146  stm32f4xx_hal_dma.o(i.HAL_DMA_Start_IT)
    HAL_Delay                                0x08002d2f   Thumb Code    12  delay.o(i.HAL_Delay)
    HAL_GPIO_Init                            0x08002d3d   Thumb Code   454  stm32f4xx_hal_gpio.o(i.HAL_GPIO_Init)
    HAL_GPIO_TogglePin                       0x08002f31   Thumb Code    20  stm32f4xx_hal_gpio.o(i.HAL_GPIO_TogglePin)
    HAL_GPIO_WritePin                        0x08002f45   Thumb Code    12  stm32f4xx_hal_gpio.o(i.HAL_GPIO_WritePin)
    HAL_GetTick                              0x08002f51   Thumb Code     6  stm32f4xx_hal.o(i.HAL_GetTick)
    HAL_IncTick                              0x08002f5d   Thumb Code    16  stm32f4xx_hal.o(i.HAL_IncTick)
    HAL_Init                                 0x08002f75   Thumb Code    54  stm32f4xx_hal.o(i.HAL_Init)
    HAL_InitTick                             0x08002fb1   Thumb Code    64  stm32f4xx_hal.o(i.HAL_InitTick)
    HAL_MspInit                              0x08002ffd   Thumb Code    68  stm32f4xx_hal_msp.o(i.HAL_MspInit)
    HAL_NVIC_EnableIRQ                       0x08003045   Thumb Code    40  stm32f4xx_hal_cortex.o(i.HAL_NVIC_EnableIRQ)
    HAL_NVIC_SetPriority                     0x0800306d   Thumb Code   124  stm32f4xx_hal_cortex.o(i.HAL_NVIC_SetPriority)
    HAL_NVIC_SetPriorityGrouping             0x080030e9   Thumb Code    32  stm32f4xx_hal_cortex.o(i.HAL_NVIC_SetPriorityGrouping)
    HAL_RCC_ClockConfig                      0x08003111   Thumb Code   368  stm32f4xx_hal_rcc.o(i.HAL_RCC_ClockConfig)
    HAL_RCC_GetHCLKFreq                      0x08003295   Thumb Code     6  stm32f4xx_hal_rcc.o(i.HAL_RCC_GetHCLKFreq)
    HAL_RCC_GetPCLK1Freq                     0x080032a1   Thumb Code    22  stm32f4xx_hal_rcc.o(i.HAL_RCC_GetPCLK1Freq)
    HAL_RCC_GetPCLK2Freq                     0x080032c1   Thumb Code    22  stm32f4xx_hal_rcc.o(i.HAL_RCC_GetPCLK2Freq)
    HAL_RCC_GetSysClockFreq                  0x080032e1   Thumb Code   162  stm32f4xx_hal_rcc.o(i.HAL_RCC_GetSysClockFreq)
    HAL_RCC_OscConfig                        0x08003391   Thumb Code  1172  stm32f4xx_hal_rcc.o(i.HAL_RCC_OscConfig)
    HAL_SPI_Init                             0x0800382d   Thumb Code   200  stm32f4xx_hal_spi.o(i.HAL_SPI_Init)
    HAL_SPI_MspInit                          0x080038f5   Thumb Code   124  spi.o(i.HAL_SPI_MspInit)
    HAL_SPI_Transmit                         0x0800397d   Thumb Code   446  stm32f4xx_hal_spi.o(i.HAL_SPI_Transmit)
    HAL_SYSTICK_Config                       0x08003b3b   Thumb Code    52  stm32f4xx_hal_cortex.o(i.HAL_SYSTICK_Config)
    HAL_TIMEx_BreakCallback                  0x08003b6f   Thumb Code     2  stm32f4xx_hal_tim_ex.o(i.HAL_TIMEx_BreakCallback)
    HAL_TIMEx_CommutCallback                 0x08003b71   Thumb Code     2  stm32f4xx_hal_tim_ex.o(i.HAL_TIMEx_CommutCallback)
    HAL_TIMEx_MasterConfigSynchronization    0x08003b75   Thumb Code   150  stm32f4xx_hal_tim_ex.o(i.HAL_TIMEx_MasterConfigSynchronization)
    HAL_TIM_Base_Init                        0x08003c29   Thumb Code   102  stm32f4xx_hal_tim.o(i.HAL_TIM_Base_Init)
    HAL_TIM_Base_MspInit                     0x08003c91   Thumb Code   108  tim.o(i.HAL_TIM_Base_MspInit)
    HAL_TIM_Base_Start                       0x08003d09   Thumb Code   126  stm32f4xx_hal_tim.o(i.HAL_TIM_Base_Start)
    HAL_TIM_Base_Stop                        0x08003da5   Thumb Code    50  stm32f4xx_hal_tim.o(i.HAL_TIM_Base_Stop)
    HAL_TIM_ConfigClockSource                0x08003dd7   Thumb Code   268  stm32f4xx_hal_tim.o(i.HAL_TIM_ConfigClockSource)
    HAL_TIM_IC_CaptureCallback               0x08003ee3   Thumb Code     2  stm32f4xx_hal_tim.o(i.HAL_TIM_IC_CaptureCallback)
    HAL_TIM_IRQHandler                       0x08003ee5   Thumb Code   364  stm32f4xx_hal_tim.o(i.HAL_TIM_IRQHandler)
    HAL_TIM_OC_DelayElapsedCallback          0x08004051   Thumb Code     2  stm32f4xx_hal_tim.o(i.HAL_TIM_OC_DelayElapsedCallback)
    HAL_TIM_PWM_PulseFinishedCallback        0x08004053   Thumb Code     2  stm32f4xx_hal_tim.o(i.HAL_TIM_PWM_PulseFinishedCallback)
    HAL_TIM_PeriodElapsedCallback            0x08004055   Thumb Code     2  stm32f4xx_hal_tim.o(i.HAL_TIM_PeriodElapsedCallback)
    HAL_TIM_TriggerCallback                  0x08004057   Thumb Code     2  stm32f4xx_hal_tim.o(i.HAL_TIM_TriggerCallback)
    HAL_UARTEx_RxEventCallback               0x08004059   Thumb Code     2  stm32f4xx_hal_uart.o(i.HAL_UARTEx_RxEventCallback)
    HAL_UART_ErrorCallback                   0x0800405b   Thumb Code     2  stm32f4xx_hal_uart.o(i.HAL_UART_ErrorCallback)
    HAL_UART_IRQHandler                      0x0800405d   Thumb Code   740  stm32f4xx_hal_uart.o(i.HAL_UART_IRQHandler)
    HAL_UART_Init                            0x08004345   Thumb Code   118  stm32f4xx_hal_uart.o(i.HAL_UART_Init)
    HAL_UART_MspInit                         0x080043bd   Thumb Code   138  usart.o(i.HAL_UART_MspInit)
    HAL_UART_RxCpltCallback                  0x08004455   Thumb Code     2  stm32f4xx_hal_uart.o(i.HAL_UART_RxCpltCallback)
    HAL_UART_Transmit                        0x08004457   Thumb Code   190  stm32f4xx_hal_uart.o(i.HAL_UART_Transmit)
    HAL_UART_TxCpltCallback                  0x08004515   Thumb Code     2  stm32f4xx_hal_uart.o(i.HAL_UART_TxCpltCallback)
    HardFault_Handler                        0x08004517   Thumb Code     4  stm32f4xx_it.o(i.HardFault_Handler)
    ILI9341_FillScreen                       0x0800451d   Thumb Code    28  ili9341.o(i.ILI9341_FillScreen)
    ILI9341_Init                             0x0800453d   Thumb Code   530  ili9341.o(i.ILI9341_Init)
    ILI9341_Reset                            0x08004751   Thumb Code    48  ili9341.o(i.ILI9341_Reset)
    ILI9341_SPI_Transmit                     0x08004789   Thumb Code    16  ili9341.o(i.ILI9341_SPI_Transmit)
    ILI9341_Set_Address                      0x0800479d   Thumb Code    58  ili9341.o(i.ILI9341_Set_Address)
    ILI9341_Write_Command                    0x080047d9   Thumb Code    44  ili9341.o(i.ILI9341_Write_Command)
    ILI9341_Write_Data                       0x0800480d   Thumb Code    44  ili9341.o(i.ILI9341_Write_Data)
    ILI9341_Write_Data16                     0x08004841   Thumb Code    62  ili9341.o(i.ILI9341_Write_Data16)
    ILI9341_Write_Data16Burst                0x0800488d   Thumb Code   162  ili9341.o(i.ILI9341_Write_Data16Burst)
    Init_window                              0x0800493d   Thumb Code    52  fft.o(i.Init_window)
    LCD_Init                                 0x08004971   Thumb Code    16  lcdapi.o(i.LCD_Init)
    MX_ADC1_Init                             0x08004981   Thumb Code   104  adc.o(i.MX_ADC1_Init)
    MX_DAC_Init                              0x080049f1   Thumb Code    52  dac.o(i.MX_DAC_Init)
    MX_DMA_Init                              0x08004a2d   Thumb Code    98  dma.o(i.MX_DMA_Init)
    MX_GPIO_Init                             0x08004a95   Thumb Code   306  gpio.o(i.MX_GPIO_Init)
    MX_SPI2_Init                             0x08004bd9   Thumb Code    58  spi.o(i.MX_SPI2_Init)
    MX_TIM3_Init                             0x08004c1d   Thumb Code   102  tim.o(i.MX_TIM3_Init)
    MX_TIM8_Init                             0x08004c8d   Thumb Code   104  tim.o(i.MX_TIM8_Init)
    MX_USART2_UART_Init                      0x08004cfd   Thumb Code    46  usart.o(i.MX_USART2_UART_Init)
    MemManage_Handler                        0x08004d35   Thumb Code     4  stm32f4xx_it.o(i.MemManage_Handler)
    NMI_Handler                              0x08004d39   Thumb Code     4  stm32f4xx_it.o(i.NMI_Handler)
    PendSV_Handler                           0x08004d3d   Thumb Code     2  stm32f4xx_it.o(i.PendSV_Handler)
    SVC_Handler                              0x08004ea1   Thumb Code     2  stm32f4xx_it.o(i.SVC_Handler)
    SysTick_Handler                          0x08004ea3   Thumb Code     8  stm32f4xx_it.o(i.SysTick_Handler)
    SystemClock_Config                       0x08004ead   Thumb Code   172  main.o(i.SystemClock_Config)
    SystemInit                               0x08004f61   Thumb Code    14  system_stm32f4xx.o(i.SystemInit)
    TIM3_IRQHandler                          0x08004f75   Thumb Code    10  stm32f4xx_it.o(i.TIM3_IRQHandler)
    TIM_Base_SetConfig                       0x08004f85   Thumb Code   186  stm32f4xx_hal_tim.o(i.TIM_Base_SetConfig)
    TIM_ETR_SetConfig                        0x0800506d   Thumb Code    22  stm32f4xx_hal_tim.o(i.TIM_ETR_SetConfig)
    USART2_IRQHandler                        0x08005599   Thumb Code    10  stm32f4xx_it.o(i.USART2_IRQHandler)
    UsageFault_Handler                       0x080055a9   Thumb Code     4  stm32f4xx_it.o(i.UsageFault_Handler)
    __0printf                                0x080055ad   Thumb Code    22  printfa.o(i.__0printf)
    __1printf                                0x080055ad   Thumb Code     0  printfa.o(i.__0printf)
    __2printf                                0x080055ad   Thumb Code     0  printfa.o(i.__0printf)
    __c89printf                              0x080055ad   Thumb Code     0  printfa.o(i.__0printf)
    printf                                   0x080055ad   Thumb Code     0  printfa.o(i.__0printf)
    __ARM_fpclassifyf                        0x080055cd   Thumb Code    38  fpclassifyf.o(i.__ARM_fpclassifyf)
    __hardfp_atan2f                          0x0800562d   Thumb Code   594  atan2f.o(i.__hardfp_atan2f)
    __hardfp_sqrtf                           0x080058d9   Thumb Code    58  sqrtf.o(i.__hardfp_sqrtf)
    __mathlib_flt_infnan2                    0x08005913   Thumb Code     6  funder.o(i.__mathlib_flt_infnan2)
    __mathlib_flt_underflow                  0x08005919   Thumb Code    10  funder.o(i.__mathlib_flt_underflow)
    __scatterload_copy                       0x08005929   Thumb Code    14  handlers.o(i.__scatterload_copy)
    __scatterload_null                       0x08005937   Thumb Code     2  handlers.o(i.__scatterload_null)
    __scatterload_zeroinit                   0x08005939   Thumb Code    14  handlers.o(i.__scatterload_zeroinit)
    __set_errno                              0x08005949   Thumb Code     6  errno.o(i.__set_errno)
    arm_atan2_f32                            0x080061e1   Thumb Code   744  arm_atan2_f32.o(i.arm_atan2_f32)
    arm_cos_f32                              0x080064e1   Thumb Code   150  arm_cos_f32.o(i.arm_cos_f32)
    arm_sin_f32                              0x08006585   Thumb Code   146  arm_sin_f32.o(i.arm_sin_f32)
    delay_init                               0x08006625   Thumb Code     6  delay.o(i.delay_init)
    delay_ms                                 0x08006631   Thumb Code    18  delay.o(i.delay_ms)
    delay_us                                 0x08006645   Thumb Code    68  delay.o(i.delay_us)
    find_peaks                               0x0800668d   Thumb Code    96  fft.o(i.find_peaks)
    fputc                                    0x080066f5   Thumb Code    22  usart.o(i.fputc)
    free                                     0x08006711   Thumb Code    76  malloc.o(i.free)
    getNewWaveLUT                            0x08006761   Thumb Code   480  dds.o(i.getNewWaveLUT)
    interp_parabolic                         0x08006951   Thumb Code    66  fft.o(i.interp_parabolic)
    least_square                             0x0800699d   Thumb Code  1166  fft.o(i.least_square)
    main                                     0x08006e31   Thumb Code   494  main.o(i.main)
    malloc                                   0x08007055   Thumb Code    92  malloc.o(i.malloc)
    process_signal                           0x080070c1   Thumb Code   792  fft.o(i.process_signal)
    setOffset                                0x08007409   Thumb Code    54  dds.o(i.setOffset)
    window_blackman                          0x0800744d   Thumb Code   168  fft.o(i.window_blackman)
    window_blackmanHarris                    0x0800751d   Thumb Code   212  fft.o(i.window_blackmanHarris)
    window_hamming                           0x08007621   Thumb Code   124  fft.o(i.window_hamming)
    window_hanning                           0x080076bd   Thumb Code   128  fft.o(i.window_hanning)
    AHBPrescTable                            0x0800775c   Data          16  system_stm32f4xx.o(.constdata)
    APBPrescTable                            0x0800776c   Data           8  system_stm32f4xx.o(.constdata)
    armBitRevIndexTable1024                  0x080077e8   Data        3600  arm_common_tables.o(.rodata.armBitRevIndexTable1024)
    armBitRevIndexTable128                   0x080085f8   Data         416  arm_common_tables.o(.rodata.armBitRevIndexTable128)
    armBitRevIndexTable16                    0x08008798   Data          40  arm_common_tables.o(.rodata.armBitRevIndexTable16)
    armBitRevIndexTable2048                  0x080087c0   Data        7616  arm_common_tables.o(.rodata.armBitRevIndexTable2048)
    armBitRevIndexTable256                   0x0800a580   Data         880  arm_common_tables.o(.rodata.armBitRevIndexTable256)
    armBitRevIndexTable32                    0x0800a8f0   Data          96  arm_common_tables.o(.rodata.armBitRevIndexTable32)
    armBitRevIndexTable4096                  0x0800a950   Data        8064  arm_common_tables.o(.rodata.armBitRevIndexTable4096)
    armBitRevIndexTable512                   0x0800c8d0   Data         896  arm_common_tables.o(.rodata.armBitRevIndexTable512)
    armBitRevIndexTable64                    0x0800cc50   Data         112  arm_common_tables.o(.rodata.armBitRevIndexTable64)
    arm_cfft_sR_f32_len1024                  0x0800ccc0   Data          16  arm_const_structs.o(.rodata.arm_cfft_sR_f32_len1024)
    arm_cfft_sR_f32_len128                   0x0800ccd0   Data          16  arm_const_structs.o(.rodata.arm_cfft_sR_f32_len128)
    arm_cfft_sR_f32_len16                    0x0800cce0   Data          16  arm_const_structs.o(.rodata.arm_cfft_sR_f32_len16)
    arm_cfft_sR_f32_len2048                  0x0800ccf0   Data          16  arm_const_structs.o(.rodata.arm_cfft_sR_f32_len2048)
    arm_cfft_sR_f32_len256                   0x0800cd00   Data          16  arm_const_structs.o(.rodata.arm_cfft_sR_f32_len256)
    arm_cfft_sR_f32_len32                    0x0800cd10   Data          16  arm_const_structs.o(.rodata.arm_cfft_sR_f32_len32)
    arm_cfft_sR_f32_len4096                  0x0800cd20   Data          16  arm_const_structs.o(.rodata.arm_cfft_sR_f32_len4096)
    arm_cfft_sR_f32_len512                   0x0800cd30   Data          16  arm_const_structs.o(.rodata.arm_cfft_sR_f32_len512)
    arm_cfft_sR_f32_len64                    0x0800cd40   Data          16  arm_const_structs.o(.rodata.arm_cfft_sR_f32_len64)
    sinTable_f32                             0x0800cd50   Data        2052  arm_common_tables.o(.rodata.sinTable_f32)
    twiddleCoef_1024                         0x0800d554   Data        8192  arm_common_tables.o(.rodata.twiddleCoef_1024)
    twiddleCoef_128                          0x0800f554   Data        1024  arm_common_tables.o(.rodata.twiddleCoef_128)
    twiddleCoef_16                           0x0800f954   Data         128  arm_common_tables.o(.rodata.twiddleCoef_16)
    twiddleCoef_2048                         0x0800f9d4   Data       16384  arm_common_tables.o(.rodata.twiddleCoef_2048)
    twiddleCoef_256                          0x080139d4   Data        2048  arm_common_tables.o(.rodata.twiddleCoef_256)
    twiddleCoef_32                           0x080141d4   Data         256  arm_common_tables.o(.rodata.twiddleCoef_32)
    twiddleCoef_4096                         0x080142d4   Data       32768  arm_common_tables.o(.rodata.twiddleCoef_4096)
    twiddleCoef_512                          0x0801c2d4   Data        4096  arm_common_tables.o(.rodata.twiddleCoef_512)
    twiddleCoef_64                           0x0801d2d4   Data         512  arm_common_tables.o(.rodata.twiddleCoef_64)
    twiddleCoef_rfft_1024                    0x0801d4d4   Data        4096  arm_common_tables.o(.rodata.twiddleCoef_rfft_1024)
    twiddleCoef_rfft_128                     0x0801e4d4   Data         512  arm_common_tables.o(.rodata.twiddleCoef_rfft_128)
    twiddleCoef_rfft_2048                    0x0801e6d4   Data        8192  arm_common_tables.o(.rodata.twiddleCoef_rfft_2048)
    twiddleCoef_rfft_256                     0x080206d4   Data        1024  arm_common_tables.o(.rodata.twiddleCoef_rfft_256)
    twiddleCoef_rfft_32                      0x08020ad4   Data         128  arm_common_tables.o(.rodata.twiddleCoef_rfft_32)
    twiddleCoef_rfft_4096                    0x08020b54   Data       16384  arm_common_tables.o(.rodata.twiddleCoef_rfft_4096)
    twiddleCoef_rfft_512                     0x08024b54   Data        2048  arm_common_tables.o(.rodata.twiddleCoef_rfft_512)
    twiddleCoef_rfft_64                      0x08025354   Data         256  arm_common_tables.o(.rodata.twiddleCoef_rfft_64)
    Region$$Table$$Base                      0x08025454   Number         0  anon$$obj.o(Region$$Table)
    Region$$Table$$Limit                     0x08025474   Number         0  anon$$obj.o(Region$$Table)
    frame_ready                              0x20000000   Data           1  main.o(.data)
    uwTick                                   0x20000004   Data           4  stm32f4xx_hal.o(.data)
    uwTickPrio                               0x20000008   Data           4  stm32f4xx_hal.o(.data)
    uwTickFreq                               0x2000000c   Data           1  stm32f4xx_hal.o(.data)
    SystemCoreClock                          0x20000010   Data           4  system_stm32f4xx.o(.data)
    ADCbuff                                  0x20000014   Data           4  fft.o(.data)
    __stdout                                 0x20000020   Data           4  stdout.o(.data)
    __microlib_freelist                      0x20000024   Data           4  mvars.o(.data)
    __microlib_freelist_initialised          0x20000028   Data           4  mvars.o(.data)
    ADCbuff_2frame                           0x20000030   Data       16384  main.o(.bss)
    hadc1                                    0x20004030   Data          72  adc.o(.bss)
    hdma_adc1                                0x20004078   Data          96  adc.o(.bss)
    hdac                                     0x200040d8   Data          20  dac.o(.bss)
    hdma_dac1                                0x200040ec   Data          96  dac.o(.bss)
    hspi2                                    0x2000414c   Data          88  spi.o(.bss)
    htim3                                    0x200041a4   Data          72  tim.o(.bss)
    htim8                                    0x200041ec   Data          72  tim.o(.bss)
    huart2                                   0x20004234   Data          72  usart.o(.bss)
    prev                                     0x2001627c   Data          24  fft.o(.bss)
    tones                                    0x20016294   Data          24  fft.o(.bss)
    DDS                                      0x200162ac   Data          24  dds.o(.bss)
    DDS_lut                                  0x200162c4   Data         512  dds.o(.bss)
    __heap_base                              0x200164c8   Data           0  startup_stm32f407xx.o(HEAP)
    __heap_limit                             0x200166c8   Data           0  startup_stm32f407xx.o(HEAP)
    __initial_sp                             0x20016ac8   Data           0  startup_stm32f407xx.o(STACK)



==============================================================================

Memory Map of the image

  Image Entry point : 0x08000189

  Load Region LR_IROM1 (Base: 0x08000000, Size: 0x000254a4, Max: 0x00080000, ABSOLUTE)

    Execution Region ER_IROM1 (Exec base: 0x08000000, Load base: 0x08000000, Size: 0x00025474, Max: 0x00080000, ABSOLUTE)

    Exec Addr    Load Addr    Size         Type   Attr      Idx    E Section Name        Object

    0x08000000   0x08000000   0x00000188   Data   RO            3    RESET               startup_stm32f407xx.o
    0x08000188   0x08000188   0x00000000   Code   RO         5019  * .ARM.Collect$$$$00000000  mc_w.l(entry.o)
    0x08000188   0x08000188   0x00000004   Code   RO         5341    .ARM.Collect$$$$00000001  mc_w.l(entry2.o)
    0x0800018c   0x0800018c   0x00000004   Code   RO         5344    .ARM.Collect$$$$00000004  mc_w.l(entry5.o)
    0x08000190   0x08000190   0x00000000   Code   RO         5346    .ARM.Collect$$$$00000008  mc_w.l(entry7b.o)
    0x08000190   0x08000190   0x00000000   Code   RO         5348    .ARM.Collect$$$$0000000A  mc_w.l(entry8b.o)
    0x08000190   0x08000190   0x00000008   Code   RO         5349    .ARM.Collect$$$$0000000B  mc_w.l(entry9a.o)
    0x08000198   0x08000198   0x00000004   Code   RO         5356    .ARM.Collect$$$$0000000E  mc_w.l(entry12b.o)
    0x0800019c   0x0800019c   0x00000000   Code   RO         5351    .ARM.Collect$$$$0000000F  mc_w.l(entry10a.o)
    0x0800019c   0x0800019c   0x00000000   Code   RO         5353    .ARM.Collect$$$$00000011  mc_w.l(entry11a.o)
    0x0800019c   0x0800019c   0x00000004   Code   RO         5342    .ARM.Collect$$$$00002712  mc_w.l(entry2.o)
    0x080001a0   0x080001a0   0x00000024   Code   RO            4    .text               startup_stm32f407xx.o
    0x080001c4   0x080001c4   0x00000062   Code   RO         5022    .text               mc_w.l(uldiv.o)
    0x08000226   0x08000226   0x00000024   Code   RO         5024    .text               mc_w.l(memseta.o)
    0x0800024a   0x0800024a   0x0000014e   Code   RO         5315    .text               mf_w.l(dadd.o)
    0x08000398   0x08000398   0x000000e4   Code   RO         5317    .text               mf_w.l(dmul.o)
    0x0800047c   0x0800047c   0x00000026   Code   RO         5323    .text               mf_w.l(f2d.o)
    0x080004a2   0x080004a2   0x0000002c   Code   RO         5358    .text               mc_w.l(uidiv.o)
    0x080004ce   0x080004ce   0x0000001e   Code   RO         5360    .text               mc_w.l(llshl.o)
    0x080004ec   0x080004ec   0x00000020   Code   RO         5362    .text               mc_w.l(llushr.o)
    0x0800050c   0x0800050c   0x00000024   Code   RO         5364    .text               mc_w.l(llsshr.o)
    0x08000530   0x08000530   0x00000000   Code   RO         5379    .text               mc_w.l(iusefp.o)
    0x08000530   0x08000530   0x000000ba   Code   RO         5380    .text               mf_w.l(depilogue.o)
    0x080005ea   0x080005ea   0x000000de   Code   RO         5382    .text               mf_w.l(ddiv.o)
    0x080006c8   0x080006c8   0x00000030   Code   RO         5384    .text               mf_w.l(dfixul.o)
    0x080006f8   0x080006f8   0x00000030   Code   RO         5386    .text               mf_w.l(cdrcmple.o)
    0x08000728   0x08000728   0x00000024   Code   RO         5388    .text               mc_w.l(init.o)
    0x0800074c   0x0800074c   0x00000044   Code   RO         4900    .text.arm_bitreversal_32  arm_cortexM4lf_math.lib(arm_bitreversal2.o)
    0x08000790   0x08000790   0x000000e0   Code   RO         4879    .text.arm_cfft_f32  arm_cortexM4lf_math.lib(arm_cfft_f32.o)
    0x08000870   0x08000870   0x000000b4   Code   RO         4889    .text.arm_cfft_init_f32  arm_cortexM4lf_math.lib(arm_cfft_init_f32.o)
    0x08000924   0x08000924   0x00000198   Code   RO         4875    .text.arm_cfft_radix8by2_f32  arm_cortexM4lf_math.lib(arm_cfft_f32.o)
    0x08000abc   0x08000abc   0x000003fc   Code   RO         4877    .text.arm_cfft_radix8by4_f32  arm_cortexM4lf_math.lib(arm_cfft_f32.o)
    0x08000eb8   0x08000eb8   0x00000154   Code   RO         4705    .text.arm_cmplx_mag_f32  arm_cortexM4lf_math.lib(arm_cmplx_mag_f32.o)
    0x0800100c   0x0800100c   0x000005b2   Code   RO         4912    .text.arm_radix8_butterfly_f32  arm_cortexM4lf_math.lib(arm_cfft_radix8_f32.o)
    0x080015be   0x080015be   0x0000002a   Code   RO         4735    .text.arm_rfft_1024_fast_init_f32  arm_cortexM4lf_math.lib(arm_rfft_fast_init_f32.o)
    0x080015e8   0x080015e8   0x00000026   Code   RO         4741    .text.arm_rfft_128_fast_init_f32  arm_cortexM4lf_math.lib(arm_rfft_fast_init_f32.o)
    0x0800160e   0x0800160e   0x0000002a   Code   RO         4733    .text.arm_rfft_2048_fast_init_f32  arm_cortexM4lf_math.lib(arm_rfft_fast_init_f32.o)
    0x08001638   0x08001638   0x00000028   Code   RO         4739    .text.arm_rfft_256_fast_init_f32  arm_cortexM4lf_math.lib(arm_rfft_fast_init_f32.o)
    0x08001660   0x08001660   0x00000026   Code   RO         4745    .text.arm_rfft_32_fast_init_f32  arm_cortexM4lf_math.lib(arm_rfft_fast_init_f32.o)
    0x08001686   0x08001686   0x0000002a   Code   RO         4731    .text.arm_rfft_4096_fast_init_f32  arm_cortexM4lf_math.lib(arm_rfft_fast_init_f32.o)
    0x080016b0   0x080016b0   0x0000002a   Code   RO         4737    .text.arm_rfft_512_fast_init_f32  arm_cortexM4lf_math.lib(arm_rfft_fast_init_f32.o)
    0x080016da   0x080016da   0x00000026   Code   RO         4743    .text.arm_rfft_64_fast_init_f32  arm_cortexM4lf_math.lib(arm_rfft_fast_init_f32.o)
    0x08001700   0x08001700   0x00000046   Code   RO         4719    .text.arm_rfft_fast_f32  arm_cortexM4lf_math.lib(arm_rfft_fast_f32.o)
    0x08001746   0x08001746   0x00000090   Code   RO         4729    .text.arm_rfft_fast_init_f32  arm_cortexM4lf_math.lib(arm_rfft_fast_init_f32.o)
    0x080017d6   0x080017d6   0x00000002   PAD
    0x080017d8   0x080017d8   0x000000b4   Code   RO         4717    .text.merge_rfft_f32  arm_cortexM4lf_math.lib(arm_rfft_fast_f32.o)
    0x0800188c   0x0800188c   0x000000b4   Code   RO         4715    .text.stage_rfft_f32  arm_cortexM4lf_math.lib(arm_rfft_fast_f32.o)
    0x08001940   0x08001940   0x0000007e   Code   RO          712    i.ADC_DMAConvCplt   stm32f4xx_hal_adc.o
    0x080019be   0x080019be   0x0000001a   Code   RO          713    i.ADC_DMAError      stm32f4xx_hal_adc.o
    0x080019d8   0x080019d8   0x0000000e   Code   RO          714    i.ADC_DMAHalfConvCplt  stm32f4xx_hal_adc.o
    0x080019e6   0x080019e6   0x00000002   PAD
    0x080019e8   0x080019e8   0x00000010   Code   RO          576    i.ADC_IRQHandler    stm32f4xx_it.o
    0x080019f8   0x080019f8   0x00000160   Code   RO          715    i.ADC_Init          stm32f4xx_hal_adc.o
    0x08001b58   0x08001b58   0x00000004   Code   RO          577    i.BusFault_Handler  stm32f4xx_it.o
    0x08001b5c   0x08001b5c   0x00000012   Code   RO         2190    i.DAC_DMAConvCpltCh1  stm32f4xx_hal_dac.o
    0x08001b6e   0x08001b6e   0x00000012   Code   RO         2334    i.DAC_DMAConvCpltCh2  stm32f4xx_hal_dac_ex.o
    0x08001b80   0x08001b80   0x0000001a   Code   RO         2191    i.DAC_DMAErrorCh1   stm32f4xx_hal_dac.o
    0x08001b9a   0x08001b9a   0x0000001a   Code   RO         2335    i.DAC_DMAErrorCh2   stm32f4xx_hal_dac_ex.o
    0x08001bb4   0x08001bb4   0x0000000e   Code   RO         2192    i.DAC_DMAHalfConvCpltCh1  stm32f4xx_hal_dac.o
    0x08001bc2   0x08001bc2   0x0000000e   Code   RO         2336    i.DAC_DMAHalfConvCpltCh2  stm32f4xx_hal_dac_ex.o
    0x08001bd0   0x08001bd0   0x00000058   Code   RO         4522    i.DDS_Start         dds.o
    0x08001c28   0x08001c28   0x00000120   Code   RO         4524    i.DDS_setWaveParams  dds.o
    0x08001d48   0x08001d48   0x00000010   Code   RO          578    i.DMA1_Stream5_IRQHandler  stm32f4xx_it.o
    0x08001d58   0x08001d58   0x00000010   Code   RO          579    i.DMA2_Stream0_IRQHandler  stm32f4xx_it.o
    0x08001d68   0x08001d68   0x00000034   Code   RO         1494    i.DMA_CalcBaseAndBitshift  stm32f4xx_hal_dma.o
    0x08001d9c   0x08001d9c   0x000000aa   Code   RO         1495    i.DMA_CheckFifoParam  stm32f4xx_hal_dma.o
    0x08001e46   0x08001e46   0x0000002c   Code   RO         1496    i.DMA_SetConfig     stm32f4xx_hal_dma.o
    0x08001e72   0x08001e72   0x00000002   Code   RO          580    i.DebugMon_Handler  stm32f4xx_it.o
    0x08001e74   0x08001e74   0x00000006   Code   RO           13    i.Error_Handler     main.o
    0x08001e7a   0x08001e7a   0x00000002   PAD
    0x08001e7c   0x08001e7c   0x00000100   Code   RO         4421    i.FFT_start         fft.o
    0x08001f7c   0x08001f7c   0x00000002   Code   RO          886    i.HAL_ADCEx_InjectedConvCpltCallback  stm32f4xx_hal_adc_ex.o
    0x08001f7e   0x08001f7e   0x00000002   PAD
    0x08001f80   0x08001f80   0x0000018c   Code   RO          717    i.HAL_ADC_ConfigChannel  stm32f4xx_hal_adc.o
    0x0800210c   0x0800210c   0x0000001c   Code   RO          581    i.HAL_ADC_ConvCpltCallback  stm32f4xx_it.o
    0x08002128   0x08002128   0x00000002   Code   RO          719    i.HAL_ADC_ConvHalfCpltCallback  stm32f4xx_hal_adc.o
    0x0800212a   0x0800212a   0x00000002   Code   RO          721    i.HAL_ADC_ErrorCallback  stm32f4xx_hal_adc.o
    0x0800212c   0x0800212c   0x00000162   Code   RO          725    i.HAL_ADC_IRQHandler  stm32f4xx_hal_adc.o
    0x0800228e   0x0800228e   0x00000002   PAD
    0x08002290   0x08002290   0x00000068   Code   RO          726    i.HAL_ADC_Init      stm32f4xx_hal_adc.o
    0x080022f8   0x080022f8   0x00000002   Code   RO          727    i.HAL_ADC_LevelOutOfWindowCallback  stm32f4xx_hal_adc.o
    0x080022fa   0x080022fa   0x00000002   PAD
    0x080022fc   0x080022fc   0x000000d8   Code   RO          325    i.HAL_ADC_MspInit   adc.o
    0x080023d4   0x080023d4   0x000001b4   Code   RO          733    i.HAL_ADC_Start_DMA  stm32f4xx_hal_adc.o
    0x08002588   0x08002588   0x00000002   Code   RO         2337    i.HAL_DACEx_ConvCpltCallbackCh2  stm32f4xx_hal_dac_ex.o
    0x0800258a   0x0800258a   0x00000002   Code   RO         2338    i.HAL_DACEx_ConvHalfCpltCallbackCh2  stm32f4xx_hal_dac_ex.o
    0x0800258c   0x0800258c   0x00000002   Code   RO         2344    i.HAL_DACEx_ErrorCallbackCh2  stm32f4xx_hal_dac_ex.o
    0x0800258e   0x0800258e   0x0000006e   Code   RO         2193    i.HAL_DAC_ConfigChannel  stm32f4xx_hal_dac.o
    0x080025fc   0x080025fc   0x00000002   Code   RO         2194    i.HAL_DAC_ConvCpltCallbackCh1  stm32f4xx_hal_dac.o
    0x080025fe   0x080025fe   0x00000002   Code   RO         2195    i.HAL_DAC_ConvHalfCpltCallbackCh1  stm32f4xx_hal_dac.o
    0x08002600   0x08002600   0x00000002   Code   RO         2198    i.HAL_DAC_ErrorCallbackCh1  stm32f4xx_hal_dac.o
    0x08002602   0x08002602   0x00000028   Code   RO         2203    i.HAL_DAC_Init      stm32f4xx_hal_dac.o
    0x0800262a   0x0800262a   0x00000002   PAD
    0x0800262c   0x0800262c   0x000000cc   Code   RO          367    i.HAL_DAC_MspInit   dac.o
    0x080026f8   0x080026f8   0x00000140   Code   RO         2208    i.HAL_DAC_Start_DMA  stm32f4xx_hal_dac.o
    0x08002838   0x08002838   0x00000062   Code   RO         2210    i.HAL_DAC_Stop_DMA  stm32f4xx_hal_dac.o
    0x0800289a   0x0800289a   0x000000ac   Code   RO         1497    i.HAL_DMA_Abort     stm32f4xx_hal_dma.o
    0x08002946   0x08002946   0x00000028   Code   RO         1498    i.HAL_DMA_Abort_IT  stm32f4xx_hal_dma.o
    0x0800296e   0x0800296e   0x00000002   PAD
    0x08002970   0x08002970   0x00000240   Code   RO         1502    i.HAL_DMA_IRQHandler  stm32f4xx_hal_dma.o
    0x08002bb0   0x08002bb0   0x000000ec   Code   RO         1503    i.HAL_DMA_Init      stm32f4xx_hal_dma.o
    0x08002c9c   0x08002c9c   0x00000092   Code   RO         1507    i.HAL_DMA_Start_IT  stm32f4xx_hal_dma.o
    0x08002d2e   0x08002d2e   0x0000000c   Code   RO         4660    i.HAL_Delay         delay.o
    0x08002d3a   0x08002d3a   0x00000002   PAD
    0x08002d3c   0x08002d3c   0x000001f4   Code   RO         1390    i.HAL_GPIO_Init     stm32f4xx_hal_gpio.o
    0x08002f30   0x08002f30   0x00000014   Code   RO         1393    i.HAL_GPIO_TogglePin  stm32f4xx_hal_gpio.o
    0x08002f44   0x08002f44   0x0000000c   Code   RO         1394    i.HAL_GPIO_WritePin  stm32f4xx_hal_gpio.o
    0x08002f50   0x08002f50   0x0000000c   Code   RO         1945    i.HAL_GetTick       stm32f4xx_hal.o
    0x08002f5c   0x08002f5c   0x00000018   Code   RO         1951    i.HAL_IncTick       stm32f4xx_hal.o
    0x08002f74   0x08002f74   0x0000003c   Code   RO         1952    i.HAL_Init          stm32f4xx_hal.o
    0x08002fb0   0x08002fb0   0x0000004c   Code   RO         1953    i.HAL_InitTick      stm32f4xx_hal.o
    0x08002ffc   0x08002ffc   0x00000048   Code   RO          688    i.HAL_MspInit       stm32f4xx_hal_msp.o
    0x08003044   0x08003044   0x00000028   Code   RO         1782    i.HAL_NVIC_EnableIRQ  stm32f4xx_hal_cortex.o
    0x0800306c   0x0800306c   0x0000007c   Code   RO         1788    i.HAL_NVIC_SetPriority  stm32f4xx_hal_cortex.o
    0x080030e8   0x080030e8   0x00000028   Code   RO         1789    i.HAL_NVIC_SetPriorityGrouping  stm32f4xx_hal_cortex.o
    0x08003110   0x08003110   0x00000184   Code   RO          991    i.HAL_RCC_ClockConfig  stm32f4xx_hal_rcc.o
    0x08003294   0x08003294   0x0000000c   Code   RO          996    i.HAL_RCC_GetHCLKFreq  stm32f4xx_hal_rcc.o
    0x080032a0   0x080032a0   0x00000020   Code   RO          998    i.HAL_RCC_GetPCLK1Freq  stm32f4xx_hal_rcc.o
    0x080032c0   0x080032c0   0x00000020   Code   RO          999    i.HAL_RCC_GetPCLK2Freq  stm32f4xx_hal_rcc.o
    0x080032e0   0x080032e0   0x000000b0   Code   RO         1000    i.HAL_RCC_GetSysClockFreq  stm32f4xx_hal_rcc.o
    0x08003390   0x08003390   0x0000049c   Code   RO         1003    i.HAL_RCC_OscConfig  stm32f4xx_hal_rcc.o
    0x0800382c   0x0800382c   0x000000c8   Code   RO         2441    i.HAL_SPI_Init      stm32f4xx_hal_spi.o
    0x080038f4   0x080038f4   0x00000088   Code   RO          433    i.HAL_SPI_MspInit   spi.o
    0x0800397c   0x0800397c   0x000001be   Code   RO         2449    i.HAL_SPI_Transmit  stm32f4xx_hal_spi.o
    0x08003b3a   0x08003b3a   0x00000034   Code   RO         1793    i.HAL_SYSTICK_Config  stm32f4xx_hal_cortex.o
    0x08003b6e   0x08003b6e   0x00000002   Code   RO         3469    i.HAL_TIMEx_BreakCallback  stm32f4xx_hal_tim_ex.o
    0x08003b70   0x08003b70   0x00000002   Code   RO         3470    i.HAL_TIMEx_CommutCallback  stm32f4xx_hal_tim_ex.o
    0x08003b72   0x08003b72   0x00000002   PAD
    0x08003b74   0x08003b74   0x000000b4   Code   RO         3488    i.HAL_TIMEx_MasterConfigSynchronization  stm32f4xx_hal_tim_ex.o
    0x08003c28   0x08003c28   0x00000066   Code   RO         2754    i.HAL_TIM_Base_Init  stm32f4xx_hal_tim.o
    0x08003c8e   0x08003c8e   0x00000002   PAD
    0x08003c90   0x08003c90   0x00000078   Code   RO          475    i.HAL_TIM_Base_MspInit  tim.o
    0x08003d08   0x08003d08   0x0000009c   Code   RO         2757    i.HAL_TIM_Base_Start  stm32f4xx_hal_tim.o
    0x08003da4   0x08003da4   0x00000032   Code   RO         2760    i.HAL_TIM_Base_Stop  stm32f4xx_hal_tim.o
    0x08003dd6   0x08003dd6   0x0000010c   Code   RO         2763    i.HAL_TIM_ConfigClockSource  stm32f4xx_hal_tim.o
    0x08003ee2   0x08003ee2   0x00000002   Code   RO         2788    i.HAL_TIM_IC_CaptureCallback  stm32f4xx_hal_tim.o
    0x08003ee4   0x08003ee4   0x0000016c   Code   RO         2802    i.HAL_TIM_IRQHandler  stm32f4xx_hal_tim.o
    0x08004050   0x08004050   0x00000002   Code   RO         2805    i.HAL_TIM_OC_DelayElapsedCallback  stm32f4xx_hal_tim.o
    0x08004052   0x08004052   0x00000002   Code   RO         2832    i.HAL_TIM_PWM_PulseFinishedCallback  stm32f4xx_hal_tim.o
    0x08004054   0x08004054   0x00000002   Code   RO         2840    i.HAL_TIM_PeriodElapsedCallback  stm32f4xx_hal_tim.o
    0x08004056   0x08004056   0x00000002   Code   RO         2845    i.HAL_TIM_TriggerCallback  stm32f4xx_hal_tim.o
    0x08004058   0x08004058   0x00000002   Code   RO         3748    i.HAL_UARTEx_RxEventCallback  stm32f4xx_hal_uart.o
    0x0800405a   0x0800405a   0x00000002   Code   RO         3762    i.HAL_UART_ErrorCallback  stm32f4xx_hal_uart.o
    0x0800405c   0x0800405c   0x000002e8   Code   RO         3765    i.HAL_UART_IRQHandler  stm32f4xx_hal_uart.o
    0x08004344   0x08004344   0x00000076   Code   RO         3766    i.HAL_UART_Init     stm32f4xx_hal_uart.o
    0x080043ba   0x080043ba   0x00000002   PAD
    0x080043bc   0x080043bc   0x00000098   Code   RO          523    i.HAL_UART_MspInit  usart.o
    0x08004454   0x08004454   0x00000002   Code   RO         3772    i.HAL_UART_RxCpltCallback  stm32f4xx_hal_uart.o
    0x08004456   0x08004456   0x000000be   Code   RO         3774    i.HAL_UART_Transmit  stm32f4xx_hal_uart.o
    0x08004514   0x08004514   0x00000002   Code   RO         3777    i.HAL_UART_TxCpltCallback  stm32f4xx_hal_uart.o
    0x08004516   0x08004516   0x00000004   Code   RO          582    i.HardFault_Handler  stm32f4xx_it.o
    0x0800451a   0x0800451a   0x00000002   PAD
    0x0800451c   0x0800451c   0x00000020   Code   RO         4150    i.ILI9341_FillScreen  ili9341.o
    0x0800453c   0x0800453c   0x00000212   Code   RO         4151    i.ILI9341_Init      ili9341.o
    0x0800474e   0x0800474e   0x00000002   PAD
    0x08004750   0x08004750   0x00000038   Code   RO         4152    i.ILI9341_Reset     ili9341.o
    0x08004788   0x08004788   0x00000014   Code   RO         4153    i.ILI9341_SPI_Transmit  ili9341.o
    0x0800479c   0x0800479c   0x0000003a   Code   RO         4154    i.ILI9341_Set_Address  ili9341.o
    0x080047d6   0x080047d6   0x00000002   PAD
    0x080047d8   0x080047d8   0x00000034   Code   RO         4155    i.ILI9341_Write_Command  ili9341.o
    0x0800480c   0x0800480c   0x00000034   Code   RO         4156    i.ILI9341_Write_Data  ili9341.o
    0x08004840   0x08004840   0x0000004c   Code   RO         4157    i.ILI9341_Write_Data16  ili9341.o
    0x0800488c   0x0800488c   0x000000b0   Code   RO         4158    i.ILI9341_Write_Data16Burst  ili9341.o
    0x0800493c   0x0800493c   0x00000034   Code   RO         4422    i.Init_window       fft.o
    0x08004970   0x08004970   0x00000010   Code   RO         4273    i.LCD_Init          lcdapi.o
    0x08004980   0x08004980   0x00000070   Code   RO          326    i.MX_ADC1_Init      adc.o
    0x080049f0   0x080049f0   0x0000003c   Code   RO          368    i.MX_DAC_Init       dac.o
    0x08004a2c   0x08004a2c   0x00000068   Code   RO          408    i.MX_DMA_Init       dma.o
    0x08004a94   0x08004a94   0x00000144   Code   RO          300    i.MX_GPIO_Init      gpio.o
    0x08004bd8   0x08004bd8   0x00000044   Code   RO          434    i.MX_SPI2_Init      spi.o
    0x08004c1c   0x08004c1c   0x00000070   Code   RO          476    i.MX_TIM3_Init      tim.o
    0x08004c8c   0x08004c8c   0x00000070   Code   RO          477    i.MX_TIM8_Init      tim.o
    0x08004cfc   0x08004cfc   0x00000038   Code   RO          524    i.MX_USART2_UART_Init  usart.o
    0x08004d34   0x08004d34   0x00000004   Code   RO          583    i.MemManage_Handler  stm32f4xx_it.o
    0x08004d38   0x08004d38   0x00000004   Code   RO          584    i.NMI_Handler       stm32f4xx_it.o
    0x08004d3c   0x08004d3c   0x00000002   Code   RO          585    i.PendSV_Handler    stm32f4xx_it.o
    0x08004d3e   0x08004d3e   0x00000002   PAD
    0x08004d40   0x08004d40   0x00000088   Code   RO         2479    i.SPI_EndRxTxTransaction  stm32f4xx_hal_spi.o
    0x08004dc8   0x08004dc8   0x000000d8   Code   RO         2484    i.SPI_WaitFlagStateUntilTimeout  stm32f4xx_hal_spi.o
    0x08004ea0   0x08004ea0   0x00000002   Code   RO          586    i.SVC_Handler       stm32f4xx_it.o
    0x08004ea2   0x08004ea2   0x00000008   Code   RO          587    i.SysTick_Handler   stm32f4xx_it.o
    0x08004eaa   0x08004eaa   0x00000002   PAD
    0x08004eac   0x08004eac   0x000000b4   Code   RO           14    i.SystemClock_Config  main.o
    0x08004f60   0x08004f60   0x00000014   Code   RO         4110    i.SystemInit        system_stm32f4xx.o
    0x08004f74   0x08004f74   0x00000010   Code   RO          588    i.TIM3_IRQHandler   stm32f4xx_it.o
    0x08004f84   0x08004f84   0x000000e8   Code   RO         2847    i.TIM_Base_SetConfig  stm32f4xx_hal_tim.o
    0x0800506c   0x0800506c   0x00000016   Code   RO         2858    i.TIM_ETR_SetConfig  stm32f4xx_hal_tim.o
    0x08005082   0x08005082   0x00000012   Code   RO         2859    i.TIM_ITRx_SetConfig  stm32f4xx_hal_tim.o
    0x08005094   0x08005094   0x00000026   Code   RO         2865    i.TIM_TI1_ConfigInputStage  stm32f4xx_hal_tim.o
    0x080050ba   0x080050ba   0x00000028   Code   RO         2867    i.TIM_TI2_ConfigInputStage  stm32f4xx_hal_tim.o
    0x080050e2   0x080050e2   0x00000014   Code   RO         3779    i.UART_DMAAbortOnError  stm32f4xx_hal_uart.o
    0x080050f6   0x080050f6   0x0000006c   Code   RO         3789    i.UART_EndRxTransfer  stm32f4xx_hal_uart.o
    0x08005162   0x08005162   0x00000020   Code   RO         3790    i.UART_EndTransmit_IT  stm32f4xx_hal_uart.o
    0x08005182   0x08005182   0x000000fc   Code   RO         3792    i.UART_Receive_IT   stm32f4xx_hal_uart.o
    0x0800527e   0x0800527e   0x00000002   PAD
    0x08005280   0x08005280   0x0000022c   Code   RO         3793    i.UART_SetConfig    stm32f4xx_hal_uart.o
    0x080054ac   0x080054ac   0x00000060   Code   RO         3796    i.UART_Transmit_IT  stm32f4xx_hal_uart.o
    0x0800550c   0x0800550c   0x0000008c   Code   RO         3797    i.UART_WaitOnFlagUntilTimeout  stm32f4xx_hal_uart.o
    0x08005598   0x08005598   0x00000010   Code   RO          589    i.USART2_IRQHandler  stm32f4xx_it.o
    0x080055a8   0x080055a8   0x00000004   Code   RO          590    i.UsageFault_Handler  stm32f4xx_it.o
    0x080055ac   0x080055ac   0x00000020   Code   RO         5259    i.__0printf         mc_w.l(printfa.o)
    0x080055cc   0x080055cc   0x00000026   Code   RO         5325    i.__ARM_fpclassifyf  m_wm.l(fpclassifyf.o)
    0x080055f2   0x080055f2   0x00000002   PAD
    0x080055f4   0x080055f4   0x00000010   Code   RO         1795    i.__NVIC_GetPriorityGrouping  stm32f4xx_hal_cortex.o
    0x08005604   0x08005604   0x00000028   Code   RO         1796    i.__NVIC_SetPriority  stm32f4xx_hal_cortex.o
    0x0800562c   0x0800562c   0x000002ac   Code   RO         4995    i.__hardfp_atan2f   m_wm.l(atan2f.o)
    0x080058d8   0x080058d8   0x0000003a   Code   RO         5007    i.__hardfp_sqrtf    m_wm.l(sqrtf.o)
    0x08005912   0x08005912   0x00000006   Code   RO         5329    i.__mathlib_flt_infnan2  m_wm.l(funder.o)
    0x08005918   0x08005918   0x00000010   Code   RO         5333    i.__mathlib_flt_underflow  m_wm.l(funder.o)
    0x08005928   0x08005928   0x0000000e   Code   RO         5392    i.__scatterload_copy  mc_w.l(handlers.o)
    0x08005936   0x08005936   0x00000002   Code   RO         5393    i.__scatterload_null  mc_w.l(handlers.o)
    0x08005938   0x08005938   0x0000000e   Code   RO         5394    i.__scatterload_zeroinit  mc_w.l(handlers.o)
    0x08005946   0x08005946   0x00000002   PAD
    0x08005948   0x08005948   0x0000000c   Code   RO         5374    i.__set_errno       mc_w.l(errno.o)
    0x08005954   0x08005954   0x00000184   Code   RO         5266    i._fp_digits        mc_w.l(printfa.o)
    0x08005ad8   0x08005ad8   0x000006b4   Code   RO         5267    i._printf_core      mc_w.l(printfa.o)
    0x0800618c   0x0800618c   0x00000024   Code   RO         5268    i._printf_post_padding  mc_w.l(printfa.o)
    0x080061b0   0x080061b0   0x0000002e   Code   RO         5269    i._printf_pre_padding  mc_w.l(printfa.o)
    0x080061de   0x080061de   0x00000002   PAD
    0x080061e0   0x080061e0   0x00000300   Code   RO         4576    i.arm_atan2_f32     arm_atan2_f32.o
    0x080064e0   0x080064e0   0x000000a4   Code   RO         4612    i.arm_cos_f32       arm_cos_f32.o
    0x08006584   0x08006584   0x000000a0   Code   RO         4636    i.arm_sin_f32       arm_sin_f32.o
    0x08006624   0x08006624   0x0000000c   Code   RO         4661    i.delay_init        delay.o
    0x08006630   0x08006630   0x00000012   Code   RO         4662    i.delay_ms          delay.o
    0x08006642   0x08006642   0x00000002   PAD
    0x08006644   0x08006644   0x00000048   Code   RO         4663    i.delay_us          delay.o
    0x0800668c   0x0800668c   0x00000068   Code   RO         4424    i.find_peaks        fft.o
    0x080066f4   0x080066f4   0x0000001c   Code   RO          526    i.fputc             usart.o
    0x08006710   0x08006710   0x00000050   Code   RO         5287    i.free              mc_w.l(malloc.o)
    0x08006760   0x08006760   0x000001f0   Code   RO         4525    i.getNewWaveLUT     dds.o
    0x08006950   0x08006950   0x0000004c   Code   RO         4425    i.interp_parabolic  fft.o
    0x0800699c   0x0800699c   0x00000494   Code   RO         4426    i.least_square      fft.o
    0x08006e30   0x08006e30   0x00000224   Code   RO           15    i.main              main.o
    0x08007054   0x08007054   0x0000006c   Code   RO         5288    i.malloc            mc_w.l(malloc.o)
    0x080070c0   0x080070c0   0x00000348   Code   RO         4427    i.process_signal    fft.o
    0x08007408   0x08007408   0x00000044   Code   RO         4526    i.setOffset         dds.o
    0x0800744c   0x0800744c   0x000000d0   Code   RO         4428    i.window_blackman   fft.o
    0x0800751c   0x0800751c   0x00000104   Code   RO         4429    i.window_blackmanHarris  fft.o
    0x08007620   0x08007620   0x0000009c   Code   RO         4430    i.window_hamming    fft.o
    0x080076bc   0x080076bc   0x00000098   Code   RO         4431    i.window_hanning    fft.o
    0x08007754   0x08007754   0x00000008   Data   RO         1509    .constdata          stm32f4xx_hal_dma.o
    0x0800775c   0x0800775c   0x00000018   Data   RO         4111    .constdata          system_stm32f4xx.o
    0x08007774   0x08007774   0x00000028   Data   RO         4577    .constdata          arm_atan2_f32.o
    0x0800779c   0x0800779c   0x0000004c   Data   RO           18    .conststring        main.o
    0x080077e8   0x080077e8   0x00000e10   Data   RO         4807    .rodata.armBitRevIndexTable1024  arm_cortexM4lf_math.lib(arm_common_tables.o)
    0x080085f8   0x080085f8   0x000001a0   Data   RO         4804    .rodata.armBitRevIndexTable128  arm_cortexM4lf_math.lib(arm_common_tables.o)
    0x08008798   0x08008798   0x00000028   Data   RO         4801    .rodata.armBitRevIndexTable16  arm_cortexM4lf_math.lib(arm_common_tables.o)
    0x080087c0   0x080087c0   0x00001dc0   Data   RO         4808    .rodata.armBitRevIndexTable2048  arm_cortexM4lf_math.lib(arm_common_tables.o)
    0x0800a580   0x0800a580   0x00000370   Data   RO         4805    .rodata.armBitRevIndexTable256  arm_cortexM4lf_math.lib(arm_common_tables.o)
    0x0800a8f0   0x0800a8f0   0x00000060   Data   RO         4802    .rodata.armBitRevIndexTable32  arm_cortexM4lf_math.lib(arm_common_tables.o)
    0x0800a950   0x0800a950   0x00001f80   Data   RO         4809    .rodata.armBitRevIndexTable4096  arm_cortexM4lf_math.lib(arm_common_tables.o)
    0x0800c8d0   0x0800c8d0   0x00000380   Data   RO         4806    .rodata.armBitRevIndexTable512  arm_cortexM4lf_math.lib(arm_common_tables.o)
    0x0800cc50   0x0800cc50   0x00000070   Data   RO         4803    .rodata.armBitRevIndexTable64  arm_cortexM4lf_math.lib(arm_common_tables.o)
    0x0800ccc0   0x0800ccc0   0x00000010   Data   RO         4936    .rodata.arm_cfft_sR_f32_len1024  arm_cortexM4lf_math.lib(arm_const_structs.o)
    0x0800ccd0   0x0800ccd0   0x00000010   Data   RO         4933    .rodata.arm_cfft_sR_f32_len128  arm_cortexM4lf_math.lib(arm_const_structs.o)
    0x0800cce0   0x0800cce0   0x00000010   Data   RO         4930    .rodata.arm_cfft_sR_f32_len16  arm_cortexM4lf_math.lib(arm_const_structs.o)
    0x0800ccf0   0x0800ccf0   0x00000010   Data   RO         4937    .rodata.arm_cfft_sR_f32_len2048  arm_cortexM4lf_math.lib(arm_const_structs.o)
    0x0800cd00   0x0800cd00   0x00000010   Data   RO         4934    .rodata.arm_cfft_sR_f32_len256  arm_cortexM4lf_math.lib(arm_const_structs.o)
    0x0800cd10   0x0800cd10   0x00000010   Data   RO         4931    .rodata.arm_cfft_sR_f32_len32  arm_cortexM4lf_math.lib(arm_const_structs.o)
    0x0800cd20   0x0800cd20   0x00000010   Data   RO         4938    .rodata.arm_cfft_sR_f32_len4096  arm_cortexM4lf_math.lib(arm_const_structs.o)
    0x0800cd30   0x0800cd30   0x00000010   Data   RO         4935    .rodata.arm_cfft_sR_f32_len512  arm_cortexM4lf_math.lib(arm_const_structs.o)
    0x0800cd40   0x0800cd40   0x00000010   Data   RO         4932    .rodata.arm_cfft_sR_f32_len64  arm_cortexM4lf_math.lib(arm_const_structs.o)
    0x0800cd50   0x0800cd50   0x00000804   Data   RO         4867    .rodata.sinTable_f32  arm_cortexM4lf_math.lib(arm_common_tables.o)
    0x0800d554   0x0800d554   0x00002000   Data   RO         4771    .rodata.twiddleCoef_1024  arm_cortexM4lf_math.lib(arm_common_tables.o)
    0x0800f554   0x0800f554   0x00000400   Data   RO         4768    .rodata.twiddleCoef_128  arm_cortexM4lf_math.lib(arm_common_tables.o)
    0x0800f954   0x0800f954   0x00000080   Data   RO         4765    .rodata.twiddleCoef_16  arm_cortexM4lf_math.lib(arm_common_tables.o)
    0x0800f9d4   0x0800f9d4   0x00004000   Data   RO         4772    .rodata.twiddleCoef_2048  arm_cortexM4lf_math.lib(arm_common_tables.o)
    0x080139d4   0x080139d4   0x00000800   Data   RO         4769    .rodata.twiddleCoef_256  arm_cortexM4lf_math.lib(arm_common_tables.o)
    0x080141d4   0x080141d4   0x00000100   Data   RO         4766    .rodata.twiddleCoef_32  arm_cortexM4lf_math.lib(arm_common_tables.o)
    0x080142d4   0x080142d4   0x00008000   Data   RO         4773    .rodata.twiddleCoef_4096  arm_cortexM4lf_math.lib(arm_common_tables.o)
    0x0801c2d4   0x0801c2d4   0x00001000   Data   RO         4770    .rodata.twiddleCoef_512  arm_cortexM4lf_math.lib(arm_common_tables.o)
    0x0801d2d4   0x0801d2d4   0x00000200   Data   RO         4767    .rodata.twiddleCoef_64  arm_cortexM4lf_math.lib(arm_common_tables.o)
    0x0801d4d4   0x0801d4d4   0x00001000   Data   RO         4832    .rodata.twiddleCoef_rfft_1024  arm_cortexM4lf_math.lib(arm_common_tables.o)
    0x0801e4d4   0x0801e4d4   0x00000200   Data   RO         4829    .rodata.twiddleCoef_rfft_128  arm_cortexM4lf_math.lib(arm_common_tables.o)
    0x0801e6d4   0x0801e6d4   0x00002000   Data   RO         4833    .rodata.twiddleCoef_rfft_2048  arm_cortexM4lf_math.lib(arm_common_tables.o)
    0x080206d4   0x080206d4   0x00000400   Data   RO         4830    .rodata.twiddleCoef_rfft_256  arm_cortexM4lf_math.lib(arm_common_tables.o)
    0x08020ad4   0x08020ad4   0x00000080   Data   RO         4827    .rodata.twiddleCoef_rfft_32  arm_cortexM4lf_math.lib(arm_common_tables.o)
    0x08020b54   0x08020b54   0x00004000   Data   RO         4834    .rodata.twiddleCoef_rfft_4096  arm_cortexM4lf_math.lib(arm_common_tables.o)
    0x08024b54   0x08024b54   0x00000800   Data   RO         4831    .rodata.twiddleCoef_rfft_512  arm_cortexM4lf_math.lib(arm_common_tables.o)
    0x08025354   0x08025354   0x00000100   Data   RO         4828    .rodata.twiddleCoef_rfft_64  arm_cortexM4lf_math.lib(arm_common_tables.o)
    0x08025454   0x08025454   0x00000020   Data   RO         5390    Region$$Table       anon$$obj.o


    Execution Region RW_IRAM1 (Exec base: 0x20000000, Load base: 0x08025474, Size: 0x00016ac8, Max: 0x0001c000, ABSOLUTE)

    Exec Addr    Load Addr    Size         Type   Attr      Idx    E Section Name        Object

    0x20000000   0x08025474   0x00000001   Data   RW           19    .data               main.o
    0x20000001   0x08025475   0x00000003   PAD
    0x20000004   0x08025478   0x00000009   Data   RW         1959    .data               stm32f4xx_hal.o
    0x2000000d   0x08025481   0x00000003   PAD
    0x20000010   0x08025484   0x00000004   Data   RW         4112    .data               system_stm32f4xx.o
    0x20000014   0x08025488   0x00000008   Data   RW         4433    .data               fft.o
    0x2000001c   0x08025490   0x00000004   Data   RW         4664    .data               delay.o
    0x20000020   0x08025494   0x00000004   Data   RW         5357    .data               mc_w.l(stdout.o)
    0x20000024   0x08025498   0x00000004   Data   RW         5370    .data               mc_w.l(mvars.o)
    0x20000028   0x0802549c   0x00000004   Data   RW         5371    .data               mc_w.l(mvars.o)
    0x2000002c   0x080254a0   0x00000004   Data   RW         5375    .data               mc_w.l(errno.o)
    0x20000030        -       0x00004000   Zero   RW           16    .bss                main.o
    0x20004030        -       0x000000a8   Zero   RW          327    .bss                adc.o
    0x200040d8        -       0x00000074   Zero   RW          369    .bss                dac.o
    0x2000414c        -       0x00000058   Zero   RW          435    .bss                spi.o
    0x200041a4        -       0x00000090   Zero   RW          478    .bss                tim.o
    0x20004234        -       0x00000048   Zero   RW          527    .bss                usart.o
    0x2000427c        -       0x00012030   Zero   RW         4432    .bss                fft.o
    0x200162ac        -       0x00000218   Zero   RW         4527    .bss                dds.o
    0x200164c4   0x080254a4   0x00000004   PAD
    0x200164c8        -       0x00000200   Zero   RW            2    HEAP                startup_stm32f407xx.o
    0x200166c8        -       0x00000400   Zero   RW            1    STACK               startup_stm32f407xx.o


    Execution Region RW_IRAM2 (Exec base: 0x2001c000, Load base: 0x080254a4, Size: 0x00000000, Max: 0x00004000, ABSOLUTE)

    **** No section assigned to this execution region ****


==============================================================================

Image component sizes


      Code (inc. data)   RO Data    RW Data    ZI Data      Debug   Object Name

       328         28          0          0        168       1831   adc.o
       768         24         40          0          0       7911   arm_atan2_f32.o
       164         14          0          0          0        802   arm_cos_f32.o
       160         14          0          0          0        802   arm_sin_f32.o
       264         30          0          0        116       1781   dac.o
       940         74          0          0        536       4802   dds.o
       114         10          0          4          0       2471   delay.o
       104          6          0          0          0        818   dma.o
      3276        266          0          8      73776      15560   fft.o
       324         18          0          0          0       1091   gpio.o
      1052         60          0          0          0       6101   ili9341.o
        16          0          0          0          0        479   lcdapi.o
       734         62         76          1      16384     732630   main.o
       204         22          0          0         88       1685   spi.o
        36          8        392          0       1536        840   startup_stm32f407xx.o
       172         32          0          9          0       8781   stm32f4xx_hal.o
      1814         66          0          0          0       8446   stm32f4xx_hal_adc.o
         2          0          0          0          0       1017   stm32f4xx_hal_adc_ex.o
       312         22          0          0          0      34367   stm32f4xx_hal_cortex.o
       632         26          0          0          0       7545   stm32f4xx_hal_dac.o
        64          0          0          0          0       4109   stm32f4xx_hal_dac_ex.o
      1436         16          8          0          0       7062   stm32f4xx_hal_dma.o
       532         46          0          0          0       2773   stm32f4xx_hal_gpio.o
        72          4          0          0          0        866   stm32f4xx_hal_msp.o
      1820         84          0          0          0       5640   stm32f4xx_hal_rcc.o
       998         14          0          0          0       4358   stm32f4xx_hal_spi.o
      1300         76          0          0          0      11088   stm32f4xx_hal_tim.o
       184         30          0          0          0       2541   stm32f4xx_hal_tim_ex.o
      2264         14          0          0          0      11636   stm32f4xx_hal_uart.o
       142         38          0          0          0       7813   stm32f4xx_it.o
        20          6         24          4          0       1139   system_stm32f4xx.o
       344         30          0          0        144       2419   tim.o
       236         30          0          0         72       2262   usart.o

    ----------------------------------------------------------------------
     20864       1170        572         32      92824     903466   Object Totals
         0          0         32          0          0          0   (incl. Generated)
        36          0          0          6          4          0   (incl. Padding)

    ----------------------------------------------------------------------

      Code (inc. data)   RO Data    RW Data    ZI Data      Debug   Library Member Name

        68          0          0          0          0       1792   arm_bitreversal2.o
      1652          0          0          0          0       7236   arm_cfft_f32.o
       180          0          0          0          0       1283   arm_cfft_init_f32.o
      1458          4          0          0          0       5452   arm_cfft_radix8_f32.o
       340          0          0          0          0       2270   arm_cmplx_mag_f32.o
         0          0     121820          0          0       6294   arm_common_tables.o
         0          0        144          0          0       4820   arm_const_structs.o
       430          0          0          0          0       3280   arm_rfft_fast_f32.o
       466          0          0          0          0       3844   arm_rfft_fast_init_f32.o
       684         90          0          0          0        208   atan2f.o
        38          0          0          0          0        116   fpclassifyf.o
        22          6          0          0          0        232   funder.o
        58          0          0          0          0        136   sqrtf.o
         0          0          0          0          0          0   entry.o
         0          0          0          0          0          0   entry10a.o
         0          0          0          0          0          0   entry11a.o
         4          0          0          0          0          0   entry12b.o
         8          4          0          0          0          0   entry2.o
         4          0          0          0          0          0   entry5.o
         0          0          0          0          0          0   entry7b.o
         0          0          0          0          0          0   entry8b.o
         8          4          0          0          0          0   entry9a.o
        12          6          0          4          0         68   errno.o
        30          0          0          0          0          0   handlers.o
        36          8          0          0          0         68   init.o
         0          0          0          0          0          0   iusefp.o
        30          0          0          0          0         68   llshl.o
        36          0          0          0          0         68   llsshr.o
        32          0          0          0          0         68   llushr.o
       188         20          0          0          0        160   malloc.o
        36          0          0          0          0        108   memseta.o
         0          0          0          8          0          0   mvars.o
      2218         90          0          0          0        464   printfa.o
         0          0          0          4          0          0   stdout.o
        44          0          0          0          0         80   uidiv.o
        98          0          0          0          0         92   uldiv.o
        48          0          0          0          0         68   cdrcmple.o
       334          0          0          0          0        148   dadd.o
       222          0          0          0          0        100   ddiv.o
       186          0          0          0          0        176   depilogue.o
        48          0          0          0          0         68   dfixul.o
       228          0          0          0          0         96   dmul.o
        38          0          0          0          0         68   f2d.o

    ----------------------------------------------------------------------
      9292        232     121964         16          0      38931   Library Totals
         8          0          0          0          0          0   (incl. Padding)

    ----------------------------------------------------------------------

      Code (inc. data)   RO Data    RW Data    ZI Data      Debug   Library Name

      4594          4     121964          0          0      36271   arm_cortexM4lf_math.lib
       802         96          0          0          0        692   m_wm.l
      2784        132          0         16          0       1244   mc_w.l
      1104          0          0          0          0        724   mf_w.l

    ----------------------------------------------------------------------
      9292        232     121964         16          0      38931   Library Totals

    ----------------------------------------------------------------------

==============================================================================


      Code (inc. data)   RO Data    RW Data    ZI Data      Debug   

     30156       1402     122536         48      92824     926569   Grand Totals
     30156       1402     122536         48      92824     926569   ELF Image Totals
     30156       1402     122536         48          0          0   ROM Totals

==============================================================================

    Total RO  Size (Code + RO Data)               152692 ( 149.11kB)
    Total RW  Size (RW Data + ZI Data)             92872 (  90.70kB)
    Total ROM Size (Code + RO Data + RW Data)     152740 ( 149.16kB)

==============================================================================

